<?xml version="1.0" encoding="utf-8"?>
<TestRun id="a2511b55-faaf-44e0-9350-4b9d697748e1" name="Admin@DESKTOP-CVGB6OE 2026-08-24 06:21:50" runUser="DESKTOP-CVGB6OE\Admin" xmlns="http://microsoft.com/schemas/VisualStudio/TeamTest/2010">
  <Times creation="2026-08-24T06:21:50.9350537+05:00" queuing="2026-08-24T06:21:50.9350540+05:00" start="2026-08-24T06:21:50.3020683+05:00" finish="2026-08-24T06:21:51.0410106+05:00" />
  <TestSettings name="default" id="befd940e-9dc8-40d8-9cc5-04815983f073">
    <Deployment runDeploymentRoot="Admin_DESKTOP-CVGB6OE_2026-08-24_06_21_50" />
  </TestSettings>
  <Results>
    <UnitTestResult executionId="32e1fdc1-6de0-434b-b667-293210fc8aa0" testId="a2b8e1ac-626a-b0ca-c204-86379e9c759d" testName="CanonicalClimateMutation_WithThermalAndCircuitsConsumers_PublishesOneProjectionAndOneDownstreamUpdate" computerName="DESKTOP-CVGB6OE" duration="00:00:00.0045410" startTime="2026-08-24T06:21:50.8901125+05:00" endTime="2026-08-24T06:21:50.8946532+05:00" testType="13cdc9d9-ddb5-4fa4-a97d-d965ccfc6d4b" outcome="Passed" testListId="8c84fa94-04c1-424b-9868-57a2d4851a1d" relativeResultsDirectory="32e1fdc1-6de0-434b-b667-293210fc8aa0" />
    <UnitTestResult executionId="42ca01a9-22dd-448b-af96-3a8273fe7290" testId="3c88e48f-323c-4638-91c1-469aef1727d4" testName="ThermalResultChangedViaContext_NotifiesThermalPropertiesAndRecalculates" computerName="DESKTOP-CVGB6OE" duration="00:00:00.0101130" startTime="2026-08-24T06:21:50.9696866+05:00" endTime="2026-08-24T06:21:50.9797993+05:00" testType="13cdc9d9-ddb5-4fa4-a97d-d965ccfc6d4b" outcome="Passed" testListId="8c84fa94-04c1-424b-9868-57a2d4851a1d" relativeResultsDirectory="42ca01a9-22dd-448b-af96-3a8273fe7290" />
    <UnitTestResult executionId="d6c1516b-29a0-4210-be87-cb5754fe66cd" testId="20751b5f-ebc2-2f94-0a1e-68b38768146c" testName="UpdateFromThermalModule_WhenResultIsNull_ResetsInputData" computerName="DESKTOP-CVGB6OE" duration="00:00:00.0009940" startTime="2026-08-24T06:21:50.9871981+05:00" endTime="2026-08-24T06:21:50.9881923+05:00" testType="13cdc9d9-ddb5-4fa4-a97d-d965ccfc6d4b" outcome="Passed" testListId="8c84fa94-04c1-424b-9868-57a2d4851a1d" relativeResultsDirectory="d6c1516b-29a0-4210-be87-cb5754fe66cd" />
    <UnitTestResult executionId="74fe7426-388d-46cd-9044-bf77368750da" testId="c9c370b9-2c37-c2cc-5012-cb2c6b139946" testName="InvalidThermalResult_DoesNotTriggerCalculate" computerName="DESKTOP-CVGB6OE" duration="00:00:00.0023890" startTime="2026-08-24T06:21:50.8983215+05:00" endTime="2026-08-24T06:21:50.9007107+05:00" testType="13cdc9d9-ddb5-4fa4-a97d-d965ccfc6d4b" outcome="Passed" testListId="8c84fa94-04c1-424b-9868-57a2d4851a1d" relativeResultsDirectory="74fe7426-388d-46cd-9044-bf77368750da" />
    <UnitTestResult executionId="c864cb00-262d-4af5-a803-7daaebdc772d" testId="798cd03d-f256-bbcc-7476-e1a5d3327039" testName="ThermalViewModel_PropertyChanged_SubscribedCorrectly" computerName="DESKTOP-CVGB6OE" duration="00:00:00.0014280" startTime="2026-08-24T06:21:50.9798211+05:00" endTime="2026-08-24T06:21:50.9812489+05:00" testType="13cdc9d9-ddb5-4fa4-a97d-d965ccfc6d4b" outcome="Passed" testListId="8c84fa94-04c1-424b-9868-57a2d4851a1d" relativeResultsDirectory="c864cb00-262d-4af5-a803-7daaebdc772d" />
    <UnitTestResult executionId="0adab814-c0d5-4f43-bd4d-60c5a9d8447e" testId="6028c9f6-59c7-a3c0-a95c-28e5fc85e0f3" testName="SequentialThermalChanges_TriggersSeparateCalculates" computerName="DESKTOP-CVGB6OE" duration="00:00:00.0018110" startTime="2026-08-24T06:21:50.9251682+05:00" endTime="2026-08-24T06:21:50.9269786+05:00" testType="13cdc9d9-ddb5-4fa4-a97d-d965ccfc6d4b" outcome="Passed" testListId="8c84fa94-04c1-424b-9868-57a2d4851a1d" relativeResultsDirectory="0adab814-c0d5-4f43-bd4d-60c5a9d8447e" />
    <UnitTestResult executionId="d884a207-a8ea-46df-9281-841851268057" testId="02ed2940-30d6-d9a4-5f14-fa9c339f10df" testName="OnThermalViewModelPropertyChanged_WhenPipeSpacingChanged_UpdatesCircuits" computerName="DESKTOP-CVGB6OE" duration="00:00:00.0017520" startTime="2026-08-24T06:21:50.9413487+05:00" endTime="2026-08-24T06:21:50.9431006+05:00" testType="13cdc9d9-ddb5-4fa4-a97d-d965ccfc6d4b" outcome="Passed" testListId="8c84fa94-04c1-424b-9868-57a2d4851a1d" relativeResultsDirectory="d884a207-a8ea-46df-9281-841851268057" />
    <UnitTestResult executionId="5ecafffd-026b-4cbf-91ac-ccfde707c385" testId="8e28e20e-8067-a938-1bfd-316c186fd00e" testName="UpdatePipeSpacingInCircuits_UpdatesAllCircuits" computerName="DESKTOP-CVGB6OE" duration="00:00:00.0016420" startTime="2026-08-24T06:21:50.9575683+05:00" endTime="2026-08-24T06:21:50.9592102+05:00" testType="13cdc9d9-ddb5-4fa4-a97d-d965ccfc6d4b" outcome="Passed" testListId="8c84fa94-04c1-424b-9868-57a2d4851a1d" relativeResultsDirectory="5ecafffd-026b-4cbf-91ac-ccfde707c385" />
    <UnitTestResult executionId="dbf14071-f285-42ab-aebd-56417dcd8af7" testId="5d02d106-5732-8240-240e-e713b4ea70b1" testName="MultiplePropertyChanges_ThermalAndClimate_TriggersSeparateCalculates" computerName="DESKTOP-CVGB6OE" duration="00:00:00.0019330" startTime="2026-08-24T06:21:50.9028603+05:00" endTime="2026-08-24T06:21:50.9047928+05:00" testType="13cdc9d9-ddb5-4fa4-a97d-d965ccfc6d4b" outcome="Passed" testListId="8c84fa94-04c1-424b-9868-57a2d4851a1d" relativeResultsDirectory="dbf14071-f285-42ab-aebd-56417dcd8af7" />
    <UnitTestResult executionId="4c7a091e-5a7f-4520-a018-692e1b96f6c9" testId="ad972a3a-8bc6-8476-299e-d3d01634ba0c" testName="UpdatePipeSpacingInCircuits_WithMultipleCollectors_UpdatesAll" computerName="DESKTOP-CVGB6OE" duration="00:00:00.0019000" startTime="2026-08-24T06:21:50.9592277+05:00" endTime="2026-08-24T06:21:50.9611274+05:00" testType="13cdc9d9-ddb5-4fa4-a97d-d965ccfc6d4b" outcome="Passed" testListId="8c84fa94-04c1-424b-9868-57a2d4851a1d" relativeResultsDirectory="4c7a091e-5a7f-4520-a018-692e1b96f6c9" />
    <UnitTestResult executionId="57b5ff3f-52b3-4d3a-8e1d-795bd7d23c27" testId="ac4b0b49-9f53-aab6-5461-bd658154155c" testName="UpdateFromClimateModule_TriggersSingleCalculate" computerName="DESKTOP-CVGB6OE" duration="00:00:00.0013850" startTime="2026-08-24T06:21:50.9269997+05:00" endTime="2026-08-24T06:21:50.9283846+05:00" testType="13cdc9d9-ddb5-4fa4-a97d-d965ccfc6d4b" outcome="Passed" testListId="8c84fa94-04c1-424b-9868-57a2d4851a1d" relativeResultsDirectory="57b5ff3f-52b3-4d3a-8e1d-795bd7d23c27" />
    <UnitTestResult executionId="c26401fa-4c7b-4a46-84a2-119e2023fdeb" testId="1d405487-dfc4-50b7-64dd-389d89b23641" testName="ThermalResultChanged_RecalculatesAllCollectors" computerName="DESKTOP-CVGB6OE" duration="00:00:00.0012320" startTime="2026-08-24T06:21:50.9684396+05:00" endTime="2026-08-24T06:21:50.9696717+05:00" testType="13cdc9d9-ddb5-4fa4-a97d-d965ccfc6d4b" outcome="Passed" testListId="8c84fa94-04c1-424b-9868-57a2d4851a1d" relativeResultsDirectory="c26401fa-4c7b-4a46-84a2-119e2023fdeb" />
    <UnitTestResult executionId="1654653a-23fd-4279-82df-7cdabda2f1f4" testId="812eb0f3-73ca-e2ff-afa4-2f298630e732" testName="AirTemperature_ExtremeValues_UpdatesCorrectly" computerName="DESKTOP-CVGB6OE" duration="00:00:00.0835640" startTime="2026-08-24T06:21:50.7663787+05:00" endTime="2026-08-24T06:21:50.8499148+05:00" testType="13cdc9d9-ddb5-4fa4-a97d-d965ccfc6d4b" outcome="Passed" testListId="8c84fa94-04c1-424b-9868-57a2d4851a1d" relativeResultsDirectory="1654653a-23fd-4279-82df-7cdabda2f1f4" />
    <UnitTestResult executionId="753e61ba-5bb5-47ee-91ce-85565262b12e" testId="fdf8d402-f402-11fe-4f34-360925bb6bbb" testName="SameThermalResult_DoesNotTriggerDuplicateCalculate" computerName="DESKTOP-CVGB6OE" duration="00:00:00.0019870" startTime="2026-08-24T06:21:50.9231579+05:00" endTime="2026-08-24T06:21:50.9251446+05:00" testType="13cdc9d9-ddb5-4fa4-a97d-d965ccfc6d4b" outcome="Passed" testListId="8c84fa94-04c1-424b-9868-57a2d4851a1d" relativeResultsDirectory="753e61ba-5bb5-47ee-91ce-85565262b12e" />
    <UnitTestResult executionId="1bf818f2-4dc4-4402-a9a1-010849e835ca" testId="7b8e8543-350f-5ea2-a219-de8f3cc243b7" testName="SameGlycolType_DoesNotTriggerDuplicateCalculate" computerName="DESKTOP-CVGB6OE" duration="00:00:00.0013290" startTime="2026-08-24T06:21:50.9218125+05:00" endTime="2026-08-24T06:21:50.9231408+05:00" testType="13cdc9d9-ddb5-4fa4-a97d-d965ccfc6d4b" outcome="Passed" testListId="8c84fa94-04c1-424b-9868-57a2d4851a1d" relativeResultsDirectory="1bf818f2-4dc4-4402-a9a1-010849e835ca" />
    <UnitTestResult executionId="4559257d-7187-46ae-92aa-b1be8bcc920b" testId="91e34339-aec2-e4fa-3779-034132007780" testName="DesignTemperatureValue_ReturnsCorrectValue" computerName="DESKTOP-CVGB6OE" duration="00:00:00.0018430" startTime="2026-08-24T06:21:50.8785422+05:00" endTime="2026-08-24T06:21:50.8803849+05:00" testType="13cdc9d9-ddb5-4fa4-a97d-d965ccfc6d4b" outcome="Passed" testListId="8c84fa94-04c1-424b-9868-57a2d4851a1d" relativeResultsDirectory="4559257d-7187-46ae-92aa-b1be8bcc920b" />
    <UnitTestResult executionId="72295111-2d55-42a2-b352-d3da6b3ac342" testId="90e5ac91-ea31-c384-67c0-046ba14ce665" testName="FullWorkflow_ThermalClimateGlycol_TriggersCorrectNumberOfCalculates" computerName="DESKTOP-CVGB6OE" duration="00:00:00.0036330" startTime="2026-08-24T06:21:50.8946708+05:00" endTime="2026-08-24T06:21:50.8983033+05:00" testType="13cdc9d9-ddb5-4fa4-a97d-d965ccfc6d4b" outcome="Passed" testListId="8c84fa94-04c1-424b-9868-57a2d4851a1d" relativeResultsDirectory="72295111-2d55-42a2-b352-d3da6b3ac342" />
    <UnitTestResult executionId="be1490c1-a0bd-47eb-9b9a-ac1e0bfc3785" testId="b7a132a7-d335-3800-1e86-38b75149f5b7" testName="ThermalViewModel_PipeSpacingChanged_RaisesPropertyChanged" computerName="DESKTOP-CVGB6OE" duration="00:00:00.0011970" startTime="2026-08-24T06:21:50.9552636+05:00" endTime="2026-08-24T06:21:50.9564604+05:00" testType="13cdc9d9-ddb5-4fa4-a97d-d965ccfc6d4b" outcome="Passed" testListId="8c84fa94-04c1-424b-9868-57a2d4851a1d" relativeResultsDirectory="be1490c1-a0bd-47eb-9b9a-ac1e0bfc3785" />
    <UnitTestResult executionId="041e28e9-c1c8-4c26-836c-fe9c327c957b" testId="f1717d2a-2773-544f-a439-914c5d3acae3" testName="PipeSpacing_UsedInCalculation" computerName="DESKTOP-CVGB6OE" duration="00:00:00.0018910" startTime="2026-08-24T06:21:50.9519282+05:00" endTime="2026-08-24T06:21:50.9538187+05:00" testType="13cdc9d9-ddb5-4fa4-a97d-d965ccfc6d4b" outcome="Passed" testListId="8c84fa94-04c1-424b-9868-57a2d4851a1d" relativeResultsDirectory="041e28e9-c1c8-4c26-836c-fe9c327c957b" />
    <UnitTestResult executionId="91ff8eb9-1fc4-4f67-90cb-45a10cbbdb00" testId="f9a6732c-f737-7320-d378-9f2b19e25160" testName="UpdateFromThermalModule_TriggersCalculate" computerName="DESKTOP-CVGB6OE" duration="00:00:00.0013690" startTime="2026-08-24T06:21:50.9826825+05:00" endTime="2026-08-24T06:21:50.9840515+05:00" testType="13cdc9d9-ddb5-4fa4-a97d-d965ccfc6d4b" outcome="Passed" testListId="8c84fa94-04c1-424b-9868-57a2d4851a1d" relativeResultsDirectory="91ff8eb9-1fc4-4f67-90cb-45a10cbbdb00" />
    <UnitTestResult executionId="7b0e6c50-f37a-4e4e-926e-4a4e5dd4d2a5" testId="3f7c9763-9d66-af69-4417-0116473c0783" testName="PipeSpacing_cm_DifferentValues_ReturnsCorrectValue" computerName="DESKTOP-CVGB6OE" duration="00:00:00.0014940" startTime="2026-08-24T06:21:50.9431212+05:00" endTime="2026-08-24T06:21:50.9446150+05:00" testType="13cdc9d9-ddb5-4fa4-a97d-d965ccfc6d4b" outcome="Passed" testListId="8c84fa94-04c1-424b-9868-57a2d4851a1d" relativeResultsDirectory="7b0e6c50-f37a-4e4e-926e-4a4e5dd4d2a5" />
    <UnitTestResult executionId="792fe5e4-fb43-4d50-9cf8-20103a7807bc" testId="03c023ef-dcfc-76f6-dcd2-01b00a867057" testName="Условный_T5Days-30_ZoneM15" computerName="DESKTOP-CVGB6OE" duration="00:00:00.0009290" startTime="2026-08-24T06:21:50.8743228+05:00" endTime="2026-08-24T06:21:50.8752520+05:00" testType="13cdc9d9-ddb5-4fa4-a97d-d965ccfc6d4b" outcome="Passed" testListId="8c84fa94-04c1-424b-9868-57a2d4851a1d" relativeResultsDirectory="792fe5e4-fb43-4d50-9cf8-20103a7807bc" />
    <UnitTestResult executionId="5b86fba8-06f5-44d9-8402-a7c0512f2503" testId="607cedd7-cf5e-91be-e440-7672d798f3f4" testName="OnThermalViewModelPropertyChanged_WhenResultChanged_TriggersUpdate" computerName="DESKTOP-CVGB6OE" duration="00:00:00.0009770" startTime="2026-08-24T06:21:50.9661711+05:00" endTime="2026-08-24T06:21:50.9671479+05:00" testType="13cdc9d9-ddb5-4fa4-a97d-d965ccfc6d4b" outcome="Passed" testListId="8c84fa94-04c1-424b-9868-57a2d4851a1d" relativeResultsDirectory="5b86fba8-06f5-44d9-8402-a7c0512f2503" />
    <UnitTestResult executionId="325b2a4d-d26d-4b21-899f-65720d682be2" testId="06ca1b33-e204-7399-02c0-eb0910950518" testName="UpdateFromThermalModule_WithNegativePowerDown_UpdatesInputData" computerName="DESKTOP-CVGB6OE" duration="00:00:00.0009780" startTime="2026-08-24T06:21:50.9892008+05:00" endTime="2026-08-24T06:21:50.9901791+05:00" testType="13cdc9d9-ddb5-4fa4-a97d-d965ccfc6d4b" outcome="Passed" testListId="8c84fa94-04c1-424b-9868-57a2d4851a1d" relativeResultsDirectory="325b2a4d-d26d-4b21-899f-65720d682be2" />
    <UnitTestResult executionId="d639f418-00dd-48d1-92ee-031af1663f4b" testId="c3d31794-154f-a177-b8e6-faef183a3664" testName="UnchangedPipeSpacing_HasZeroHydraulicsCalculations" computerName="DESKTOP-CVGB6OE" duration="00:00:00.0010740" startTime="2026-08-24T06:21:50.9564786+05:00" endTime="2026-08-24T06:21:50.9575525+05:00" testType="13cdc9d9-ddb5-4fa4-a97d-d965ccfc6d4b" outcome="Passed" testListId="8c84fa94-04c1-424b-9868-57a2d4851a1d" relativeResultsDirectory="d639f418-00dd-48d1-92ee-031af1663f4b" />
    <UnitTestResult executionId="cf0afe9b-2a03-4be1-8554-36378a702fa1" testId="f1518f04-8bcc-37d3-760e-27d146277a3f" testName="OnGlycolConcentrationChanged_TriggersSingleCalculate" computerName="DESKTOP-CVGB6OE" duration="00:00:00.0031520" startTime="2026-08-24T06:21:50.9067693+05:00" endTime="2026-08-24T06:21:50.9099205+05:00" testType="13cdc9d9-ddb5-4fa4-a97d-d965ccfc6d4b" outcome="Passed" testListId="8c84fa94-04c1-424b-9868-57a2d4851a1d" relativeResultsDirectory="cf0afe9b-2a03-4be1-8554-36378a702fa1" />
    <UnitTestResult executionId="bfe2b26e-b3a3-451f-89fa-2cf9ed620620" testId="80e332fa-2457-3ce2-de76-2f9a70753ec7" testName="SameClimateValue_DoesNotTriggerDuplicateCalculate" computerName="DESKTOP-CVGB6OE" duration="00:00:00.0013100" startTime="2026-08-24T06:21:50.9144575+05:00" endTime="2026-08-24T06:21:50.9157669+05:00" testType="13cdc9d9-ddb5-4fa4-a97d-d965ccfc6d4b" outcome="Passed" testListId="8c84fa94-04c1-424b-9868-57a2d4851a1d" relativeResultsDirectory="bfe2b26e-b3a3-451f-89fa-2cf9ed620620" />
    <UnitTestResult executionId="dc527e11-152f-4100-9be9-f08ec7bf54ac" testId="f4a900c1-41c2-69fb-39a0-70dbdc07201a" testName="Сочи_T5Days-5_ZoneM10" computerName="DESKTOP-CVGB6OE" duration="00:00:00.0017420" startTime="2026-08-24T06:21:50.8714102+05:00" endTime="2026-08-24T06:21:50.8731518+05:00" testType="13cdc9d9-ddb5-4fa4-a97d-d965ccfc6d4b" outcome="Passed" testListId="8c84fa94-04c1-424b-9868-57a2d4851a1d" relativeResultsDirectory="dc527e11-152f-4100-9be9-f08ec7bf54ac" />
    <UnitTestResult executionId="326da128-10cf-4623-865a-8ab5fe5356be" testId="d039037e-fb57-e484-8910-e57a6b1dddf8" testName="UpdateFromClimateModule_UpdatesDesignTemperatureFromAirTemperature" computerName="DESKTOP-CVGB6OE" duration="00:00:00.0012140" startTime="2026-08-24T06:21:50.8882161+05:00" endTime="2026-08-24T06:21:50.8894299+05:00" testType="13cdc9d9-ddb5-4fa4-a97d-d965ccfc6d4b" outcome="Passed" testListId="8c84fa94-04c1-424b-9868-57a2d4851a1d" relativeResultsDirectory="326da128-10cf-4623-865a-8ab5fe5356be" />
    <UnitTestResult executionId="64c931ee-75a0-4195-ba04-ea7d71fb8ba8" testId="c0c63f04-84cd-505f-54a6-8d97b88c661e" testName="MultiplePropertyChanges_GlycolTypeAndConcentration_TriggersSeparateCalculates" computerName="DESKTOP-CVGB6OE" duration="00:00:00.0021150" startTime="2026-08-24T06:21:50.9007286+05:00" endTime="2026-08-24T06:21:50.9028437+05:00" testType="13cdc9d9-ddb5-4fa4-a97d-d965ccfc6d4b" outcome="Passed" testListId="8c84fa94-04c1-424b-9868-57a2d4851a1d" relativeResultsDirectory="64c931ee-75a0-4195-ba04-ea7d71fb8ba8" />
    <UnitTestResult executionId="43d99b2c-5ac9-4d29-a5e1-b22f4f529e2a" testId="19525d88-eeb1-0c02-ee5f-a83fcc6ec11e" testName="OnGlycolTypeChanged_TriggersSingleCalculate" computerName="DESKTOP-CVGB6OE" duration="00:00:00.0026140" startTime="2026-08-24T06:21:50.9099471+05:00" endTime="2026-08-24T06:21:50.9125610+05:00" testType="13cdc9d9-ddb5-4fa4-a97d-d965ccfc6d4b" outcome="Passed" testListId="8c84fa94-04c1-424b-9868-57a2d4851a1d" relativeResultsDirectory="43d99b2c-5ac9-4d29-a5e1-b22f4f529e2a" />
    <UnitTestResult executionId="498b96ec-ea17-4ba3-965d-40ecb124631d" testId="e2ce670b-81cc-9dcb-987d-10de031ca238" testName="OnClimatePropertyChanged_WhenHumidityChanged_TriggersCalculate" computerName="DESKTOP-CVGB6OE" duration="00:00:00.0014900" startTime="2026-08-24T06:21:50.8867130+05:00" endTime="2026-08-24T06:21:50.8882034+05:00" testType="13cdc9d9-ddb5-4fa4-a97d-d965ccfc6d4b" outcome="Passed" testListId="8c84fa94-04c1-424b-9868-57a2d4851a1d" relativeResultsDirectory="498b96ec-ea17-4ba3-965d-40ecb124631d" />
    <UnitTestResult executionId="2c997b67-8e15-4b39-9fff-70f009532fbe" testId="588af757-c6dc-9c62-6d0f-5d3caac2bc29" testName="ThermalInputsChangedViaContext_NotifiesThermalProperties" computerName="DESKTOP-CVGB6OE" duration="00:00:00.0012620" startTime="2026-08-24T06:21:50.9671630+05:00" endTime="2026-08-24T06:21:50.9684245+05:00" testType="13cdc9d9-ddb5-4fa4-a97d-d965ccfc6d4b" outcome="Passed" testListId="8c84fa94-04c1-424b-9868-57a2d4851a1d" relativeResultsDirectory="2c997b67-8e15-4b39-9fff-70f009532fbe" />
    <UnitTestResult executionId="f72cc39f-bd84-4db7-a820-812b4e501f87" testId="844e5f02-8ff8-2cd9-e1cb-207bfd5f890a" testName="DesignTemperature_UpdatesWhenClimateChanges" computerName="DESKTOP-CVGB6OE" duration="00:00:00.0019260" startTime="2026-08-24T06:21:50.8694403+05:00" endTime="2026-08-24T06:21:50.8713655+05:00" testType="13cdc9d9-ddb5-4fa4-a97d-d965ccfc6d4b" outcome="Passed" testListId="8c84fa94-04c1-424b-9868-57a2d4851a1d" relativeResultsDirectory="f72cc39f-bd84-4db7-a820-812b4e501f87" />
    <UnitTestResult executionId="efbd88f6-18d7-4933-8bdd-fac623113de6" testId="357b38dc-6e5c-e799-fa05-9b3e76ecde6d" testName="OnClimatePropertyChanged_WhenAirTemperatureChanged_UpdatesDesignTemperature" computerName="DESKTOP-CVGB6OE" duration="00:00:00.0015540" startTime="2026-08-24T06:21:50.8851461+05:00" endTime="2026-08-24T06:21:50.8866997+05:00" testType="13cdc9d9-ddb5-4fa4-a97d-d965ccfc6d4b" outcome="Passed" testListId="8c84fa94-04c1-424b-9868-57a2d4851a1d" relativeResultsDirectory="efbd88f6-18d7-4933-8bdd-fac623113de6" />
    <UnitTestResult executionId="c59ee7fe-9dcc-4a2c-9db5-7be42fd1c168" testId="188f45eb-3d7f-1efa-7d40-83d182ab9859" testName="Норильск_T5Days-42_ZoneM20" computerName="DESKTOP-CVGB6OE" duration="00:00:00.0009700" startTime="2026-08-24T06:21:50.8752668+05:00" endTime="2026-08-24T06:21:50.8762362+05:00" testType="13cdc9d9-ddb5-4fa4-a97d-d965ccfc6d4b" outcome="Passed" testListId="8c84fa94-04c1-424b-9868-57a2d4851a1d" relativeResultsDirectory="c59ee7fe-9dcc-4a2c-9db5-7be42fd1c168" />
    <UnitTestResult executionId="539ed3ec-0f64-43b1-9388-21c37b99fee9" testId="a1f87043-ab10-3289-b307-4a539db03c08" testName="OnClimatePropertyChanged_WhenAirTemperatureChanged_RaisesPropertyChanged" computerName="DESKTOP-CVGB6OE" duration="00:00:00.0017210" startTime="2026-08-24T06:21:50.8803991+05:00" endTime="2026-08-24T06:21:50.8821200+05:00" testType="13cdc9d9-ddb5-4fa4-a97d-d965ccfc6d4b" outcome="Passed" testListId="8c84fa94-04c1-424b-9868-57a2d4851a1d" relativeResultsDirectory="539ed3ec-0f64-43b1-9388-21c37b99fee9" />
    <UnitTestResult executionId="c0a077ff-04d8-4b1e-97d4-eb760b2984b2" testId="78a13322-c5a5-46ac-e047-c67216676eec" testName="PipeSpacing_MinimumValue_UpdatesCorrectly" computerName="DESKTOP-CVGB6OE" duration="00:00:00.0013020" startTime="2026-08-24T06:21:50.9474849+05:00" endTime="2026-08-24T06:21:50.9487865+05:00" testType="13cdc9d9-ddb5-4fa4-a97d-d965ccfc6d4b" outcome="Passed" testListId="8c84fa94-04c1-424b-9868-57a2d4851a1d" relativeResultsDirectory="c0a077ff-04d8-4b1e-97d4-eb760b2984b2" />
    <UnitTestResult executionId="bd8650c7-46a7-4378-a31e-4e5863077dcf" testId="00d0800b-b833-f4c1-e66e-b6f5134483b6" testName="OnClimatePropertyChanged_WhenAirTemperatureChanged_TriggersCalculate" computerName="DESKTOP-CVGB6OE" duration="00:00:00.0029979" startTime="2026-08-24T06:21:50.8821325+05:00" endTime="2026-08-24T06:21:50.8851302+05:00" testType="13cdc9d9-ddb5-4fa4-a97d-d965ccfc6d4b" outcome="Passed" testListId="8c84fa94-04c1-424b-9868-57a2d4851a1d" relativeResultsDirectory="bd8650c7-46a7-4378-a31e-4e5863077dcf" />
    <UnitTestResult executionId="caf1b137-8989-49db-8027-95fd72df94f9" testId="91af1759-380d-056e-5f36-a1a6088b9f1b" testName="UpdateFromThermalModule_WhenPipeIsNull_DoesNotUpdateInnerDiameter" computerName="DESKTOP-CVGB6OE" duration="00:00:00.0009740" startTime="2026-08-24T06:21:50.9840678+05:00" endTime="2026-08-24T06:21:50.9850417+05:00" testType="13cdc9d9-ddb5-4fa4-a97d-d965ccfc6d4b" outcome="Passed" testListId="8c84fa94-04c1-424b-9868-57a2d4851a1d" relativeResultsDirectory="caf1b137-8989-49db-8027-95fd72df94f9" />
    <UnitTestResult executionId="f6a9dc96-6274-46cf-b5e4-54347b260566" testId="eb1c3057-977a-d5b4-4b18-8488d981d97b" testName="PipeSpacing_cm_ReturnsCorrectValue" computerName="DESKTOP-CVGB6OE" duration="00:00:00.0014590" startTime="2026-08-24T06:21:50.9446345+05:00" endTime="2026-08-24T06:21:50.9460932+05:00" testType="13cdc9d9-ddb5-4fa4-a97d-d965ccfc6d4b" outcome="Passed" testListId="8c84fa94-04c1-424b-9868-57a2d4851a1d" relativeResultsDirectory="f6a9dc96-6274-46cf-b5e4-54347b260566" />
    <UnitTestResult executionId="aa603c22-5236-4900-802f-74de1658c09b" testId="d15d17f0-0103-50dc-9e5d-5338ee0b2238" testName="UpdateFromThermalModule_WithZeroValues_UpdatesInputData" computerName="DESKTOP-CVGB6OE" duration="00:00:00.0010349" startTime="2026-08-24T06:21:50.9901925+05:00" endTime="2026-08-24T06:21:50.9912273+05:00" testType="13cdc9d9-ddb5-4fa4-a97d-d965ccfc6d4b" outcome="Passed" testListId="8c84fa94-04c1-424b-9868-57a2d4851a1d" relativeResultsDirectory="aa603c22-5236-4900-802f-74de1658c09b" />
    <UnitTestResult executionId="1bc8a162-4c02-4ae9-8472-2681e5798654" testId="6a7bf6c8-bc7e-facc-4e01-ccf6f553197c" testName="Москва_T5Days-23_ZoneM10" computerName="DESKTOP-CVGB6OE" duration="00:00:00.0011390" startTime="2026-08-24T06:21:50.8731677+05:00" endTime="2026-08-24T06:21:50.8743069+05:00" testType="13cdc9d9-ddb5-4fa4-a97d-d965ccfc6d4b" outcome="Passed" testListId="8c84fa94-04c1-424b-9868-57a2d4851a1d" relativeResultsDirectory="1bc8a162-4c02-4ae9-8472-2681e5798654" />
    <UnitTestResult executionId="07f85ddb-0928-4b50-a541-3e71bd89ec56" testId="c50295c8-6f8f-87d4-098c-498ace5e288f" testName="UpdateFromThermalModule_TriggersSingleCalculate" computerName="DESKTOP-CVGB6OE" duration="00:00:00.0017300" startTime="2026-08-24T06:21:50.9284027+05:00" endTime="2026-08-24T06:21:50.9301325+05:00" testType="13cdc9d9-ddb5-4fa4-a97d-d965ccfc6d4b" outcome="Passed" testListId="8c84fa94-04c1-424b-9868-57a2d4851a1d" relativeResultsDirectory="07f85ddb-0928-4b50-a541-3e71bd89ec56" />
    <UnitTestResult executionId="40a8c121-cb3e-47ad-b27f-cd5049943fec" testId="58ac5965-0dc8-0bad-3c30-8052b3797f4e" testName="ClimateChange_AfterThermalChange_Recalculates" computerName="DESKTOP-CVGB6OE" duration="00:00:00.0018460" startTime="2026-08-24T06:21:50.8559238+05:00" endTime="2026-08-24T06:21:50.8577691+05:00" testType="13cdc9d9-ddb5-4fa4-a97d-d965ccfc6d4b" outcome="Passed" testListId="8c84fa94-04c1-424b-9868-57a2d4851a1d" relativeResultsDirectory="40a8c121-cb3e-47ad-b27f-cd5049943fec" />
    <UnitTestResult executionId="1e94ec72-b57b-4806-908a-44d00496b2a0" testId="2b616ca3-5e3c-c4d1-dd5f-b41ecd669875" testName="ChangedPipeSpacing_UpdatesExactConsumersAndCalculatesOnce" computerName="DESKTOP-CVGB6OE" duration="00:00:00.0110940" startTime="2026-08-24T06:21:50.9302302+05:00" endTime="2026-08-24T06:21:50.9413237+05:00" testType="13cdc9d9-ddb5-4fa4-a97d-d965ccfc6d4b" outcome="Passed" testListId="8c84fa94-04c1-424b-9868-57a2d4851a1d" relativeResultsDirectory="1e94ec72-b57b-4806-908a-44d00496b2a0" />
    <UnitTestResult executionId="640b905c-93a0-4bef-908e-19e256864be9" testId="c231af7c-bf07-4a65-1266-0c5d47a2e93f" testName="UpdateFromThermalModule_WhenResultChanges_UpdatesInputData" computerName="DESKTOP-CVGB6OE" duration="00:00:00.0011570" startTime="2026-08-24T06:21:50.9850569+05:00" endTime="2026-08-24T06:21:50.9862141+05:00" testType="13cdc9d9-ddb5-4fa4-a97d-d965ccfc6d4b" outcome="Passed" testListId="8c84fa94-04c1-424b-9868-57a2d4851a1d" relativeResultsDirectory="640b905c-93a0-4bef-908e-19e256864be9" />
    <UnitTestResult executionId="6c65f31c-83f8-4b84-9228-ba935a32ffec" testId="3cf8ddf7-e671-7eeb-6037-397577a6b880" testName="PipeSpacing_NoCircuits_DoesNotThrow" computerName="DESKTOP-CVGB6OE" duration="00:00:00.0018240" startTime="2026-08-24T06:21:50.9488050+05:00" endTime="2026-08-24T06:21:50.9506283+05:00" testType="13cdc9d9-ddb5-4fa4-a97d-d965ccfc6d4b" outcome="Passed" testListId="8c84fa94-04c1-424b-9868-57a2d4851a1d" relativeResultsDirectory="6c65f31c-83f8-4b84-9228-ba935a32ffec" />
    <UnitTestResult executionId="331aa1e9-4168-4ce7-8bb1-40b44af3efe6" testId="47e7e7b7-1922-db45-8cec-1b40a528ca11" testName="NullThermalResult_DoesNotTriggerCalculate" computerName="DESKTOP-CVGB6OE" duration="00:00:00.0019460" startTime="2026-08-24T06:21:50.9048075+05:00" endTime="2026-08-24T06:21:50.9067531+05:00" testType="13cdc9d9-ddb5-4fa4-a97d-d965ccfc6d4b" outcome="Passed" testListId="8c84fa94-04c1-424b-9868-57a2d4851a1d" relativeResultsDirectory="331aa1e9-4168-4ce7-8bb1-40b44af3efe6" />
    <UnitTestResult executionId="c03ec70e-d21d-4870-a015-2cf12ba33437" testId="f76ce688-7364-78d1-28df-e4d974900bb6" testName="Сочи_HighRequirements_ZoneM20Plus" computerName="DESKTOP-CVGB6OE" duration="00:00:00.0012890" startTime="2026-08-24T06:21:50.8762457+05:00" endTime="2026-08-24T06:21:50.8775348+05:00" testType="13cdc9d9-ddb5-4fa4-a97d-d965ccfc6d4b" outcome="Passed" testListId="8c84fa94-04c1-424b-9868-57a2d4851a1d" relativeResultsDirectory="c03ec70e-d21d-4870-a015-2cf12ba33437" />
    <UnitTestResult executionId="d2caa24c-9328-49c2-9ff1-b36b3ddd8a61" testId="2cdf226f-b011-a298-2199-4abf816a77e7" testName="ClimateChanged_RecalculatesAllCollectors" computerName="DESKTOP-CVGB6OE" duration="00:00:00.0033780" startTime="2026-08-24T06:21:50.9612265+05:00" endTime="2026-08-24T06:21:50.9646042+05:00" testType="13cdc9d9-ddb5-4fa4-a97d-d965ccfc6d4b" outcome="Passed" testListId="8c84fa94-04c1-424b-9868-57a2d4851a1d" relativeResultsDirectory="d2caa24c-9328-49c2-9ff1-b36b3ddd8a61" />
    <UnitTestResult executionId="9acab995-9952-4a9d-9fbc-29982973ed36" testId="75b4c370-78d8-4b41-8a09-840ec0959c2f" testName="AirTemperature_SameValue_DoesNotTriggerDuplicateCalculate" computerName="DESKTOP-CVGB6OE" duration="00:00:00.0030160" startTime="2026-08-24T06:21:50.8505345+05:00" endTime="2026-08-24T06:21:50.8535507+05:00" testType="13cdc9d9-ddb5-4fa4-a97d-d965ccfc6d4b" outcome="Passed" testListId="8c84fa94-04c1-424b-9868-57a2d4851a1d" relativeResultsDirectory="9acab995-9952-4a9d-9fbc-29982973ed36" />
    <UnitTestResult executionId="24141349-781f-401e-935f-fd88c95e6b4a" testId="c402eeba-c8bc-e71b-31a2-dd4f848efef1" testName="PipeSpacing_MaximumValue_UpdatesCorrectly" computerName="DESKTOP-CVGB6OE" duration="00:00:00.0013550" startTime="2026-08-24T06:21:50.9461118+05:00" endTime="2026-08-24T06:21:50.9474671+05:00" testType="13cdc9d9-ddb5-4fa4-a97d-d965ccfc6d4b" outcome="Passed" testListId="8c84fa94-04c1-424b-9868-57a2d4851a1d" relativeResultsDirectory="24141349-781f-401e-935f-fd88c95e6b4a" />
    <UnitTestResult executionId="5ee221a4-615d-458c-b3e0-5704bc1cb944" testId="075d5f39-afaf-3fbb-96d7-693de979b8d6" testName="UpdateFromThermalModule_PreservesGlycolSettings" computerName="DESKTOP-CVGB6OE" duration="00:00:00.0014020" startTime="2026-08-24T06:21:50.9812641+05:00" endTime="2026-08-24T06:21:50.9826659+05:00" testType="13cdc9d9-ddb5-4fa4-a97d-d965ccfc6d4b" outcome="Passed" testListId="8c84fa94-04c1-424b-9868-57a2d4851a1d" relativeResultsDirectory="5ee221a4-615d-458c-b3e0-5704bc1cb944" />
    <UnitTestResult executionId="dbdafd07-a39e-4290-80a1-e5e57a936d62" testId="84ad8356-550f-9de2-2cd5-5f1138ca7388" testName="UpdateFromThermalModule_WhenSelectedPipeChanges_UpdatesInnerDiameter" computerName="DESKTOP-CVGB6OE" duration="00:00:00.0009820" startTime="2026-08-24T06:21:50.9882060+05:00" endTime="2026-08-24T06:21:50.9891874+05:00" testType="13cdc9d9-ddb5-4fa4-a97d-d965ccfc6d4b" outcome="Passed" testListId="8c84fa94-04c1-424b-9868-57a2d4851a1d" relativeResultsDirectory="dbdafd07-a39e-4290-80a1-e5e57a936d62" />
    <UnitTestResult executionId="aea542a5-a476-44bd-809a-1e48e997370e" testId="7749d6ad-2995-5afe-59d9-3b8031e4548e" testName="PipeSpacing_SameValue_DoesNotRaisePropertyChanged" computerName="DESKTOP-CVGB6OE" duration="00:00:00.0012610" startTime="2026-08-24T06:21:50.9506482+05:00" endTime="2026-08-24T06:21:50.9519088+05:00" testType="13cdc9d9-ddb5-4fa4-a97d-d965ccfc6d4b" outcome="Passed" testListId="8c84fa94-04c1-424b-9868-57a2d4851a1d" relativeResultsDirectory="aea542a5-a476-44bd-809a-1e48e997370e" />
    <UnitTestResult executionId="0c893daf-c9a3-43bc-a4e8-301d3dbeb727" testId="55006236-dde8-41b1-db5a-691ceaf1d024" testName="MultiplePropertyChanges_UpdatesAllInputDataFields" computerName="DESKTOP-CVGB6OE" duration="00:00:00.0015330" startTime="2026-08-24T06:21:50.9646224+05:00" endTime="2026-08-24T06:21:50.9661551+05:00" testType="13cdc9d9-ddb5-4fa4-a97d-d965ccfc6d4b" outcome="Passed" testListId="8c84fa94-04c1-424b-9868-57a2d4851a1d" relativeResultsDirectory="0c893daf-c9a3-43bc-a4e8-301d3dbeb727" />
    <UnitTestResult executionId="96ee6edb-f87b-4c08-b92c-0dd358a632c7" testId="67ab1439-65d4-4301-eafa-cfb15374476e" testName="ClimateViewModel_PropertyChanged_SubscribedCorrectly" computerName="DESKTOP-CVGB6OE" duration="00:00:00.0116329" startTime="2026-08-24T06:21:50.8577835+05:00" endTime="2026-08-24T06:21:50.8694164+05:00" testType="13cdc9d9-ddb5-4fa4-a97d-d965ccfc6d4b" outcome="Passed" testListId="8c84fa94-04c1-424b-9868-57a2d4851a1d" relativeResultsDirectory="96ee6edb-f87b-4c08-b92c-0dd358a632c7" />
    <UnitTestResult executionId="d399ab23-d4d0-43b4-8ff7-1df0314000e8" testId="7012d070-d06e-db66-32b0-358b3dcab2ce" testName="ClimateAndThermalChanges_BothUpdateInputData" computerName="DESKTOP-CVGB6OE" duration="00:00:00.0023379" startTime="2026-08-24T06:21:50.8535717+05:00" endTime="2026-08-24T06:21:50.8559090+05:00" testType="13cdc9d9-ddb5-4fa4-a97d-d965ccfc6d4b" outcome="Passed" testListId="8c84fa94-04c1-424b-9868-57a2d4851a1d" relativeResultsDirectory="d399ab23-d4d0-43b4-8ff7-1df0314000e8" />
    <UnitTestResult executionId="84b567cd-e360-4ae4-87f9-48363d1b1f13" testId="a9531e65-ed88-d395-2ff2-e9f89a746522" testName="SameGlycolConcentration_DoesNotTriggerDuplicateCalculate" computerName="DESKTOP-CVGB6OE" duration="00:00:00.0060060" startTime="2026-08-24T06:21:50.9157839+05:00" endTime="2026-08-24T06:21:50.9217897+05:00" testType="13cdc9d9-ddb5-4fa4-a97d-d965ccfc6d4b" outcome="Passed" testListId="8c84fa94-04c1-424b-9868-57a2d4851a1d" relativeResultsDirectory="84b567cd-e360-4ae4-87f9-48363d1b1f13" />
    <UnitTestResult executionId="76a8d2d1-5e06-4e22-ab75-810bd7887e65" testId="84efca96-f3c2-a005-a1ef-f6309ee96afe" testName="UpdateFromThermalModule_WhenResultInvalid_ResetsInputData" computerName="DESKTOP-CVGB6OE" duration="00:00:00.0009570" startTime="2026-08-24T06:21:50.9862283+05:00" endTime="2026-08-24T06:21:50.9871850+05:00" testType="13cdc9d9-ddb5-4fa4-a97d-d965ccfc6d4b" outcome="Passed" testListId="8c84fa94-04c1-424b-9868-57a2d4851a1d" relativeResultsDirectory="76a8d2d1-5e06-4e22-ab75-810bd7887e65" />
    <UnitTestResult executionId="79a3b44a-efd5-42a8-a587-caa8fda257d0" testId="339ea87e-6e56-a16e-ce31-e39d7f46dae7" testName="PipeSpacingChange_TriggersRecalculation" computerName="DESKTOP-CVGB6OE" duration="00:00:00.0014040" startTime="2026-08-24T06:21:50.9538384+05:00" endTime="2026-08-24T06:21:50.9552427+05:00" testType="13cdc9d9-ddb5-4fa4-a97d-d965ccfc6d4b" outcome="Passed" testListId="8c84fa94-04c1-424b-9868-57a2d4851a1d" relativeResultsDirectory="79a3b44a-efd5-42a8-a587-caa8fda257d0" />
    <UnitTestResult executionId="627d0f5a-f9aa-4fc5-ab75-8130858fa2b9" testId="efe8accd-ade1-eda5-e2ee-5d4e14b3f4cf" testName="RapidChanges_OnlyTriggersNecessaryCalculates" computerName="DESKTOP-CVGB6OE" duration="00:00:00.0018640" startTime="2026-08-24T06:21:50.9125797+05:00" endTime="2026-08-24T06:21:50.9144438+05:00" testType="13cdc9d9-ddb5-4fa4-a97d-d965ccfc6d4b" outcome="Passed" testListId="8c84fa94-04c1-424b-9868-57a2d4851a1d" relativeResultsDirectory="627d0f5a-f9aa-4fc5-ab75-8130858fa2b9" />
  </Results>
  <TestDefinitions>
    <UnitTest name="MultiplePropertyChanges_UpdatesAllInputDataFields" storage="d:\ia\3ace v.2\tests\snowmeltingcalculator.tests\bin\release\net8.0-windows\snowmeltingcalculator.tests.dll" id="55006236-dde8-41b1-db5a-691ceaf1d024">
      <Execution id="0c893daf-c9a3-43bc-a4e8-301d3dbeb727" />
      <TestMethod codeBase="D:\IA\3ace v.2\tests\SnowMeltingCalculator.Tests\bin\Release\net8.0-windows\SnowMeltingCalculator.Tests.dll" adapterTypeName="executor://nunit3testexecutor/" className="SnowMeltingCalculator.Tests.IntegrationTests.Hydraulics.ThermalToHydraulicsIntegrationTests" name="MultiplePropertyChanges_UpdatesAllInputDataFields" />
    </UnitTest>
    <UnitTest name="PipeSpacing_NoCircuits_DoesNotThrow" storage="d:\ia\3ace v.2\tests\snowmeltingcalculator.tests\bin\release\net8.0-windows\snowmeltingcalculator.tests.dll" id="3cf8ddf7-e671-7eeb-6037-397577a6b880">
      <Execution id="6c65f31c-83f8-4b84-9228-ba935a32ffec" />
      <TestMethod codeBase="D:\IA\3ace v.2\tests\SnowMeltingCalculator.Tests\bin\Release\net8.0-windows\SnowMeltingCalculator.Tests.dll" adapterTypeName="executor://nunit3testexecutor/" className="SnowMeltingCalculator.Tests.IntegrationTests.Hydraulics.PipeSpacingSynchronizationTests" name="PipeSpacing_NoCircuits_DoesNotThrow" />
    </UnitTest>
    <UnitTest name="SameThermalResult_DoesNotTriggerDuplicateCalculate" storage="d:\ia\3ace v.2\tests\snowmeltingcalculator.tests\bin\release\net8.0-windows\snowmeltingcalculator.tests.dll" id="fdf8d402-f402-11fe-4f34-360925bb6bbb">
      <Execution id="753e61ba-5bb5-47ee-91ce-85565262b12e" />
      <TestMethod codeBase="D:\IA\3ace v.2\tests\SnowMeltingCalculator.Tests\bin\Release\net8.0-windows\SnowMeltingCalculator.Tests.dll" adapterTypeName="executor://nunit3testexecutor/" className="SnowMeltingCalculator.Tests.IntegrationTests.Hydraulics.DoubleCalculationPreventionTests" name="SameThermalResult_DoesNotTriggerDuplicateCalculate" />
    </UnitTest>
    <UnitTest name="UpdateFromThermalModule_WhenResultChanges_UpdatesInputData" storage="d:\ia\3ace v.2\tests\snowmeltingcalculator.tests\bin\release\net8.0-windows\snowmeltingcalculator.tests.dll" id="c231af7c-bf07-4a65-1266-0c5d47a2e93f">
      <Execution id="640b905c-93a0-4bef-908e-19e256864be9" />
      <TestMethod codeBase="D:\IA\3ace v.2\tests\SnowMeltingCalculator.Tests\bin\Release\net8.0-windows\SnowMeltingCalculator.Tests.dll" adapterTypeName="executor://nunit3testexecutor/" className="SnowMeltingCalculator.Tests.IntegrationTests.Hydraulics.ThermalToHydraulicsIntegrationTests" name="UpdateFromThermalModule_WhenResultChanges_UpdatesInputData" />
    </UnitTest>
    <UnitTest name="OnClimatePropertyChanged_WhenHumidityChanged_TriggersCalculate" storage="d:\ia\3ace v.2\tests\snowmeltingcalculator.tests\bin\release\net8.0-windows\snowmeltingcalculator.tests.dll" id="e2ce670b-81cc-9dcb-987d-10de031ca238">
      <Execution id="498b96ec-ea17-4ba3-965d-40ecb124631d" />
      <TestMethod codeBase="D:\IA\3ace v.2\tests\SnowMeltingCalculator.Tests\bin\Release\net8.0-windows\SnowMeltingCalculator.Tests.dll" adapterTypeName="executor://nunit3testexecutor/" className="SnowMeltingCalculator.Tests.IntegrationTests.Hydraulics.ClimateToHydraulicsIntegrationTests" name="OnClimatePropertyChanged_WhenHumidityChanged_TriggersCalculate" />
    </UnitTest>
    <UnitTest name="UpdateFromThermalModule_TriggersSingleCalculate" storage="d:\ia\3ace v.2\tests\snowmeltingcalculator.tests\bin\release\net8.0-windows\snowmeltingcalculator.tests.dll" id="c50295c8-6f8f-87d4-098c-498ace5e288f">
      <Execution id="07f85ddb-0928-4b50-a541-3e71bd89ec56" />
      <TestMethod codeBase="D:\IA\3ace v.2\tests\SnowMeltingCalculator.Tests\bin\Release\net8.0-windows\SnowMeltingCalculator.Tests.dll" adapterTypeName="executor://nunit3testexecutor/" className="SnowMeltingCalculator.Tests.IntegrationTests.Hydraulics.DoubleCalculationPreventionTests" name="UpdateFromThermalModule_TriggersSingleCalculate" />
    </UnitTest>
    <UnitTest name="OnClimatePropertyChanged_WhenAirTemperatureChanged_TriggersCalculate" storage="d:\ia\3ace v.2\tests\snowmeltingcalculator.tests\bin\release\net8.0-windows\snowmeltingcalculator.tests.dll" id="00d0800b-b833-f4c1-e66e-b6f5134483b6">
      <Execution id="bd8650c7-46a7-4378-a31e-4e5863077dcf" />
      <TestMethod codeBase="D:\IA\3ace v.2\tests\SnowMeltingCalculator.Tests\bin\Release\net8.0-windows\SnowMeltingCalculator.Tests.dll" adapterTypeName="executor://nunit3testexecutor/" className="SnowMeltingCalculator.Tests.IntegrationTests.Hydraulics.ClimateToHydraulicsIntegrationTests" name="OnClimatePropertyChanged_WhenAirTemperatureChanged_TriggersCalculate" />
    </UnitTest>
    <UnitTest name="PipeSpacingChange_TriggersRecalculation" storage="d:\ia\3ace v.2\tests\snowmeltingcalculator.tests\bin\release\net8.0-windows\snowmeltingcalculator.tests.dll" id="339ea87e-6e56-a16e-ce31-e39d7f46dae7">
      <Execution id="79a3b44a-efd5-42a8-a587-caa8fda257d0" />
      <TestMethod codeBase="D:\IA\3ace v.2\tests\SnowMeltingCalculator.Tests\bin\Release\net8.0-windows\SnowMeltingCalculator.Tests.dll" adapterTypeName="executor://nunit3testexecutor/" className="SnowMeltingCalculator.Tests.IntegrationTests.Hydraulics.PipeSpacingSynchronizationTests" name="PipeSpacingChange_TriggersRecalculation" />
    </UnitTest>
    <UnitTest name="UpdateFromThermalModule_WhenSelectedPipeChanges_UpdatesInnerDiameter" storage="d:\ia\3ace v.2\tests\snowmeltingcalculator.tests\bin\release\net8.0-windows\snowmeltingcalculator.tests.dll" id="84ad8356-550f-9de2-2cd5-5f1138ca7388">
      <Execution id="dbdafd07-a39e-4290-80a1-e5e57a936d62" />
      <TestMethod codeBase="D:\IA\3ace v.2\tests\SnowMeltingCalculator.Tests\bin\Release\net8.0-windows\SnowMeltingCalculator.Tests.dll" adapterTypeName="executor://nunit3testexecutor/" className="SnowMeltingCalculator.Tests.IntegrationTests.Hydraulics.ThermalToHydraulicsIntegrationTests" name="UpdateFromThermalModule_WhenSelectedPipeChanges_UpdatesInnerDiameter" />
    </UnitTest>
    <UnitTest name="AirTemperature_SameValue_DoesNotTriggerDuplicateCalculate" storage="d:\ia\3ace v.2\tests\snowmeltingcalculator.tests\bin\release\net8.0-windows\snowmeltingcalculator.tests.dll" id="75b4c370-78d8-4b41-8a09-840ec0959c2f">
      <Execution id="9acab995-9952-4a9d-9fbc-29982973ed36" />
      <TestMethod codeBase="D:\IA\3ace v.2\tests\SnowMeltingCalculator.Tests\bin\Release\net8.0-windows\SnowMeltingCalculator.Tests.dll" adapterTypeName="executor://nunit3testexecutor/" className="SnowMeltingCalculator.Tests.IntegrationTests.Hydraulics.ClimateToHydraulicsIntegrationTests" name="AirTemperature_SameValue_DoesNotTriggerDuplicateCalculate" />
    </UnitTest>
    <UnitTest name="UpdateFromThermalModule_TriggersCalculate" storage="d:\ia\3ace v.2\tests\snowmeltingcalculator.tests\bin\release\net8.0-windows\snowmeltingcalculator.tests.dll" id="f9a6732c-f737-7320-d378-9f2b19e25160">
      <Execution id="91ff8eb9-1fc4-4f67-90cb-45a10cbbdb00" />
      <TestMethod codeBase="D:\IA\3ace v.2\tests\SnowMeltingCalculator.Tests\bin\Release\net8.0-windows\SnowMeltingCalculator.Tests.dll" adapterTypeName="executor://nunit3testexecutor/" className="SnowMeltingCalculator.Tests.IntegrationTests.Hydraulics.ThermalToHydraulicsIntegrationTests" name="UpdateFromThermalModule_TriggersCalculate" />
    </UnitTest>
    <UnitTest name="ClimateChange_AfterThermalChange_Recalculates" storage="d:\ia\3ace v.2\tests\snowmeltingcalculator.tests\bin\release\net8.0-windows\snowmeltingcalculator.tests.dll" id="58ac5965-0dc8-0bad-3c30-8052b3797f4e">
      <Execution id="40a8c121-cb3e-47ad-b27f-cd5049943fec" />
      <TestMethod codeBase="D:\IA\3ace v.2\tests\SnowMeltingCalculator.Tests\bin\Release\net8.0-windows\SnowMeltingCalculator.Tests.dll" adapterTypeName="executor://nunit3testexecutor/" className="SnowMeltingCalculator.Tests.IntegrationTests.Hydraulics.ClimateToHydraulicsIntegrationTests" name="ClimateChange_AfterThermalChange_Recalculates" />
    </UnitTest>
    <UnitTest name="SameGlycolType_DoesNotTriggerDuplicateCalculate" storage="d:\ia\3ace v.2\tests\snowmeltingcalculator.tests\bin\release\net8.0-windows\snowmeltingcalculator.tests.dll" id="7b8e8543-350f-5ea2-a219-de8f3cc243b7">
      <Execution id="1bf818f2-4dc4-4402-a9a1-010849e835ca" />
      <TestMethod codeBase="D:\IA\3ace v.2\tests\SnowMeltingCalculator.Tests\bin\Release\net8.0-windows\SnowMeltingCalculator.Tests.dll" adapterTypeName="executor://nunit3testexecutor/" className="SnowMeltingCalculator.Tests.IntegrationTests.Hydraulics.DoubleCalculationPreventionTests" name="SameGlycolType_DoesNotTriggerDuplicateCalculate" />
    </UnitTest>
    <UnitTest name="UpdateFromThermalModule_WhenResultInvalid_ResetsInputData" storage="d:\ia\3ace v.2\tests\snowmeltingcalculator.tests\bin\release\net8.0-windows\snowmeltingcalculator.tests.dll" id="84efca96-f3c2-a005-a1ef-f6309ee96afe">
      <Execution id="76a8d2d1-5e06-4e22-ab75-810bd7887e65" />
      <TestMethod codeBase="D:\IA\3ace v.2\tests\SnowMeltingCalculator.Tests\bin\Release\net8.0-windows\SnowMeltingCalculator.Tests.dll" adapterTypeName="executor://nunit3testexecutor/" className="SnowMeltingCalculator.Tests.IntegrationTests.Hydraulics.ThermalToHydraulicsIntegrationTests" name="UpdateFromThermalModule_WhenResultInvalid_ResetsInputData" />
    </UnitTest>
    <UnitTest name="OnThermalViewModelPropertyChanged_WhenPipeSpacingChanged_UpdatesCircuits" storage="d:\ia\3ace v.2\tests\snowmeltingcalculator.tests\bin\release\net8.0-windows\snowmeltingcalculator.tests.dll" id="02ed2940-30d6-d9a4-5f14-fa9c339f10df">
      <Execution id="d884a207-a8ea-46df-9281-841851268057" />
      <TestMethod codeBase="D:\IA\3ace v.2\tests\SnowMeltingCalculator.Tests\bin\Release\net8.0-windows\SnowMeltingCalculator.Tests.dll" adapterTypeName="executor://nunit3testexecutor/" className="SnowMeltingCalculator.Tests.IntegrationTests.Hydraulics.PipeSpacingSynchronizationTests" name="OnThermalViewModelPropertyChanged_WhenPipeSpacingChanged_UpdatesCircuits" />
    </UnitTest>
    <UnitTest name="RapidChanges_OnlyTriggersNecessaryCalculates" storage="d:\ia\3ace v.2\tests\snowmeltingcalculator.tests\bin\release\net8.0-windows\snowmeltingcalculator.tests.dll" id="efe8accd-ade1-eda5-e2ee-5d4e14b3f4cf">
      <Execution id="627d0f5a-f9aa-4fc5-ab75-8130858fa2b9" />
      <TestMethod codeBase="D:\IA\3ace v.2\tests\SnowMeltingCalculator.Tests\bin\Release\net8.0-windows\SnowMeltingCalculator.Tests.dll" adapterTypeName="executor://nunit3testexecutor/" className="SnowMeltingCalculator.Tests.IntegrationTests.Hydraulics.DoubleCalculationPreventionTests" name="RapidChanges_OnlyTriggersNecessaryCalculates" />
    </UnitTest>
    <UnitTest name="OnClimatePropertyChanged_WhenAirTemperatureChanged_RaisesPropertyChanged" storage="d:\ia\3ace v.2\tests\snowmeltingcalculator.tests\bin\release\net8.0-windows\snowmeltingcalculator.tests.dll" id="a1f87043-ab10-3289-b307-4a539db03c08">
      <Execution id="539ed3ec-0f64-43b1-9388-21c37b99fee9" />
      <TestMethod codeBase="D:\IA\3ace v.2\tests\SnowMeltingCalculator.Tests\bin\Release\net8.0-windows\SnowMeltingCalculator.Tests.dll" adapterTypeName="executor://nunit3testexecutor/" className="SnowMeltingCalculator.Tests.IntegrationTests.Hydraulics.ClimateToHydraulicsIntegrationTests" name="OnClimatePropertyChanged_WhenAirTemperatureChanged_RaisesPropertyChanged" />
    </UnitTest>
    <UnitTest name="UpdateFromThermalModule_WhenResultIsNull_ResetsInputData" storage="d:\ia\3ace v.2\tests\snowmeltingcalculator.tests\bin\release\net8.0-windows\snowmeltingcalculator.tests.dll" id="20751b5f-ebc2-2f94-0a1e-68b38768146c">
      <Execution id="d6c1516b-29a0-4210-be87-cb5754fe66cd" />
      <TestMethod codeBase="D:\IA\3ace v.2\tests\SnowMeltingCalculator.Tests\bin\Release\net8.0-windows\SnowMeltingCalculator.Tests.dll" adapterTypeName="executor://nunit3testexecutor/" className="SnowMeltingCalculator.Tests.IntegrationTests.Hydraulics.ThermalToHydraulicsIntegrationTests" name="UpdateFromThermalModule_WhenResultIsNull_ResetsInputData" />
    </UnitTest>
    <UnitTest name="ThermalInputsChangedViaContext_NotifiesThermalProperties" storage="d:\ia\3ace v.2\tests\snowmeltingcalculator.tests\bin\release\net8.0-windows\snowmeltingcalculator.tests.dll" id="588af757-c6dc-9c62-6d0f-5d3caac2bc29">
      <Execution id="2c997b67-8e15-4b39-9fff-70f009532fbe" />
      <TestMethod codeBase="D:\IA\3ace v.2\tests\SnowMeltingCalculator.Tests\bin\Release\net8.0-windows\SnowMeltingCalculator.Tests.dll" adapterTypeName="executor://nunit3testexecutor/" className="SnowMeltingCalculator.Tests.IntegrationTests.Hydraulics.ThermalToHydraulicsIntegrationTests" name="ThermalInputsChangedViaContext_NotifiesThermalProperties" />
    </UnitTest>
    <UnitTest name="ThermalResultChanged_RecalculatesAllCollectors" storage="d:\ia\3ace v.2\tests\snowmeltingcalculator.tests\bin\release\net8.0-windows\snowmeltingcalculator.tests.dll" id="1d405487-dfc4-50b7-64dd-389d89b23641">
      <Execution id="c26401fa-4c7b-4a46-84a2-119e2023fdeb" />
      <TestMethod codeBase="D:\IA\3ace v.2\tests\SnowMeltingCalculator.Tests\bin\Release\net8.0-windows\SnowMeltingCalculator.Tests.dll" adapterTypeName="executor://nunit3testexecutor/" className="SnowMeltingCalculator.Tests.IntegrationTests.Hydraulics.ThermalToHydraulicsIntegrationTests" name="ThermalResultChanged_RecalculatesAllCollectors" />
    </UnitTest>
    <UnitTest name="ClimateAndThermalChanges_BothUpdateInputData" storage="d:\ia\3ace v.2\tests\snowmeltingcalculator.tests\bin\release\net8.0-windows\snowmeltingcalculator.tests.dll" id="7012d070-d06e-db66-32b0-358b3dcab2ce">
      <Execution id="d399ab23-d4d0-43b4-8ff7-1df0314000e8" />
      <TestMethod codeBase="D:\IA\3ace v.2\tests\SnowMeltingCalculator.Tests\bin\Release\net8.0-windows\SnowMeltingCalculator.Tests.dll" adapterTypeName="executor://nunit3testexecutor/" className="SnowMeltingCalculator.Tests.IntegrationTests.Hydraulics.ClimateToHydraulicsIntegrationTests" name="ClimateAndThermalChanges_BothUpdateInputData" />
    </UnitTest>
    <UnitTest name="PipeSpacing_cm_DifferentValues_ReturnsCorrectValue" storage="d:\ia\3ace v.2\tests\snowmeltingcalculator.tests\bin\release\net8.0-windows\snowmeltingcalculator.tests.dll" id="3f7c9763-9d66-af69-4417-0116473c0783">
      <Execution id="7b0e6c50-f37a-4e4e-926e-4a4e5dd4d2a5" />
      <TestMethod codeBase="D:\IA\3ace v.2\tests\SnowMeltingCalculator.Tests\bin\Release\net8.0-windows\SnowMeltingCalculator.Tests.dll" adapterTypeName="executor://nunit3testexecutor/" className="SnowMeltingCalculator.Tests.IntegrationTests.Hydraulics.PipeSpacingSynchronizationTests" name="PipeSpacing_cm_DifferentValues_ReturnsCorrectValue" />
    </UnitTest>
    <UnitTest name="MultiplePropertyChanges_GlycolTypeAndConcentration_TriggersSeparateCalculates" storage="d:\ia\3ace v.2\tests\snowmeltingcalculator.tests\bin\release\net8.0-windows\snowmeltingcalculator.tests.dll" id="c0c63f04-84cd-505f-54a6-8d97b88c661e">
      <Execution id="64c931ee-75a0-4195-ba04-ea7d71fb8ba8" />
      <TestMethod codeBase="D:\IA\3ace v.2\tests\SnowMeltingCalculator.Tests\bin\Release\net8.0-windows\SnowMeltingCalculator.Tests.dll" adapterTypeName="executor://nunit3testexecutor/" className="SnowMeltingCalculator.Tests.IntegrationTests.Hydraulics.DoubleCalculationPreventionTests" name="MultiplePropertyChanges_GlycolTypeAndConcentration_TriggersSeparateCalculates" />
    </UnitTest>
    <UnitTest name="SequentialThermalChanges_TriggersSeparateCalculates" storage="d:\ia\3ace v.2\tests\snowmeltingcalculator.tests\bin\release\net8.0-windows\snowmeltingcalculator.tests.dll" id="6028c9f6-59c7-a3c0-a95c-28e5fc85e0f3">
      <Execution id="0adab814-c0d5-4f43-bd4d-60c5a9d8447e" />
      <TestMethod codeBase="D:\IA\3ace v.2\tests\SnowMeltingCalculator.Tests\bin\Release\net8.0-windows\SnowMeltingCalculator.Tests.dll" adapterTypeName="executor://nunit3testexecutor/" className="SnowMeltingCalculator.Tests.IntegrationTests.Hydraulics.DoubleCalculationPreventionTests" name="SequentialThermalChanges_TriggersSeparateCalculates" />
    </UnitTest>
    <UnitTest name="SameGlycolConcentration_DoesNotTriggerDuplicateCalculate" storage="d:\ia\3ace v.2\tests\snowmeltingcalculator.tests\bin\release\net8.0-windows\snowmeltingcalculator.tests.dll" id="a9531e65-ed88-d395-2ff2-e9f89a746522">
      <Execution id="84b567cd-e360-4ae4-87f9-48363d1b1f13" />
      <TestMethod codeBase="D:\IA\3ace v.2\tests\SnowMeltingCalculator.Tests\bin\Release\net8.0-windows\SnowMeltingCalculator.Tests.dll" adapterTypeName="executor://nunit3testexecutor/" className="SnowMeltingCalculator.Tests.IntegrationTests.Hydraulics.DoubleCalculationPreventionTests" name="SameGlycolConcentration_DoesNotTriggerDuplicateCalculate" />
    </UnitTest>
    <UnitTest name="ClimateViewModel_PropertyChanged_SubscribedCorrectly" storage="d:\ia\3ace v.2\tests\snowmeltingcalculator.tests\bin\release\net8.0-windows\snowmeltingcalculator.tests.dll" id="67ab1439-65d4-4301-eafa-cfb15374476e">
      <Execution id="96ee6edb-f87b-4c08-b92c-0dd358a632c7" />
      <TestMethod codeBase="D:\IA\3ace v.2\tests\SnowMeltingCalculator.Tests\bin\Release\net8.0-windows\SnowMeltingCalculator.Tests.dll" adapterTypeName="executor://nunit3testexecutor/" className="SnowMeltingCalculator.Tests.IntegrationTests.Hydraulics.ClimateToHydraulicsIntegrationTests" name="ClimateViewModel_PropertyChanged_SubscribedCorrectly" />
    </UnitTest>
    <UnitTest name="FullWorkflow_ThermalClimateGlycol_TriggersCorrectNumberOfCalculates" storage="d:\ia\3ace v.2\tests\snowmeltingcalculator.tests\bin\release\net8.0-windows\snowmeltingcalculator.tests.dll" id="90e5ac91-ea31-c384-67c0-046ba14ce665">
      <Execution id="72295111-2d55-42a2-b352-d3da6b3ac342" />
      <TestMethod codeBase="D:\IA\3ace v.2\tests\SnowMeltingCalculator.Tests\bin\Release\net8.0-windows\SnowMeltingCalculator.Tests.dll" adapterTypeName="executor://nunit3testexecutor/" className="SnowMeltingCalculator.Tests.IntegrationTests.Hydraulics.DoubleCalculationPreventionTests" name="FullWorkflow_ThermalClimateGlycol_TriggersCorrectNumberOfCalculates" />
    </UnitTest>
    <UnitTest name="CanonicalClimateMutation_WithThermalAndCircuitsConsumers_PublishesOneProjectionAndOneDownstreamUpdate" storage="d:\ia\3ace v.2\tests\snowmeltingcalculator.tests\bin\release\net8.0-windows\snowmeltingcalculator.tests.dll" id="a2b8e1ac-626a-b0ca-c204-86379e9c759d">
      <Execution id="32e1fdc1-6de0-434b-b667-293210fc8aa0" />
      <TestMethod codeBase="D:\IA\3ace v.2\tests\SnowMeltingCalculator.Tests\bin\Release\net8.0-windows\SnowMeltingCalculator.Tests.dll" adapterTypeName="executor://nunit3testexecutor/" className="SnowMeltingCalculator.Tests.IntegrationTests.Hydraulics.DoubleCalculationPreventionTests" name="CanonicalClimateMutation_WithThermalAndCircuitsConsumers_PublishesOneProjectionAndOneDownstreamUpdate" />
    </UnitTest>
    <UnitTest name="UpdateFromThermalModule_WithZeroValues_UpdatesInputData" storage="d:\ia\3ace v.2\tests\snowmeltingcalculator.tests\bin\release\net8.0-windows\snowmeltingcalculator.tests.dll" id="d15d17f0-0103-50dc-9e5d-5338ee0b2238">
      <Execution id="aa603c22-5236-4900-802f-74de1658c09b" />
      <TestMethod codeBase="D:\IA\3ace v.2\tests\SnowMeltingCalculator.Tests\bin\Release\net8.0-windows\SnowMeltingCalculator.Tests.dll" adapterTypeName="executor://nunit3testexecutor/" className="SnowMeltingCalculator.Tests.IntegrationTests.Hydraulics.ThermalToHydraulicsIntegrationTests" name="UpdateFromThermalModule_WithZeroValues_UpdatesInputData" />
    </UnitTest>
    <UnitTest name="Сочи_T5Days-5_ZoneM10" storage="d:\ia\3ace v.2\tests\snowmeltingcalculator.tests\bin\release\net8.0-windows\snowmeltingcalculator.tests.dll" id="f4a900c1-41c2-69fb-39a0-70dbdc07201a">
      <Execution id="dc527e11-152f-4100-9be9-f08ec7bf54ac" />
      <TestMethod codeBase="D:\IA\3ace v.2\tests\SnowMeltingCalculator.Tests\bin\Release\net8.0-windows\SnowMeltingCalculator.Tests.dll" adapterTypeName="executor://nunit3testexecutor/" className="SnowMeltingCalculator.Tests.IntegrationTests.Hydraulics.ClimateToHydraulicsIntegrationTests" name="Сочи_T5Days-5_ZoneM10" />
    </UnitTest>
    <UnitTest name="PipeSpacing_MaximumValue_UpdatesCorrectly" storage="d:\ia\3ace v.2\tests\snowmeltingcalculator.tests\bin\release\net8.0-windows\snowmeltingcalculator.tests.dll" id="c402eeba-c8bc-e71b-31a2-dd4f848efef1">
      <Execution id="24141349-781f-401e-935f-fd88c95e6b4a" />
      <TestMethod codeBase="D:\IA\3ace v.2\tests\SnowMeltingCalculator.Tests\bin\Release\net8.0-windows\SnowMeltingCalculator.Tests.dll" adapterTypeName="executor://nunit3testexecutor/" className="SnowMeltingCalculator.Tests.IntegrationTests.Hydraulics.PipeSpacingSynchronizationTests" name="PipeSpacing_MaximumValue_UpdatesCorrectly" />
    </UnitTest>
    <UnitTest name="UpdateFromThermalModule_WhenPipeIsNull_DoesNotUpdateInnerDiameter" storage="d:\ia\3ace v.2\tests\snowmeltingcalculator.tests\bin\release\net8.0-windows\snowmeltingcalculator.tests.dll" id="91af1759-380d-056e-5f36-a1a6088b9f1b">
      <Execution id="caf1b137-8989-49db-8027-95fd72df94f9" />
      <TestMethod codeBase="D:\IA\3ace v.2\tests\SnowMeltingCalculator.Tests\bin\Release\net8.0-windows\SnowMeltingCalculator.Tests.dll" adapterTypeName="executor://nunit3testexecutor/" className="SnowMeltingCalculator.Tests.IntegrationTests.Hydraulics.ThermalToHydraulicsIntegrationTests" name="UpdateFromThermalModule_WhenPipeIsNull_DoesNotUpdateInnerDiameter" />
    </UnitTest>
    <UnitTest name="PipeSpacing_UsedInCalculation" storage="d:\ia\3ace v.2\tests\snowmeltingcalculator.tests\bin\release\net8.0-windows\snowmeltingcalculator.tests.dll" id="f1717d2a-2773-544f-a439-914c5d3acae3">
      <Execution id="041e28e9-c1c8-4c26-836c-fe9c327c957b" />
      <TestMethod codeBase="D:\IA\3ace v.2\tests\SnowMeltingCalculator.Tests\bin\Release\net8.0-windows\SnowMeltingCalculator.Tests.dll" adapterTypeName="executor://nunit3testexecutor/" className="SnowMeltingCalculator.Tests.IntegrationTests.Hydraulics.PipeSpacingSynchronizationTests" name="PipeSpacing_UsedInCalculation" />
    </UnitTest>
    <UnitTest name="OnGlycolConcentrationChanged_TriggersSingleCalculate" storage="d:\ia\3ace v.2\tests\snowmeltingcalculator.tests\bin\release\net8.0-windows\snowmeltingcalculator.tests.dll" id="f1518f04-8bcc-37d3-760e-27d146277a3f">
      <Execution id="cf0afe9b-2a03-4be1-8554-36378a702fa1" />
      <TestMethod codeBase="D:\IA\3ace v.2\tests\SnowMeltingCalculator.Tests\bin\Release\net8.0-windows\SnowMeltingCalculator.Tests.dll" adapterTypeName="executor://nunit3testexecutor/" className="SnowMeltingCalculator.Tests.IntegrationTests.Hydraulics.DoubleCalculationPreventionTests" name="OnGlycolConcentrationChanged_TriggersSingleCalculate" />
    </UnitTest>
    <UnitTest name="ThermalViewModel_PipeSpacingChanged_RaisesPropertyChanged" storage="d:\ia\3ace v.2\tests\snowmeltingcalculator.tests\bin\release\net8.0-windows\snowmeltingcalculator.tests.dll" id="b7a132a7-d335-3800-1e86-38b75149f5b7">
      <Execution id="be1490c1-a0bd-47eb-9b9a-ac1e0bfc3785" />
      <TestMethod codeBase="D:\IA\3ace v.2\tests\SnowMeltingCalculator.Tests\bin\Release\net8.0-windows\SnowMeltingCalculator.Tests.dll" adapterTypeName="executor://nunit3testexecutor/" className="SnowMeltingCalculator.Tests.IntegrationTests.Hydraulics.PipeSpacingSynchronizationTests" name="ThermalViewModel_PipeSpacingChanged_RaisesPropertyChanged" />
    </UnitTest>
    <UnitTest name="PipeSpacing_MinimumValue_UpdatesCorrectly" storage="d:\ia\3ace v.2\tests\snowmeltingcalculator.tests\bin\release\net8.0-windows\snowmeltingcalculator.tests.dll" id="78a13322-c5a5-46ac-e047-c67216676eec">
      <Execution id="c0a077ff-04d8-4b1e-97d4-eb760b2984b2" />
      <TestMethod codeBase="D:\IA\3ace v.2\tests\SnowMeltingCalculator.Tests\bin\Release\net8.0-windows\SnowMeltingCalculator.Tests.dll" adapterTypeName="executor://nunit3testexecutor/" className="SnowMeltingCalculator.Tests.IntegrationTests.Hydraulics.PipeSpacingSynchronizationTests" name="PipeSpacing_MinimumValue_UpdatesCorrectly" />
    </UnitTest>
    <UnitTest name="Сочи_HighRequirements_ZoneM20Plus" storage="d:\ia\3ace v.2\tests\snowmeltingcalculator.tests\bin\release\net8.0-windows\snowmeltingcalculator.tests.dll" id="f76ce688-7364-78d1-28df-e4d974900bb6">
      <Execution id="c03ec70e-d21d-4870-a015-2cf12ba33437" />
      <TestMethod codeBase="D:\IA\3ace v.2\tests\SnowMeltingCalculator.Tests\bin\Release\net8.0-windows\SnowMeltingCalculator.Tests.dll" adapterTypeName="executor://nunit3testexecutor/" className="SnowMeltingCalculator.Tests.IntegrationTests.Hydraulics.ClimateToHydraulicsIntegrationTests" name="Сочи_HighRequirements_ZoneM20Plus" />
    </UnitTest>
    <UnitTest name="MultiplePropertyChanges_ThermalAndClimate_TriggersSeparateCalculates" storage="d:\ia\3ace v.2\tests\snowmeltingcalculator.tests\bin\release\net8.0-windows\snowmeltingcalculator.tests.dll" id="5d02d106-5732-8240-240e-e713b4ea70b1">
      <Execution id="dbf14071-f285-42ab-aebd-56417dcd8af7" />
      <TestMethod codeBase="D:\IA\3ace v.2\tests\SnowMeltingCalculator.Tests\bin\Release\net8.0-windows\SnowMeltingCalculator.Tests.dll" adapterTypeName="executor://nunit3testexecutor/" className="SnowMeltingCalculator.Tests.IntegrationTests.Hydraulics.DoubleCalculationPreventionTests" name="MultiplePropertyChanges_ThermalAndClimate_TriggersSeparateCalculates" />
    </UnitTest>
    <UnitTest name="UpdateFromClimateModule_UpdatesDesignTemperatureFromAirTemperature" storage="d:\ia\3ace v.2\tests\snowmeltingcalculator.tests\bin\release\net8.0-windows\snowmeltingcalculator.tests.dll" id="d039037e-fb57-e484-8910-e57a6b1dddf8">
      <Execution id="326da128-10cf-4623-865a-8ab5fe5356be" />
      <TestMethod codeBase="D:\IA\3ace v.2\tests\SnowMeltingCalculator.Tests\bin\Release\net8.0-windows\SnowMeltingCalculator.Tests.dll" adapterTypeName="executor://nunit3testexecutor/" className="SnowMeltingCalculator.Tests.IntegrationTests.Hydraulics.ClimateToHydraulicsIntegrationTests" name="UpdateFromClimateModule_UpdatesDesignTemperatureFromAirTemperature" />
    </UnitTest>
    <UnitTest name="DesignTemperatureValue_ReturnsCorrectValue" storage="d:\ia\3ace v.2\tests\snowmeltingcalculator.tests\bin\release\net8.0-windows\snowmeltingcalculator.tests.dll" id="91e34339-aec2-e4fa-3779-034132007780">
      <Execution id="4559257d-7187-46ae-92aa-b1be8bcc920b" />
      <TestMethod codeBase="D:\IA\3ace v.2\tests\SnowMeltingCalculator.Tests\bin\Release\net8.0-windows\SnowMeltingCalculator.Tests.dll" adapterTypeName="executor://nunit3testexecutor/" className="SnowMeltingCalculator.Tests.IntegrationTests.Hydraulics.ClimateToHydraulicsIntegrationTests" name="DesignTemperatureValue_ReturnsCorrectValue" />
    </UnitTest>
    <UnitTest name="Условный_T5Days-30_ZoneM15" storage="d:\ia\3ace v.2\tests\snowmeltingcalculator.tests\bin\release\net8.0-windows\snowmeltingcalculator.tests.dll" id="03c023ef-dcfc-76f6-dcd2-01b00a867057">
      <Execution id="792fe5e4-fb43-4d50-9cf8-20103a7807bc" />
      <TestMethod codeBase="D:\IA\3ace v.2\tests\SnowMeltingCalculator.Tests\bin\Release\net8.0-windows\SnowMeltingCalculator.Tests.dll" adapterTypeName="executor://nunit3testexecutor/" className="SnowMeltingCalculator.Tests.IntegrationTests.Hydraulics.ClimateToHydraulicsIntegrationTests" name="Условный_T5Days-30_ZoneM15" />
    </UnitTest>
    <UnitTest name="UpdateFromThermalModule_WithNegativePowerDown_UpdatesInputData" storage="d:\ia\3ace v.2\tests\snowmeltingcalculator.tests\bin\release\net8.0-windows\snowmeltingcalculator.tests.dll" id="06ca1b33-e204-7399-02c0-eb0910950518">
      <Execution id="325b2a4d-d26d-4b21-899f-65720d682be2" />
      <TestMethod codeBase="D:\IA\3ace v.2\tests\SnowMeltingCalculator.Tests\bin\Release\net8.0-windows\SnowMeltingCalculator.Tests.dll" adapterTypeName="executor://nunit3testexecutor/" className="SnowMeltingCalculator.Tests.IntegrationTests.Hydraulics.ThermalToHydraulicsIntegrationTests" name="UpdateFromThermalModule_WithNegativePowerDown_UpdatesInputData" />
    </UnitTest>
    <UnitTest name="NullThermalResult_DoesNotTriggerCalculate" storage="d:\ia\3ace v.2\tests\snowmeltingcalculator.tests\bin\release\net8.0-windows\snowmeltingcalculator.tests.dll" id="47e7e7b7-1922-db45-8cec-1b40a528ca11">
      <Execution id="331aa1e9-4168-4ce7-8bb1-40b44af3efe6" />
      <TestMethod codeBase="D:\IA\3ace v.2\tests\SnowMeltingCalculator.Tests\bin\Release\net8.0-windows\SnowMeltingCalculator.Tests.dll" adapterTypeName="executor://nunit3testexecutor/" className="SnowMeltingCalculator.Tests.IntegrationTests.Hydraulics.DoubleCalculationPreventionTests" name="NullThermalResult_DoesNotTriggerCalculate" />
    </UnitTest>
    <UnitTest name="UpdateFromThermalModule_PreservesGlycolSettings" storage="d:\ia\3ace v.2\tests\snowmeltingcalculator.tests\bin\release\net8.0-windows\snowmeltingcalculator.tests.dll" id="075d5f39-afaf-3fbb-96d7-693de979b8d6">
      <Execution id="5ee221a4-615d-458c-b3e0-5704bc1cb944" />
      <TestMethod codeBase="D:\IA\3ace v.2\tests\SnowMeltingCalculator.Tests\bin\Release\net8.0-windows\SnowMeltingCalculator.Tests.dll" adapterTypeName="executor://nunit3testexecutor/" className="SnowMeltingCalculator.Tests.IntegrationTests.Hydraulics.ThermalToHydraulicsIntegrationTests" name="UpdateFromThermalModule_PreservesGlycolSettings" />
    </UnitTest>
    <UnitTest name="UpdatePipeSpacingInCircuits_UpdatesAllCircuits" storage="d:\ia\3ace v.2\tests\snowmeltingcalculator.tests\bin\release\net8.0-windows\snowmeltingcalculator.tests.dll" id="8e28e20e-8067-a938-1bfd-316c186fd00e">
      <Execution id="5ecafffd-026b-4cbf-91ac-ccfde707c385" />
      <TestMethod codeBase="D:\IA\3ace v.2\tests\SnowMeltingCalculator.Tests\bin\Release\net8.0-windows\SnowMeltingCalculator.Tests.dll" adapterTypeName="executor://nunit3testexecutor/" className="SnowMeltingCalculator.Tests.IntegrationTests.Hydraulics.PipeSpacingSynchronizationTests" name="UpdatePipeSpacingInCircuits_UpdatesAllCircuits" />
    </UnitTest>
    <UnitTest name="ThermalViewModel_PropertyChanged_SubscribedCorrectly" storage="d:\ia\3ace v.2\tests\snowmeltingcalculator.tests\bin\release\net8.0-windows\snowmeltingcalculator.tests.dll" id="798cd03d-f256-bbcc-7476-e1a5d3327039">
      <Execution id="c864cb00-262d-4af5-a803-7daaebdc772d" />
      <TestMethod codeBase="D:\IA\3ace v.2\tests\SnowMeltingCalculator.Tests\bin\Release\net8.0-windows\SnowMeltingCalculator.Tests.dll" adapterTypeName="executor://nunit3testexecutor/" className="SnowMeltingCalculator.Tests.IntegrationTests.Hydraulics.ThermalToHydraulicsIntegrationTests" name="ThermalViewModel_PropertyChanged_SubscribedCorrectly" />
    </UnitTest>
    <UnitTest name="DesignTemperature_UpdatesWhenClimateChanges" storage="d:\ia\3ace v.2\tests\snowmeltingcalculator.tests\bin\release\net8.0-windows\snowmeltingcalculator.tests.dll" id="844e5f02-8ff8-2cd9-e1cb-207bfd5f890a">
      <Execution id="f72cc39f-bd84-4db7-a820-812b4e501f87" />
      <TestMethod codeBase="D:\IA\3ace v.2\tests\SnowMeltingCalculator.Tests\bin\Release\net8.0-windows\SnowMeltingCalculator.Tests.dll" adapterTypeName="executor://nunit3testexecutor/" className="SnowMeltingCalculator.Tests.IntegrationTests.Hydraulics.ClimateToHydraulicsIntegrationTests" name="DesignTemperature_UpdatesWhenClimateChanges" />
    </UnitTest>
    <UnitTest name="Москва_T5Days-23_ZoneM10" storage="d:\ia\3ace v.2\tests\snowmeltingcalculator.tests\bin\release\net8.0-windows\snowmeltingcalculator.tests.dll" id="6a7bf6c8-bc7e-facc-4e01-ccf6f553197c">
      <Execution id="1bc8a162-4c02-4ae9-8472-2681e5798654" />
      <TestMethod codeBase="D:\IA\3ace v.2\tests\SnowMeltingCalculator.Tests\bin\Release\net8.0-windows\SnowMeltingCalculator.Tests.dll" adapterTypeName="executor://nunit3testexecutor/" className="SnowMeltingCalculator.Tests.IntegrationTests.Hydraulics.ClimateToHydraulicsIntegrationTests" name="Москва_T5Days-23_ZoneM10" />
    </UnitTest>
    <UnitTest name="InvalidThermalResult_DoesNotTriggerCalculate" storage="d:\ia\3ace v.2\tests\snowmeltingcalculator.tests\bin\release\net8.0-windows\snowmeltingcalculator.tests.dll" id="c9c370b9-2c37-c2cc-5012-cb2c6b139946">
      <Execution id="74fe7426-388d-46cd-9044-bf77368750da" />
      <TestMethod codeBase="D:\IA\3ace v.2\tests\SnowMeltingCalculator.Tests\bin\Release\net8.0-windows\SnowMeltingCalculator.Tests.dll" adapterTypeName="executor://nunit3testexecutor/" className="SnowMeltingCalculator.Tests.IntegrationTests.Hydraulics.DoubleCalculationPreventionTests" name="InvalidThermalResult_DoesNotTriggerCalculate" />
    </UnitTest>
    <UnitTest name="ThermalResultChangedViaContext_NotifiesThermalPropertiesAndRecalculates" storage="d:\ia\3ace v.2\tests\snowmeltingcalculator.tests\bin\release\net8.0-windows\snowmeltingcalculator.tests.dll" id="3c88e48f-323c-4638-91c1-469aef1727d4">
      <Execution id="42ca01a9-22dd-448b-af96-3a8273fe7290" />
      <TestMethod codeBase="D:\IA\3ace v.2\tests\SnowMeltingCalculator.Tests\bin\Release\net8.0-windows\SnowMeltingCalculator.Tests.dll" adapterTypeName="executor://nunit3testexecutor/" className="SnowMeltingCalculator.Tests.IntegrationTests.Hydraulics.ThermalToHydraulicsIntegrationTests" name="ThermalResultChangedViaContext_NotifiesThermalPropertiesAndRecalculates" />
    </UnitTest>
    <UnitTest name="UpdateFromClimateModule_TriggersSingleCalculate" storage="d:\ia\3ace v.2\tests\snowmeltingcalculator.tests\bin\release\net8.0-windows\snowmeltingcalculator.tests.dll" id="ac4b0b49-9f53-aab6-5461-bd658154155c">
      <Execution id="57b5ff3f-52b3-4d3a-8e1d-795bd7d23c27" />
      <TestMethod codeBase="D:\IA\3ace v.2\tests\SnowMeltingCalculator.Tests\bin\Release\net8.0-windows\SnowMeltingCalculator.Tests.dll" adapterTypeName="executor://nunit3testexecutor/" className="SnowMeltingCalculator.Tests.IntegrationTests.Hydraulics.DoubleCalculationPreventionTests" name="UpdateFromClimateModule_TriggersSingleCalculate" />
    </UnitTest>
    <UnitTest name="OnThermalViewModelPropertyChanged_WhenResultChanged_TriggersUpdate" storage="d:\ia\3ace v.2\tests\snowmeltingcalculator.tests\bin\release\net8.0-windows\snowmeltingcalculator.tests.dll" id="607cedd7-cf5e-91be-e440-7672d798f3f4">
      <Execution id="5b86fba8-06f5-44d9-8402-a7c0512f2503" />
      <TestMethod codeBase="D:\IA\3ace v.2\tests\SnowMeltingCalculator.Tests\bin\Release\net8.0-windows\SnowMeltingCalculator.Tests.dll" adapterTypeName="executor://nunit3testexecutor/" className="SnowMeltingCalculator.Tests.IntegrationTests.Hydraulics.ThermalToHydraulicsIntegrationTests" name="OnThermalViewModelPropertyChanged_WhenResultChanged_TriggersUpdate" />
    </UnitTest>
    <UnitTest name="AirTemperature_ExtremeValues_UpdatesCorrectly" storage="d:\ia\3ace v.2\tests\snowmeltingcalculator.tests\bin\release\net8.0-windows\snowmeltingcalculator.tests.dll" id="812eb0f3-73ca-e2ff-afa4-2f298630e732">
      <Execution id="1654653a-23fd-4279-82df-7cdabda2f1f4" />
      <TestMethod codeBase="D:\IA\3ace v.2\tests\SnowMeltingCalculator.Tests\bin\Release\net8.0-windows\SnowMeltingCalculator.Tests.dll" adapterTypeName="executor://nunit3testexecutor/" className="SnowMeltingCalculator.Tests.IntegrationTests.Hydraulics.ClimateToHydraulicsIntegrationTests" name="AirTemperature_ExtremeValues_UpdatesCorrectly" />
    </UnitTest>
    <UnitTest name="PipeSpacing_SameValue_DoesNotRaisePropertyChanged" storage="d:\ia\3ace v.2\tests\snowmeltingcalculator.tests\bin\release\net8.0-windows\snowmeltingcalculator.tests.dll" id="7749d6ad-2995-5afe-59d9-3b8031e4548e">
      <Execution id="aea542a5-a476-44bd-809a-1e48e997370e" />
      <TestMethod codeBase="D:\IA\3ace v.2\tests\SnowMeltingCalculator.Tests\bin\Release\net8.0-windows\SnowMeltingCalculator.Tests.dll" adapterTypeName="executor://nunit3testexecutor/" className="SnowMeltingCalculator.Tests.IntegrationTests.Hydraulics.PipeSpacingSynchronizationTests" name="PipeSpacing_SameValue_DoesNotRaisePropertyChanged" />
    </UnitTest>
    <UnitTest name="ChangedPipeSpacing_UpdatesExactConsumersAndCalculatesOnce" storage="d:\ia\3ace v.2\tests\snowmeltingcalculator.tests\bin\release\net8.0-windows\snowmeltingcalculator.tests.dll" id="2b616ca3-5e3c-c4d1-dd5f-b41ecd669875">
      <Execution id="1e94ec72-b57b-4806-908a-44d00496b2a0" />
      <TestMethod codeBase="D:\IA\3ace v.2\tests\SnowMeltingCalculator.Tests\bin\Release\net8.0-windows\SnowMeltingCalculator.Tests.dll" adapterTypeName="executor://nunit3testexecutor/" className="SnowMeltingCalculator.Tests.IntegrationTests.Hydraulics.PipeSpacingSynchronizationTests" name="ChangedPipeSpacing_UpdatesExactConsumersAndCalculatesOnce" />
    </UnitTest>
    <UnitTest name="OnClimatePropertyChanged_WhenAirTemperatureChanged_UpdatesDesignTemperature" storage="d:\ia\3ace v.2\tests\snowmeltingcalculator.tests\bin\release\net8.0-windows\snowmeltingcalculator.tests.dll" id="357b38dc-6e5c-e799-fa05-9b3e76ecde6d">
      <Execution id="efbd88f6-18d7-4933-8bdd-fac623113de6" />
      <TestMethod codeBase="D:\IA\3ace v.2\tests\SnowMeltingCalculator.Tests\bin\Release\net8.0-windows\SnowMeltingCalculator.Tests.dll" adapterTypeName="executor://nunit3testexecutor/" className="SnowMeltingCalculator.Tests.IntegrationTests.Hydraulics.ClimateToHydraulicsIntegrationTests" name="OnClimatePropertyChanged_WhenAirTemperatureChanged_UpdatesDesignTemperature" />
    </UnitTest>
    <UnitTest name="SameClimateValue_DoesNotTriggerDuplicateCalculate" storage="d:\ia\3ace v.2\tests\snowmeltingcalculator.tests\bin\release\net8.0-windows\snowmeltingcalculator.tests.dll" id="80e332fa-2457-3ce2-de76-2f9a70753ec7">
      <Execution id="bfe2b26e-b3a3-451f-89fa-2cf9ed620620" />
      <TestMethod codeBase="D:\IA\3ace v.2\tests\SnowMeltingCalculator.Tests\bin\Release\net8.0-windows\SnowMeltingCalculator.Tests.dll" adapterTypeName="executor://nunit3testexecutor/" className="SnowMeltingCalculator.Tests.IntegrationTests.Hydraulics.DoubleCalculationPreventionTests" name="SameClimateValue_DoesNotTriggerDuplicateCalculate" />
    </UnitTest>
    <UnitTest name="Норильск_T5Days-42_ZoneM20" storage="d:\ia\3ace v.2\tests\snowmeltingcalculator.tests\bin\release\net8.0-windows\snowmeltingcalculator.tests.dll" id="188f45eb-3d7f-1efa-7d40-83d182ab9859">
      <Execution id="c59ee7fe-9dcc-4a2c-9db5-7be42fd1c168" />
      <TestMethod codeBase="D:\IA\3ace v.2\tests\SnowMeltingCalculator.Tests\bin\Release\net8.0-windows\SnowMeltingCalculator.Tests.dll" adapterTypeName="executor://nunit3testexecutor/" className="SnowMeltingCalculator.Tests.IntegrationTests.Hydraulics.ClimateToHydraulicsIntegrationTests" name="Норильск_T5Days-42_ZoneM20" />
    </UnitTest>
    <UnitTest name="PipeSpacing_cm_ReturnsCorrectValue" storage="d:\ia\3ace v.2\tests\snowmeltingcalculator.tests\bin\release\net8.0-windows\snowmeltingcalculator.tests.dll" id="eb1c3057-977a-d5b4-4b18-8488d981d97b">
      <Execution id="f6a9dc96-6274-46cf-b5e4-54347b260566" />
      <TestMethod codeBase="D:\IA\3ace v.2\tests\SnowMeltingCalculator.Tests\bin\Release\net8.0-windows\SnowMeltingCalculator.Tests.dll" adapterTypeName="executor://nunit3testexecutor/" className="SnowMeltingCalculator.Tests.IntegrationTests.Hydraulics.PipeSpacingSynchronizationTests" name="PipeSpacing_cm_ReturnsCorrectValue" />
    </UnitTest>
    <UnitTest name="OnGlycolTypeChanged_TriggersSingleCalculate" storage="d:\ia\3ace v.2\tests\snowmeltingcalculator.tests\bin\release\net8.0-windows\snowmeltingcalculator.tests.dll" id="19525d88-eeb1-0c02-ee5f-a83fcc6ec11e">
      <Execution id="43d99b2c-5ac9-4d29-a5e1-b22f4f529e2a" />
      <TestMethod codeBase="D:\IA\3ace v.2\tests\SnowMeltingCalculator.Tests\bin\Release\net8.0-windows\SnowMeltingCalculator.Tests.dll" adapterTypeName="executor://nunit3testexecutor/" className="SnowMeltingCalculator.Tests.IntegrationTests.Hydraulics.DoubleCalculationPreventionTests" name="OnGlycolTypeChanged_TriggersSingleCalculate" />
    </UnitTest>
    <UnitTest name="ClimateChanged_RecalculatesAllCollectors" storage="d:\ia\3ace v.2\tests\snowmeltingcalculator.tests\bin\release\net8.0-windows\snowmeltingcalculator.tests.dll" id="2cdf226f-b011-a298-2199-4abf816a77e7">
      <Execution id="d2caa24c-9328-49c2-9ff1-b36b3ddd8a61" />
      <TestMethod codeBase="D:\IA\3ace v.2\tests\SnowMeltingCalculator.Tests\bin\Release\net8.0-windows\SnowMeltingCalculator.Tests.dll" adapterTypeName="executor://nunit3testexecutor/" className="SnowMeltingCalculator.Tests.IntegrationTests.Hydraulics.ThermalToHydraulicsIntegrationTests" name="ClimateChanged_RecalculatesAllCollectors" />
    </UnitTest>
    <UnitTest name="UnchangedPipeSpacing_HasZeroHydraulicsCalculations" storage="d:\ia\3ace v.2\tests\snowmeltingcalculator.tests\bin\release\net8.0-windows\snowmeltingcalculator.tests.dll" id="c3d31794-154f-a177-b8e6-faef183a3664">
      <Execution id="d639f418-00dd-48d1-92ee-031af1663f4b" />
      <TestMethod codeBase="D:\IA\3ace v.2\tests\SnowMeltingCalculator.Tests\bin\Release\net8.0-windows\SnowMeltingCalculator.Tests.dll" adapterTypeName="executor://nunit3testexecutor/" className="SnowMeltingCalculator.Tests.IntegrationTests.Hydraulics.PipeSpacingSynchronizationTests" name="UnchangedPipeSpacing_HasZeroHydraulicsCalculations" />
    </UnitTest>
    <UnitTest name="UpdatePipeSpacingInCircuits_WithMultipleCollectors_UpdatesAll" storage="d:\ia\3ace v.2\tests\snowmeltingcalculator.tests\bin\release\net8.0-windows\snowmeltingcalculator.tests.dll" id="ad972a3a-8bc6-8476-299e-d3d01634ba0c">
      <Execution id="4c7a091e-5a7f-4520-a018-692e1b96f6c9" />
      <TestMethod codeBase="D:\IA\3ace v.2\tests\SnowMeltingCalculator.Tests\bin\Release\net8.0-windows\SnowMeltingCalculator.Tests.dll" adapterTypeName="executor://nunit3testexecutor/" className="SnowMeltingCalculator.Tests.IntegrationTests.Hydraulics.PipeSpacingSynchronizationTests" name="UpdatePipeSpacingInCircuits_WithMultipleCollectors_UpdatesAll" />
    </UnitTest>
  </TestDefinitions>
  <TestEntries>
    <TestEntry testId="a2b8e1ac-626a-b0ca-c204-86379e9c759d" executionId="32e1fdc1-6de0-434b-b667-293210fc8aa0" testListId="8c84fa94-04c1-424b-9868-57a2d4851a1d" />
    <TestEntry testId="3c88e48f-323c-4638-91c1-469aef1727d4" executionId="42ca01a9-22dd-448b-af96-3a8273fe7290" testListId="8c84fa94-04c1-424b-9868-57a2d4851a1d" />
    <TestEntry testId="20751b5f-ebc2-2f94-0a1e-68b38768146c" executionId="d6c1516b-29a0-4210-be87-cb5754fe66cd" testListId="8c84fa94-04c1-424b-9868-57a2d4851a1d" />
    <TestEntry testId="c9c370b9-2c37-c2cc-5012-cb2c6b139946" executionId="74fe7426-388d-46cd-9044-bf77368750da" testListId="8c84fa94-04c1-424b-9868-57a2d4851a1d" />
    <TestEntry testId="798cd03d-f256-bbcc-7476-e1a5d3327039" executionId="c864cb00-262d-4af5-a803-7daaebdc772d" testListId="8c84fa94-04c1-424b-9868-57a2d4851a1d" />
    <TestEntry testId="6028c9f6-59c7-a3c0-a95c-28e5fc85e0f3" executionId="0adab814-c0d5-4f43-bd4d-60c5a9d8447e" testListId="8c84fa94-04c1-424b-9868-57a2d4851a1d" />
    <TestEntry testId="02ed2940-30d6-d9a4-5f14-fa9c339f10df" executionId="d884a207-a8ea-46df-9281-841851268057" testListId="8c84fa94-04c1-424b-9868-57a2d4851a1d" />
    <TestEntry testId="8e28e20e-8067-a938-1bfd-316c186fd00e" executionId="5ecafffd-026b-4cbf-91ac-ccfde707c385" testListId="8c84fa94-04c1-424b-9868-57a2d4851a1d" />
    <TestEntry testId="5d02d106-5732-8240-240e-e713b4ea70b1" executionId="dbf14071-f285-42ab-aebd-56417dcd8af7" testListId="8c84fa94-04c1-424b-9868-57a2d4851a1d" />
    <TestEntry testId="ad972a3a-8bc6-8476-299e-d3d01634ba0c" executionId="4c7a091e-5a7f-4520-a018-692e1b96f6c9" testListId="8c84fa94-04c1-424b-9868-57a2d4851a1d" />
    <TestEntry testId="ac4b0b49-9f53-aab6-5461-bd658154155c" executionId="57b5ff3f-52b3-4d3a-8e1d-795bd7d23c27" testListId="8c84fa94-04c1-424b-9868-57a2d4851a1d" />
    <TestEntry testId="1d405487-dfc4-50b7-64dd-389d89b23641" executionId="c26401fa-4c7b-4a46-84a2-119e2023fdeb" testListId="8c84fa94-04c1-424b-9868-57a2d4851a1d" />
    <TestEntry testId="812eb0f3-73ca-e2ff-afa4-2f298630e732" executionId="1654653a-23fd-4279-82df-7cdabda2f1f4" testListId="8c84fa94-04c1-424b-9868-57a2d4851a1d" />
    <TestEntry testId="fdf8d402-f402-11fe-4f34-360925bb6bbb" executionId="753e61ba-5bb5-47ee-91ce-85565262b12e" testListId="8c84fa94-04c1-424b-9868-57a2d4851a1d" />
    <TestEntry testId="7b8e8543-350f-5ea2-a219-de8f3cc243b7" executionId="1bf818f2-4dc4-4402-a9a1-010849e835ca" testListId="8c84fa94-04c1-424b-9868-57a2d4851a1d" />
    <TestEntry testId="91e34339-aec2-e4fa-3779-034132007780" executionId="4559257d-7187-46ae-92aa-b1be8bcc920b" testListId="8c84fa94-04c1-424b-9868-57a2d4851a1d" />
    <TestEntry testId="90e5ac91-ea31-c384-67c0-046ba14ce665" executionId="72295111-2d55-42a2-b352-d3da6b3ac342" testListId="8c84fa94-04c1-424b-9868-57a2d4851a1d" />
    <TestEntry testId="b7a132a7-d335-3800-1e86-38b75149f5b7" executionId="be1490c1-a0bd-47eb-9b9a-ac1e0bfc3785" testListId="8c84fa94-04c1-424b-9868-57a2d4851a1d" />
    <TestEntry testId="f1717d2a-2773-544f-a439-914c5d3acae3" executionId="041e28e9-c1c8-4c26-836c-fe9c327c957b" testListId="8c84fa94-04c1-424b-9868-57a2d4851a1d" />
    <TestEntry testId="f9a6732c-f737-7320-d378-9f2b19e25160" executionId="91ff8eb9-1fc4-4f67-90cb-45a10cbbdb00" testListId="8c84fa94-04c1-424b-9868-57a2d4851a1d" />
    <TestEntry testId="3f7c9763-9d66-af69-4417-0116473c0783" executionId="7b0e6c50-f37a-4e4e-926e-4a4e5dd4d2a5" testListId="8c84fa94-04c1-424b-9868-57a2d4851a1d" />
    <TestEntry testId="03c023ef-dcfc-76f6-dcd2-01b00a867057" executionId="792fe5e4-fb43-4d50-9cf8-20103a7807bc" testListId="8c84fa94-04c1-424b-9868-57a2d4851a1d" />
    <TestEntry testId="607cedd7-cf5e-91be-e440-7672d798f3f4" executionId="5b86fba8-06f5-44d9-8402-a7c0512f2503" testListId="8c84fa94-04c1-424b-9868-57a2d4851a1d" />
    <TestEntry testId="06ca1b33-e204-7399-02c0-eb0910950518" executionId="325b2a4d-d26d-4b21-899f-65720d682be2" testListId="8c84fa94-04c1-424b-9868-57a2d4851a1d" />
    <TestEntry testId="c3d31794-154f-a177-b8e6-faef183a3664" executionId="d639f418-00dd-48d1-92ee-031af1663f4b" testListId="8c84fa94-04c1-424b-9868-57a2d4851a1d" />
    <TestEntry testId="f1518f04-8bcc-37d3-760e-27d146277a3f" executionId="cf0afe9b-2a03-4be1-8554-36378a702fa1" testListId="8c84fa94-04c1-424b-9868-57a2d4851a1d" />
    <TestEntry testId="80e332fa-2457-3ce2-de76-2f9a70753ec7" executionId="bfe2b26e-b3a3-451f-89fa-2cf9ed620620" testListId="8c84fa94-04c1-424b-9868-57a2d4851a1d" />
    <TestEntry testId="f4a900c1-41c2-69fb-39a0-70dbdc07201a" executionId="dc527e11-152f-4100-9be9-f08ec7bf54ac" testListId="8c84fa94-04c1-424b-9868-57a2d4851a1d" />
    <TestEntry testId="d039037e-fb57-e484-8910-e57a6b1dddf8" executionId="326da128-10cf-4623-865a-8ab5fe5356be" testListId="8c84fa94-04c1-424b-9868-57a2d4851a1d" />
    <TestEntry testId="c0c63f04-84cd-505f-54a6-8d97b88c661e" executionId="64c931ee-75a0-4195-ba04-ea7d71fb8ba8" testListId="8c84fa94-04c1-424b-9868-57a2d4851a1d" />
    <TestEntry testId="19525d88-eeb1-0c02-ee5f-a83fcc6ec11e" executionId="43d99b2c-5ac9-4d29-a5e1-b22f4f529e2a" testListId="8c84fa94-04c1-424b-9868-57a2d4851a1d" />
    <TestEntry testId="e2ce670b-81cc-9dcb-987d-10de031ca238" executionId="498b96ec-ea17-4ba3-965d-40ecb124631d" testListId="8c84fa94-04c1-424b-9868-57a2d4851a1d" />
    <TestEntry testId="588af757-c6dc-9c62-6d0f-5d3caac2bc29" executionId="2c997b67-8e15-4b39-9fff-70f009532fbe" testListId="8c84fa94-04c1-424b-9868-57a2d4851a1d" />
    <TestEntry testId="844e5f02-8ff8-2cd9-e1cb-207bfd5f890a" executionId="f72cc39f-bd84-4db7-a820-812b4e501f87" testListId="8c84fa94-04c1-424b-9868-57a2d4851a1d" />
    <TestEntry testId="357b38dc-6e5c-e799-fa05-9b3e76ecde6d" executionId="efbd88f6-18d7-4933-8bdd-fac623113de6" testListId="8c84fa94-04c1-424b-9868-57a2d4851a1d" />
    <TestEntry testId="188f45eb-3d7f-1efa-7d40-83d182ab9859" executionId="c59ee7fe-9dcc-4a2c-9db5-7be42fd1c168" testListId="8c84fa94-04c1-424b-9868-57a2d4851a1d" />
    <TestEntry testId="a1f87043-ab10-3289-b307-4a539db03c08" executionId="539ed3ec-0f64-43b1-9388-21c37b99fee9" testListId="8c84fa94-04c1-424b-9868-57a2d4851a1d" />
    <TestEntry testId="78a13322-c5a5-46ac-e047-c67216676eec" executionId="c0a077ff-04d8-4b1e-97d4-eb760b2984b2" testListId="8c84fa94-04c1-424b-9868-57a2d4851a1d" />
    <TestEntry testId="00d0800b-b833-f4c1-e66e-b6f5134483b6" executionId="bd8650c7-46a7-4378-a31e-4e5863077dcf" testListId="8c84fa94-04c1-424b-9868-57a2d4851a1d" />
    <TestEntry testId="91af1759-380d-056e-5f36-a1a6088b9f1b" executionId="caf1b137-8989-49db-8027-95fd72df94f9" testListId="8c84fa94-04c1-424b-9868-57a2d4851a1d" />
    <TestEntry testId="eb1c3057-977a-d5b4-4b18-8488d981d97b" executionId="f6a9dc96-6274-46cf-b5e4-54347b260566" testListId="8c84fa94-04c1-424b-9868-57a2d4851a1d" />
    <TestEntry testId="d15d17f0-0103-50dc-9e5d-5338ee0b2238" executionId="aa603c22-5236-4900-802f-74de1658c09b" testListId="8c84fa94-04c1-424b-9868-57a2d4851a1d" />
    <TestEntry testId="6a7bf6c8-bc7e-facc-4e01-ccf6f553197c" executionId="1bc8a162-4c02-4ae9-8472-2681e5798654" testListId="8c84fa94-04c1-424b-9868-57a2d4851a1d" />
    <TestEntry testId="c50295c8-6f8f-87d4-098c-498ace5e288f" executionId="07f85ddb-0928-4b50-a541-3e71bd89ec56" testListId="8c84fa94-04c1-424b-9868-57a2d4851a1d" />
    <TestEntry testId="58ac5965-0dc8-0bad-3c30-8052b3797f4e" executionId="40a8c121-cb3e-47ad-b27f-cd5049943fec" testListId="8c84fa94-04c1-424b-9868-57a2d4851a1d" />
    <TestEntry testId="2b616ca3-5e3c-c4d1-dd5f-b41ecd669875" executionId="1e94ec72-b57b-4806-908a-44d00496b2a0" testListId="8c84fa94-04c1-424b-9868-57a2d4851a1d" />
    <TestEntry testId="c231af7c-bf07-4a65-1266-0c5d47a2e93f" executionId="640b905c-93a0-4bef-908e-19e256864be9" testListId="8c84fa94-04c1-424b-9868-57a2d4851a1d" />
    <TestEntry testId="3cf8ddf7-e671-7eeb-6037-397577a6b880" executionId="6c65f31c-83f8-4b84-9228-ba935a32ffec" testListId="8c84fa94-04c1-424b-9868-57a2d4851a1d" />
    <TestEntry testId="47e7e7b7-1922-db45-8cec-1b40a528ca11" executionId="331aa1e9-4168-4ce7-8bb1-40b44af3efe6" testListId="8c84fa94-04c1-424b-9868-57a2d4851a1d" />
    <TestEntry testId="f76ce688-7364-78d1-28df-e4d974900bb6" executionId="c03ec70e-d21d-4870-a015-2cf12ba33437" testListId="8c84fa94-04c1-424b-9868-57a2d4851a1d" />
    <TestEntry testId="2cdf226f-b011-a298-2199-4abf816a77e7" executionId="d2caa24c-9328-49c2-9ff1-b36b3ddd8a61" testListId="8c84fa94-04c1-424b-9868-57a2d4851a1d" />
    <TestEntry testId="75b4c370-78d8-4b41-8a09-840ec0959c2f" executionId="9acab995-9952-4a9d-9fbc-29982973ed36" testListId="8c84fa94-04c1-424b-9868-57a2d4851a1d" />
    <TestEntry testId="c402eeba-c8bc-e71b-31a2-dd4f848efef1" executionId="24141349-781f-401e-935f-fd88c95e6b4a" testListId="8c84fa94-04c1-424b-9868-57a2d4851a1d" />
    <TestEntry testId="075d5f39-afaf-3fbb-96d7-693de979b8d6" executionId="5ee221a4-615d-458c-b3e0-5704bc1cb944" testListId="8c84fa94-04c1-424b-9868-57a2d4851a1d" />
    <TestEntry testId="84ad8356-550f-9de2-2cd5-5f1138ca7388" executionId="dbdafd07-a39e-4290-80a1-e5e57a936d62" testListId="8c84fa94-04c1-424b-9868-57a2d4851a1d" />
    <TestEntry testId="7749d6ad-2995-5afe-59d9-3b8031e4548e" executionId="aea542a5-a476-44bd-809a-1e48e997370e" testListId="8c84fa94-04c1-424b-9868-57a2d4851a1d" />
    <TestEntry testId="55006236-dde8-41b1-db5a-691ceaf1d024" executionId="0c893daf-c9a3-43bc-a4e8-301d3dbeb727" testListId="8c84fa94-04c1-424b-9868-57a2d4851a1d" />
    <TestEntry testId="67ab1439-65d4-4301-eafa-cfb15374476e" executionId="96ee6edb-f87b-4c08-b92c-0dd358a632c7" testListId="8c84fa94-04c1-424b-9868-57a2d4851a1d" />
    <TestEntry testId="7012d070-d06e-db66-32b0-358b3dcab2ce" executionId="d399ab23-d4d0-43b4-8ff7-1df0314000e8" testListId="8c84fa94-04c1-424b-9868-57a2d4851a1d" />
    <TestEntry testId="a9531e65-ed88-d395-2ff2-e9f89a746522" executionId="84b567cd-e360-4ae4-87f9-48363d1b1f13" testListId="8c84fa94-04c1-424b-9868-57a2d4851a1d" />
    <TestEntry testId="84efca96-f3c2-a005-a1ef-f6309ee96afe" executionId="76a8d2d1-5e06-4e22-ab75-810bd7887e65" testListId="8c84fa94-04c1-424b-9868-57a2d4851a1d" />
    <TestEntry testId="339ea87e-6e56-a16e-ce31-e39d7f46dae7" executionId="79a3b44a-efd5-42a8-a587-caa8fda257d0" testListId="8c84fa94-04c1-424b-9868-57a2d4851a1d" />
    <TestEntry testId="efe8accd-ade1-eda5-e2ee-5d4e14b3f4cf" executionId="627d0f5a-f9aa-4fc5-ab75-8130858fa2b9" testListId="8c84fa94-04c1-424b-9868-57a2d4851a1d" />
  </TestEntries>
  <TestLists>
    <TestList name="Список результатов" id="8c84fa94-04c1-424b-9868-57a2d4851a1d" />
    <TestList name="Все загруженные результаты" id="19431567-8539-422a-85d7-44ee4e166bda" />
  </TestLists>
  <ResultSummary outcome="Completed">
    <Counters total="63" executed="63" passed="63" failed="0" error="0" timeout="0" aborted="0" inconclusive="0" passedButRunAborted="0" notRunnable="0" notExecuted="0" disconnected="0" warning="0" completed="0" inProgress="0" pending="0" />
    <Output>
      <StdOut>NUnit Adapter 4.5.0.0: Test execution started&#xD;
Running selected tests in D:\IA\3ace v.2\tests\SnowMeltingCalculator.Tests\bin\Release\net8.0-windows\SnowMeltingCalculator.Tests.dll&#xD;
   NUnit3TestExecutor discovered 63 of 63 NUnit test cases using Current Discovery mode, Non-Explicit run&#xD;
NUnit Adapter 4.5.0.0: Test execution complete&#xD;
</StdOut>
    </Output>
  </ResultSummary>
</TestRun>