<?xml version="1.0" encoding="utf-8"?>
<TestRun id="998fe198-9cf6-469b-b5d1-ab774ba91a70" name="Admin@DESKTOP-CVGB6OE 2026-09-03 08:15:39" runUser="DESKTOP-CVGB6OE\Admin" xmlns="http://microsoft.com/schemas/VisualStudio/TeamTest/2010">
  <Times creation="2026-09-03T08:15:39.6449456+05:00" queuing="2026-09-03T08:15:39.6449459+05:00" start="2026-09-03T08:15:39.0036309+05:00" finish="2026-09-03T08:15:40.1729507+05:00" />
  <TestSettings name="default" id="ebd50330-8217-4b56-a294-019df69016e0">
    <Deployment runDeploymentRoot="Admin_DESKTOP-CVGB6OE_2026-09-03_08_15_39" />
  </TestSettings>
  <Results>
    <UnitTestResult executionId="60867bcc-4d5b-41a4-96b2-3f304e5cc17b" testId="565bb7a8-6f61-73e4-12be-15e3f886bc7f" testName="ConstructionCanonicalMutation_RefreshesThermalProjectionAndCalculationContext" computerName="DESKTOP-CVGB6OE" duration="00:00:00.0013850" startTime="2026-09-03T08:15:39.8055711+05:00" endTime="2026-09-03T08:15:39.8069554+05:00" testType="13cdc9d9-ddb5-4fa4-a97d-d965ccfc6d4b" outcome="Passed" testListId="8c84fa94-04c1-424b-9868-57a2d4851a1d" relativeResultsDirectory="60867bcc-4d5b-41a4-96b2-3f304e5cc17b" />
    <UnitTestResult executionId="6c701c43-4734-4b00-85fd-6c56c50431d8" testId="dafabb9d-f919-ece9-2299-4da1c29a1566" testName="ResultsCommands_RefreshBeforeConsumingOrExportingData(&quot;ExportDesignColdMarkdownReport&quot;)" computerName="DESKTOP-CVGB6OE" duration="00:00:00.0002420" startTime="2026-09-03T08:15:39.7325908+05:00" endTime="2026-09-03T08:15:39.7328325+05:00" testType="13cdc9d9-ddb5-4fa4-a97d-d965ccfc6d4b" outcome="Passed" testListId="8c84fa94-04c1-424b-9868-57a2d4851a1d" relativeResultsDirectory="6c701c43-4734-4b00-85fd-6c56c50431d8" />
    <UnitTestResult executionId="274a53dd-c0ae-4d22-a5b9-cd14e02d3dce" testId="e4efa3c4-1133-cb50-18cc-a911f3a0b72e" testName="ResultsCommands_RefreshBeforeConsumingOrExportingData(&quot;ExportPdf&quot;)" computerName="DESKTOP-CVGB6OE" duration="00:00:00.0006730" startTime="2026-09-03T08:15:39.7308792+05:00" endTime="2026-09-03T08:15:39.7315520+05:00" testType="13cdc9d9-ddb5-4fa4-a97d-d965ccfc6d4b" outcome="Passed" testListId="8c84fa94-04c1-424b-9868-57a2d4851a1d" relativeResultsDirectory="274a53dd-c0ae-4d22-a5b9-cd14e02d3dce" />
    <UnitTestResult executionId="9c9e8a57-874a-4303-9c87-730b908df6b7" testId="8824a3c6-0b3c-55b1-29e2-48930f4ee090" testName="ProjectLoadOrchestrator_PreservesLoadOnlyThermalFallbackBoundary" computerName="DESKTOP-CVGB6OE" duration="00:00:00.0029580" startTime="2026-09-03T08:15:39.9856575+05:00" endTime="2026-09-03T08:15:39.9886152+05:00" testType="13cdc9d9-ddb5-4fa4-a97d-d965ccfc6d4b" outcome="Passed" testListId="8c84fa94-04c1-424b-9868-57a2d4851a1d" relativeResultsDirectory="9c9e8a57-874a-4303-9c87-730b908df6b7" />
    <UnitTestResult executionId="fb419e70-a91c-47e5-8a52-d802c7520cd8" testId="107aa2e2-fe3a-215d-6290-3ae8bc03f865" testName="UpdateCircuitsFilter_RowsAreNotSharedWithModuleViewModel" computerName="DESKTOP-CVGB6OE" duration="00:00:00.0051740" startTime="2026-09-03T08:15:39.9777701+05:00" endTime="2026-09-03T08:15:39.9829444+05:00" testType="13cdc9d9-ddb5-4fa4-a97d-d965ccfc6d4b" outcome="Passed" testListId="8c84fa94-04c1-424b-9868-57a2d4851a1d" relativeResultsDirectory="fb419e70-a91c-47e5-8a52-d802c7520cd8" />
    <UnitTestResult executionId="e68136dc-18fa-4ca0-9ab0-84b313cb6e78" testId="8d421899-006f-bf4b-f2af-5fed09704780" testName="ResultsPdfDataBuilder_UsesConstructionLayersAndImageParametersFromSameCurrentSource" computerName="DESKTOP-CVGB6OE" duration="00:00:00.0036000" startTime="2026-09-03T08:15:40.0125172+05:00" endTime="2026-09-03T08:15:40.0161169+05:00" testType="13cdc9d9-ddb5-4fa4-a97d-d965ccfc6d4b" outcome="Passed" testListId="8c84fa94-04c1-424b-9868-57a2d4851a1d" relativeResultsDirectory="e68136dc-18fa-4ca0-9ab0-84b313cb6e78" />
    <UnitTestResult executionId="fd9c99da-b5bd-479c-bd01-c70027f775ad" testId="b4a362dc-9ebd-e7c0-d5f4-c87c8879cdfb" testName="ThermalState_ResolvesReferenceIdenticalThroughEverySessionAlias" computerName="DESKTOP-CVGB6OE" duration="00:00:00.0003880" startTime="2026-09-03T08:15:39.9644237+05:00" endTime="2026-09-03T08:15:39.9648117+05:00" testType="13cdc9d9-ddb5-4fa4-a97d-d965ccfc6d4b" outcome="Passed" testListId="8c84fa94-04c1-424b-9868-57a2d4851a1d" relativeResultsDirectory="fd9c99da-b5bd-479c-bd01-c70027f775ad" />
    <UnitTestResult executionId="72f44346-111e-4232-a80b-23eceaca378f" testId="1a451851-dd58-5aa6-605a-0f384c6bc6bf" testName="CollectorEquipmentItems_ClearsOnResetOrEmptyState" computerName="DESKTOP-CVGB6OE" duration="00:00:00.0024849" startTime="2026-09-03T08:15:40.0189846+05:00" endTime="2026-09-03T08:15:40.0214690+05:00" testType="13cdc9d9-ddb5-4fa4-a97d-d965ccfc6d4b" outcome="Passed" testListId="8c84fa94-04c1-424b-9868-57a2d4851a1d" relativeResultsDirectory="72f44346-111e-4232-a80b-23eceaca378f" />
    <UnitTestResult executionId="8005f604-96ee-4924-ab0b-bf3da1e27bc9" testId="a6e1cce5-161c-e6a1-6c55-426b83b6e9c5" testName="RefreshAll_WhenSourceStateIsUnchanged_IsValueIdempotentWithoutDuplicateRowsOrCalculation" computerName="DESKTOP-CVGB6OE" duration="00:00:00.0085920" startTime="2026-09-03T08:15:39.9965861+05:00" endTime="2026-09-03T08:15:40.0051775+05:00" testType="13cdc9d9-ddb5-4fa4-a97d-d965ccfc6d4b" outcome="Passed" testListId="8c84fa94-04c1-424b-9868-57a2d4851a1d" relativeResultsDirectory="8005f604-96ee-4924-ab0b-bf3da1e27bc9" />
    <UnitTestResult executionId="4c173f1a-fc64-4543-9b53-96b894b9d4ff" testId="b15187f7-89e2-b76b-482c-e49ab9ba4fef" testName="LoadAndReopen_RefreshesProjectionAndLeavesProjectClean" computerName="DESKTOP-CVGB6OE" duration="00:00:00.0025450" startTime="2026-09-03T08:15:39.9830970+05:00" endTime="2026-09-03T08:15:39.9856424+05:00" testType="13cdc9d9-ddb5-4fa4-a97d-d965ccfc6d4b" outcome="Passed" testListId="8c84fa94-04c1-424b-9868-57a2d4851a1d" relativeResultsDirectory="4c173f1a-fc64-4543-9b53-96b894b9d4ff" />
    <UnitTestResult executionId="797fb88b-2930-46fa-a06b-3bf8793e2a55" testId="15080e66-8ba3-3708-ffbe-da8c1cb9becf" testName="ThermalState_Addition_PreservesClimateAndConstructionIdentities" computerName="DESKTOP-CVGB6OE" duration="00:00:00.0005230" startTime="2026-09-03T08:15:39.9485412+05:00" endTime="2026-09-03T08:15:39.9490643+05:00" testType="13cdc9d9-ddb5-4fa4-a97d-d965ccfc6d4b" outcome="Passed" testListId="8c84fa94-04c1-424b-9868-57a2d4851a1d" relativeResultsDirectory="797fb88b-2930-46fa-a06b-3bf8793e2a55" />
    <UnitTestResult executionId="da4e0cfc-1013-469e-a8fe-616ad4402f02" testId="6010a416-dd42-ceb3-9d68-5e2c83d6f5f6" testName="ThermalLifecycleDescriptors_HaveNoIndependentRegistration" computerName="DESKTOP-CVGB6OE" duration="00:00:00.0004710" startTime="2026-09-03T08:15:39.9480567+05:00" endTime="2026-09-03T08:15:39.9485279+05:00" testType="13cdc9d9-ddb5-4fa4-a97d-d965ccfc6d4b" outcome="Passed" testListId="8c84fa94-04c1-424b-9868-57a2d4851a1d" relativeResultsDirectory="da4e0cfc-1013-469e-a8fe-616ad4402f02" />
    <UnitTestResult executionId="386d28b4-1a39-4518-a3d8-55f78aad529c" testId="81ca68c3-40b2-c43f-6044-e96861102e28" testName="ResultsPdfDataBuilder_AfterInputMutation_RequiresCurrentScalarAndDerivedGeneration" computerName="DESKTOP-CVGB6OE" duration="00:00:00.0055189" startTime="2026-09-03T08:15:40.0069751+05:00" endTime="2026-09-03T08:15:40.0124943+05:00" testType="13cdc9d9-ddb5-4fa4-a97d-d965ccfc6d4b" outcome="Passed" testListId="8c84fa94-04c1-424b-9868-57a2d4851a1d" relativeResultsDirectory="386d28b4-1a39-4518-a3d8-55f78aad529c" />
    <UnitTestResult executionId="e08bc4a3-b395-40df-a223-247f04126be4" testId="8c3e9570-53c8-851b-3943-d201b871fbc7" testName="LoadProjectDataAsync_RefreshesAfterModuleRestoreBeforeProjectChangedAndMarkClean" computerName="DESKTOP-CVGB6OE" duration="00:00:00.0006320" startTime="2026-09-03T08:15:39.5894054+05:00" endTime="2026-09-03T08:15:39.5900374+05:00" testType="13cdc9d9-ddb5-4fa4-a97d-d965ccfc6d4b" outcome="Passed" testListId="8c84fa94-04c1-424b-9868-57a2d4851a1d" relativeResultsDirectory="e08bc4a3-b395-40df-a223-247f04126be4" />
    <UnitTestResult executionId="1c23923c-8281-497a-9484-9fcbe7265459" testId="b9bad301-50c0-8b2f-89c1-0dec91a75935" testName="RefreshAll_WhenSourceResultIsCleared_ZerosOutputAndMarksNotReady" computerName="DESKTOP-CVGB6OE" duration="00:00:00.0020880" startTime="2026-09-03T08:15:39.9944804+05:00" endTime="2026-09-03T08:15:39.9965680+05:00" testType="13cdc9d9-ddb5-4fa4-a97d-d965ccfc6d4b" outcome="Passed" testListId="8c84fa94-04c1-424b-9868-57a2d4851a1d" relativeResultsDirectory="1c23923c-8281-497a-9484-9fcbe7265459" />
    <UnitTestResult executionId="52355db1-f369-41a1-8c4e-e4711906dfb9" testId="766d1b2f-b6db-6898-c1a3-826da3004bbb" testName="ResolveView_ResultsRefreshRemainsInsideExistingFailureBoundaryAndHasOneCallSite" computerName="DESKTOP-CVGB6OE" duration="00:00:00.0007460" startTime="2026-09-03T08:15:39.7300776+05:00" endTime="2026-09-03T08:15:39.7308241+05:00" testType="13cdc9d9-ddb5-4fa4-a97d-d965ccfc6d4b" outcome="Passed" testListId="8c84fa94-04c1-424b-9868-57a2d4851a1d" relativeResultsDirectory="52355db1-f369-41a1-8c4e-e4711906dfb9" />
    <UnitTestResult executionId="f08079a8-0fd4-48ef-bc0e-955575f1c7c1" testId="46fa58f9-9e8d-d292-8079-a966e43c178b" testName="ClimateLifecycleDescriptors_HaveNoTransientSecondOwner" computerName="DESKTOP-CVGB6OE" duration="00:00:00.0013829" startTime="2026-09-03T08:15:39.8041685+05:00" endTime="2026-09-03T08:15:39.8055508+05:00" testType="13cdc9d9-ddb5-4fa4-a97d-d965ccfc6d4b" outcome="Passed" testListId="8c84fa94-04c1-424b-9868-57a2d4851a1d" relativeResultsDirectory="f08079a8-0fd4-48ef-bc0e-955575f1c7c1" />
    <UnitTestResult executionId="75ef3c72-dede-44a7-bdcd-5ca3014b39cc" testId="bca05f08-f85b-b9dd-202e-0a6dd436f917" testName="ResultsCommands_RefreshBeforeConsumingOrExportingData(&quot;ExportOperatingMarkdownReport&quot;)" computerName="DESKTOP-CVGB6OE" duration="00:00:00.0002610" startTime="2026-09-03T08:15:39.7323197+05:00" endTime="2026-09-03T08:15:39.7325805+05:00" testType="13cdc9d9-ddb5-4fa4-a97d-d965ccfc6d4b" outcome="Passed" testListId="8c84fa94-04c1-424b-9868-57a2d4851a1d" relativeResultsDirectory="75ef3c72-dede-44a7-bdcd-5ca3014b39cc" />
    <UnitTestResult executionId="aec641bd-d3cc-4d34-96e8-eadc6b295ebc" testId="239b55af-470b-0a85-a950-2f5f062f8710" testName="ResolveView_ResultsRefreshFailureUsesExistingFallbackWithoutCachingResultsView" computerName="DESKTOP-CVGB6OE" duration="00:00:00.0048990" startTime="2026-09-03T08:15:39.7248215+05:00" endTime="2026-09-03T08:15:39.7297207+05:00" testType="13cdc9d9-ddb5-4fa4-a97d-d965ccfc6d4b" outcome="Passed" testListId="8c84fa94-04c1-424b-9868-57a2d4851a1d" relativeResultsDirectory="aec641bd-d3cc-4d34-96e8-eadc6b295ebc" />
    <UnitTestResult executionId="ad5b6ea4-86e1-4b6a-a189-1564af55169e" testId="0b4d2291-6b50-2a41-ce4d-45d2ac87f269" testName="ThermalStateCoordinator_IsSingleton_ReferenceIdenticalWithSessionState" computerName="DESKTOP-CVGB6OE" duration="00:00:00.0003480" startTime="2026-09-03T08:15:39.9648249+05:00" endTime="2026-09-03T08:15:39.9651732+05:00" testType="13cdc9d9-ddb5-4fa4-a97d-d965ccfc6d4b" outcome="Passed" testListId="8c84fa94-04c1-424b-9868-57a2d4851a1d" relativeResultsDirectory="ad5b6ea4-86e1-4b6a-a189-1564af55169e" />
    <UnitTestResult executionId="8229cb3b-8dfa-43f1-b415-0f59d521fa38" testId="53894312-25f0-84d3-2d84-12ddcd438a37" testName="UpdateCircuitsFilter_ReconstructsResultsOwnedRows_FromCanonicalSnapshot" computerName="DESKTOP-CVGB6OE" duration="00:00:00.0030060" startTime="2026-09-03T08:15:39.9747466+05:00" endTime="2026-09-03T08:15:39.9777525+05:00" testType="13cdc9d9-ddb5-4fa4-a97d-d965ccfc6d4b" outcome="Passed" testListId="8c84fa94-04c1-424b-9868-57a2d4851a1d" relativeResultsDirectory="8229cb3b-8dfa-43f1-b415-0f59d521fa38" />
    <UnitTestResult executionId="88e54c44-40de-476b-b7ed-8e8b092c9414" testId="7e553825-6a59-f4fb-5f38-c12d98159cce" testName="ConstructionLifecycleConsumers_ObserveCanonicalSessionStateAndProjection" computerName="DESKTOP-CVGB6OE" duration="00:00:00.0035350" startTime="2026-09-03T08:15:39.8071037+05:00" endTime="2026-09-03T08:15:39.8106391+05:00" testType="13cdc9d9-ddb5-4fa4-a97d-d965ccfc6d4b" outcome="Passed" testListId="8c84fa94-04c1-424b-9868-57a2d4851a1d" relativeResultsDirectory="88e54c44-40de-476b-b7ed-8e8b092c9414" />
    <UnitTestResult executionId="60560b24-8cbc-40d6-8a10-b60dd55a2069" testId="e2da9dce-d31b-8e04-ebec-58ab7759a961" testName="ConstructionViewModel_ResolvesFromProvider" computerName="DESKTOP-CVGB6OE" duration="00:00:00.0004220" startTime="2026-09-03T08:15:39.8115268+05:00" endTime="2026-09-03T08:15:39.8119490+05:00" testType="13cdc9d9-ddb5-4fa4-a97d-d965ccfc6d4b" outcome="Passed" testListId="8c84fa94-04c1-424b-9868-57a2d4851a1d" relativeResultsDirectory="60560b24-8cbc-40d6-8a10-b60dd55a2069" />
    <UnitTestResult executionId="271ebdbb-e07b-460a-b9cf-da1652107b85" testId="a91c30e5-eef5-141b-9bcf-30c96b1c38ce" testName="SaveCurrentProject_ProjectsLiveModuleStateInsteadOfResultsCache" computerName="DESKTOP-CVGB6OE" duration="00:00:00.0027299" startTime="2026-09-03T08:15:40.0161403+05:00" endTime="2026-09-03T08:15:40.0188704+05:00" testType="13cdc9d9-ddb5-4fa4-a97d-d965ccfc6d4b" outcome="Passed" testListId="8c84fa94-04c1-424b-9868-57a2d4851a1d" relativeResultsDirectory="271ebdbb-e07b-460a-b9cf-da1652107b85" />
    <UnitTestResult executionId="5bd7c34f-874d-4295-8f6e-0cc1a91198cd" testId="729efd80-556a-adb1-ec37-7034b346d87e" testName="ResultsCommands_RefreshBeforeConsumingOrExportingData(&quot;PrintPdf&quot;)" computerName="DESKTOP-CVGB6OE" duration="00:00:00.0003050" startTime="2026-09-03T08:15:39.7320032+05:00" endTime="2026-09-03T08:15:39.7323086+05:00" testType="13cdc9d9-ddb5-4fa4-a97d-d965ccfc6d4b" outcome="Passed" testListId="8c84fa94-04c1-424b-9868-57a2d4851a1d" relativeResultsDirectory="5bd7c34f-874d-4295-8f6e-0cc1a91198cd" />
    <UnitTestResult executionId="35105967-04ca-4a80-8215-4b05005d124f" testId="068fde29-7f38-6e3f-b9d1-5ce31c98bd79" testName="CollectorEquipmentItems_GroupsMixedValveTypesWithExactQuantityAndCircuitCount" computerName="DESKTOP-CVGB6OE" duration="00:00:00.0019890" startTime="2026-09-03T08:15:40.0253458+05:00" endTime="2026-09-03T08:15:40.0273352+05:00" testType="13cdc9d9-ddb5-4fa4-a97d-d965ccfc6d4b" outcome="Passed" testListId="8c84fa94-04c1-424b-9868-57a2d4851a1d" relativeResultsDirectory="35105967-04ca-4a80-8215-4b05005d124f" />
    <UnitTestResult executionId="b3ee8c3f-264e-4c1d-8ac0-d10e1ac24b06" testId="bce91b22-1909-2ade-b75e-218ba6bf9750" testName="RefreshAll_UsesCanonicalSynchronizationOrderExactlyOnce" computerName="DESKTOP-CVGB6OE" duration="00:00:00.0004520" startTime="2026-09-03T08:15:39.5900518+05:00" endTime="2026-09-03T08:15:39.5905033+05:00" testType="13cdc9d9-ddb5-4fa4-a97d-d965ccfc6d4b" outcome="Passed" testListId="8c84fa94-04c1-424b-9868-57a2d4851a1d" relativeResultsDirectory="b3ee8c3f-264e-4c1d-8ac0-d10e1ac24b06" />
    <UnitTestResult executionId="cdf575e7-bd60-404e-a603-137617ee6341" testId="48e23a5f-15b9-dd2f-b242-e972ab9a37a9" testName="SaveAsync_WhenFileServiceThrows_ExceptionPropagates" computerName="DESKTOP-CVGB6OE" duration="00:00:00.0038650" startTime="2026-09-03T08:15:39.5574903+05:00" endTime="2026-09-03T08:15:39.5613545+05:00" testType="13cdc9d9-ddb5-4fa4-a97d-d965ccfc6d4b" outcome="Passed" testListId="8c84fa94-04c1-424b-9868-57a2d4851a1d" relativeResultsDirectory="cdf575e7-bd60-404e-a603-137617ee6341" />
    <UnitTestResult executionId="450008fa-5560-4c15-91b0-a81dc739b193" testId="3c7c00b8-152e-58a4-b7dc-0c2163dbdba2" testName="LoadHydraulicsDataOnNavigate_DelegatesToExactlyOneCanonicalRefreshAll" computerName="DESKTOP-CVGB6OE" duration="00:00:00.0041729" startTime="2026-09-03T08:15:39.5852073+05:00" endTime="2026-09-03T08:15:39.5893803+05:00" testType="13cdc9d9-ddb5-4fa4-a97d-d965ccfc6d4b" outcome="Passed" testListId="8c84fa94-04c1-424b-9868-57a2d4851a1d" relativeResultsDirectory="450008fa-5560-4c15-91b0-a81dc739b193" />
    <UnitTestResult executionId="e90526ee-c6af-4fe9-ad5d-27d47bd02efc" testId="76b38ab8-78b2-baf0-e818-bfb233b5aabb" testName="ThermalState_IsOnePerSession_SingletonAcrossScopes_DistinctAcrossSessions" computerName="DESKTOP-CVGB6OE" duration="00:00:00.0005170" startTime="2026-09-03T08:15:39.9638931+05:00" endTime="2026-09-03T08:15:39.9644098+05:00" testType="13cdc9d9-ddb5-4fa4-a97d-d965ccfc6d4b" outcome="Passed" testListId="8c84fa94-04c1-424b-9868-57a2d4851a1d" relativeResultsDirectory="e90526ee-c6af-4fe9-ad5d-27d47bd02efc" />
    <UnitTestResult executionId="11f4e8ec-f0c5-4547-a1d8-06f39afa25c9" testId="00107849-5229-7ebb-03fa-818954eb3c2a" testName="CollectorEquipmentItems_DoesNotGroupDifferentCircuitCountsOrValveTypes" computerName="DESKTOP-CVGB6OE" duration="00:00:00.0038410" startTime="2026-09-03T08:15:40.0214838+05:00" endTime="2026-09-03T08:15:40.0253247+05:00" testType="13cdc9d9-ddb5-4fa4-a97d-d965ccfc6d4b" outcome="Passed" testListId="8c84fa94-04c1-424b-9868-57a2d4851a1d" relativeResultsDirectory="11f4e8ec-f0c5-4547-a1d8-06f39afa25c9" />
    <UnitTestResult executionId="fa1eb8b2-c23b-49bb-8178-dd5cad62b1c7" testId="4b48bfa2-cb48-ea00-97b0-9de9a3b80fa3" testName="ResultsCommands_RefreshBeforeConsumingOrExportingData(&quot;ExportExcel&quot;)" computerName="DESKTOP-CVGB6OE" duration="00:00:00.0002400" startTime="2026-09-03T08:15:39.7328425+05:00" endTime="2026-09-03T08:15:39.7330821+05:00" testType="13cdc9d9-ddb5-4fa4-a97d-d965ccfc6d4b" outcome="Passed" testListId="8c84fa94-04c1-424b-9868-57a2d4851a1d" relativeResultsDirectory="fa1eb8b2-c23b-49bb-8178-dd5cad62b1c7" />
    <UnitTestResult executionId="acc470da-bc18-4667-925d-0adbf1200f86" testId="2028b32f-4b49-3551-0e23-3c2e0c410193" testName="SaveAsync_PassesCancellationTokenUnchanged" computerName="DESKTOP-CVGB6OE" duration="00:00:00.0594670" startTime="2026-09-03T08:15:39.4960697+05:00" endTime="2026-09-03T08:15:39.5555367+05:00" testType="13cdc9d9-ddb5-4fa4-a97d-d965ccfc6d4b" outcome="Passed" testListId="8c84fa94-04c1-424b-9868-57a2d4851a1d" relativeResultsDirectory="acc470da-bc18-4667-925d-0adbf1200f86" />
    <UnitTestResult executionId="f27b5344-662e-45e4-9a11-d558f866e529" testId="4bd8711c-fec4-19d2-c5c7-e482d25ef1c6" testName="TemplateEditorViewModel_ResolvesFromProvider" computerName="DESKTOP-CVGB6OE" duration="00:00:00.0008310" startTime="2026-09-03T08:15:39.9472097+05:00" endTime="2026-09-03T08:15:39.9480407+05:00" testType="13cdc9d9-ddb5-4fa4-a97d-d965ccfc6d4b" outcome="Passed" testListId="8c84fa94-04c1-424b-9868-57a2d4851a1d" relativeResultsDirectory="f27b5344-662e-45e4-9a11-d558f866e529" />
    <UnitTestResult executionId="65e045fd-9f47-403e-8e07-0591a638592a" testId="0d764722-03ae-44ed-9304-8d0708ccb6c6" testName="RefreshAll_WhenInputsChangeButValidResultIsRetained_PreservesOutputWithoutCalculation" computerName="DESKTOP-CVGB6OE" duration="00:00:00.0033310" startTime="2026-09-03T08:15:39.9911270+05:00" endTime="2026-09-03T08:15:39.9944573+05:00" testType="13cdc9d9-ddb5-4fa4-a97d-d965ccfc6d4b" outcome="Passed" testListId="8c84fa94-04c1-424b-9868-57a2d4851a1d" relativeResultsDirectory="65e045fd-9f47-403e-8e07-0591a638592a" />
    <UnitTestResult executionId="b7c03fa5-074b-4c13-a33b-019c1ddb66c2" testId="f4758828-f534-3ace-1765-45a20a728018" testName="HydraulicsState_ResolvesReferenceIdenticalThroughEverySessionAlias" computerName="DESKTOP-CVGB6OE" duration="00:00:00.0004080" startTime="2026-09-03T08:15:39.8184325+05:00" endTime="2026-09-03T08:15:39.8188400+05:00" testType="13cdc9d9-ddb5-4fa4-a97d-d965ccfc6d4b" outcome="Passed" testListId="8c84fa94-04c1-424b-9868-57a2d4851a1d" relativeResultsDirectory="b7c03fa5-074b-4c13-a33b-019c1ddb66c2" />
    <UnitTestResult executionId="9645dc17-f90b-4cad-beaa-b42a2c843a1d" testId="2a7f099a-3364-9cf7-4083-276ed8bc3f0c" testName="HydraulicsState_IsNotResolvableAsIndependentService_FromBuiltProvider" computerName="DESKTOP-CVGB6OE" duration="00:00:00.0012940" startTime="2026-09-03T08:15:39.8171238+05:00" endTime="2026-09-03T08:15:39.8184179+05:00" testType="13cdc9d9-ddb5-4fa4-a97d-d965ccfc6d4b" outcome="Passed" testListId="8c84fa94-04c1-424b-9868-57a2d4851a1d" relativeResultsDirectory="9645dc17-f90b-4cad-beaa-b42a2c843a1d" />
    <UnitTestResult executionId="1eec0117-14fb-4e54-9fb8-0ca41f4ea9d1" testId="96333010-c421-cf78-6774-413dc7fa01e8" testName="SaveToFileSourceSlice_RejectsSaveCurrentProject" computerName="DESKTOP-CVGB6OE" duration="00:00:00.0174510" startTime="2026-09-03T08:15:39.5659670+05:00" endTime="2026-09-03T08:15:39.5834171+05:00" testType="13cdc9d9-ddb5-4fa4-a97d-d965ccfc6d4b" outcome="Passed" testListId="8c84fa94-04c1-424b-9868-57a2d4851a1d" relativeResultsDirectory="1eec0117-14fb-4e54-9fb8-0ca41f4ea9d1" />
    <UnitTestResult executionId="5f7a84dc-8397-481e-b9fc-fc175133e7c1" testId="b76bf35e-d85a-c21f-0b03-297e82352380" testName="MaterialEditorViewModel_ResolvesFromProvider" computerName="DESKTOP-CVGB6OE" duration="00:00:00.0008340" startTime="2026-09-03T08:15:39.9323869+05:00" endTime="2026-09-03T08:15:39.9332211+05:00" testType="13cdc9d9-ddb5-4fa4-a97d-d965ccfc6d4b" outcome="Passed" testListId="8c84fa94-04c1-424b-9868-57a2d4851a1d" relativeResultsDirectory="5f7a84dc-8397-481e-b9fc-fc175133e7c1" />
    <UnitTestResult executionId="2f52e653-b1bc-49bc-ada0-625f64baeccf" testId="6e111a98-4ad6-af6a-210e-28883cd0ba27" testName="ThermalViewModel_EagerlyMaterializesTheSingleCoordinator" computerName="DESKTOP-CVGB6OE" duration="00:00:00.0003170" startTime="2026-09-03T08:15:39.9651862+05:00" endTime="2026-09-03T08:15:39.9655026+05:00" testType="13cdc9d9-ddb5-4fa4-a97d-d965ccfc6d4b" outcome="Passed" testListId="8c84fa94-04c1-424b-9868-57a2d4851a1d" relativeResultsDirectory="2f52e653-b1bc-49bc-ada0-625f64baeccf" />
    <UnitTestResult executionId="225ab83b-9247-486f-8a99-6b5ea3e3a73a" testId="f0e9480e-64d9-0663-0e2b-3a37ffa4e8b9" testName="ResolveView_NonResultsNavigationReturnsCachedNonResultsView" computerName="DESKTOP-CVGB6OE" duration="00:00:00.0027180" startTime="2026-09-03T08:15:39.7211805+05:00" endTime="2026-09-03T08:15:39.7238983+05:00" testType="13cdc9d9-ddb5-4fa4-a97d-d965ccfc6d4b" outcome="Passed" testListId="8c84fa94-04c1-424b-9868-57a2d4851a1d" relativeResultsDirectory="225ab83b-9247-486f-8a99-6b5ea3e3a73a" />
    <UnitTestResult executionId="8033ca56-235b-4f71-b379-ce3c3931a01e" testId="c8cb7f42-14e1-0392-29cd-04339b314fa5" testName="TemplateEditorView_ResolvesFromProvider" computerName="DESKTOP-CVGB6OE" duration="00:00:00.0126120" startTime="2026-09-03T08:15:39.9345744+05:00" endTime="2026-09-03T08:15:39.9471855+05:00" testType="13cdc9d9-ddb5-4fa4-a97d-d965ccfc6d4b" outcome="Passed" testListId="8c84fa94-04c1-424b-9868-57a2d4851a1d" relativeResultsDirectory="8033ca56-235b-4f71-b379-ce3c3931a01e" />
    <UnitTestResult executionId="8c312e24-ad09-410d-9221-a462bc8e1f17" testId="63e55650-4856-0fb9-1578-a00e9506faf0" testName="Reset_ClearsResultsProjectionAndMarksProjectClean" computerName="DESKTOP-CVGB6OE" duration="00:00:00.0017560" startTime="2026-09-03T08:15:40.0052022+05:00" endTime="2026-09-03T08:15:40.0069581+05:00" testType="13cdc9d9-ddb5-4fa4-a97d-d965ccfc6d4b" outcome="Passed" testListId="8c84fa94-04c1-424b-9868-57a2d4851a1d" relativeResultsDirectory="8c312e24-ad09-410d-9221-a462bc8e1f17" />
    <UnitTestResult executionId="b1a9084c-18df-4ef9-bc46-7fc479b7b920" testId="189095cd-1474-7ea8-12a7-a0d7fe681a4d" testName="SaveAsync_WhenFileServiceReturnsFailure_ReturnsOperationResultUnchanged" computerName="DESKTOP-CVGB6OE" duration="00:00:00.0018900" startTime="2026-09-03T08:15:39.5555771+05:00" endTime="2026-09-03T08:15:39.5574663+05:00" testType="13cdc9d9-ddb5-4fa4-a97d-d965ccfc6d4b" outcome="Passed" testListId="8c84fa94-04c1-424b-9868-57a2d4851a1d" relativeResultsDirectory="b1a9084c-18df-4ef9-bc46-7fc479b7b920" />
    <UnitTestResult executionId="9e9351ce-6c38-47ce-bf77-a04f3a246634" testId="0006a625-f3b3-ea6a-f5b6-0058711730d2" testName="ResultsViewModel_RestorePath_UsesTheSingletonOrchestratorWithCanonicalSessionSlices" computerName="DESKTOP-CVGB6OE" duration="00:00:00.0013220" startTime="2026-09-03T08:15:39.9332369+05:00" endTime="2026-09-03T08:15:39.9345590+05:00" testType="13cdc9d9-ddb5-4fa4-a97d-d965ccfc6d4b" outcome="Passed" testListId="8c84fa94-04c1-424b-9868-57a2d4851a1d" relativeResultsDirectory="9e9351ce-6c38-47ce-bf77-a04f3a246634" />
    <UnitTestResult executionId="a5039f02-d85c-4cee-b438-1e573685dc42" testId="795b12c9-c3b9-087e-719e-f6d01289a931" testName="ThermalState_DuplicateIndependentRegistration_IsFlaggedByDescriptorGuard" computerName="DESKTOP-CVGB6OE" duration="00:00:00.0004640" startTime="2026-09-03T08:15:39.9625142+05:00" endTime="2026-09-03T08:15:39.9629783+05:00" testType="13cdc9d9-ddb5-4fa4-a97d-d965ccfc6d4b" outcome="Passed" testListId="8c84fa94-04c1-424b-9868-57a2d4851a1d" relativeResultsDirectory="a5039f02-d85c-4cee-b438-1e573685dc42" />
    <UnitTestResult executionId="d7410fff-49c5-4bf0-b046-b93a1290002c" testId="43a96d8d-0f21-690e-b248-347617bb11d4" testName="ClimateLifecycleConsumers_ObserveCanonicalProjectionChain" computerName="DESKTOP-CVGB6OE" duration="00:00:00.0701280" startTime="2026-09-03T08:15:39.7340102+05:00" endTime="2026-09-03T08:15:39.8041384+05:00" testType="13cdc9d9-ddb5-4fa4-a97d-d965ccfc6d4b" outcome="Passed" testListId="8c84fa94-04c1-424b-9868-57a2d4851a1d" relativeResultsDirectory="d7410fff-49c5-4bf0-b046-b93a1290002c" />
    <UnitTestResult executionId="a5ab8312-f3a1-4ea4-91fa-d583ae2979c1" testId="18d8f9d3-fd7f-59ac-688c-9e31e5755e59" testName="SaveAsync_WithValidSession_MapsSnapshotFieldsAndCallsServicesExactlyOnce" computerName="DESKTOP-CVGB6OE" duration="00:00:00.0045660" startTime="2026-09-03T08:15:39.5613750+05:00" endTime="2026-09-03T08:15:39.5659407+05:00" testType="13cdc9d9-ddb5-4fa4-a97d-d965ccfc6d4b" outcome="Passed" testListId="8c84fa94-04c1-424b-9868-57a2d4851a1d" relativeResultsDirectory="a5ab8312-f3a1-4ea4-91fa-d583ae2979c1" />
    <UnitTestResult executionId="625f619d-c580-4530-84a9-c20f30a3d5d9" testId="95e243aa-045e-fbec-a5c6-4b2c541d2407" testName="ToggleMode_WritesDisplayModeOnlyOnResultsOwnedRows" computerName="DESKTOP-CVGB6OE" duration="00:00:00.0091170" startTime="2026-09-03T08:15:39.9656067+05:00" endTime="2026-09-03T08:15:39.9747232+05:00" testType="13cdc9d9-ddb5-4fa4-a97d-d965ccfc6d4b" outcome="Passed" testListId="8c84fa94-04c1-424b-9868-57a2d4851a1d" relativeResultsDirectory="625f619d-c580-4530-84a9-c20f30a3d5d9" />
    <UnitTestResult executionId="8f4344a3-6efb-45dc-bd87-24b978f109ed" testId="9848f226-9714-e6c9-b85b-c36b6264617f" testName="MaterialCrudValidator_ResolvesAsSelfAndInterface" computerName="DESKTOP-CVGB6OE" duration="00:00:00.0003100" startTime="2026-09-03T08:15:39.8188531+05:00" endTime="2026-09-03T08:15:39.8191627+05:00" testType="13cdc9d9-ddb5-4fa4-a97d-d965ccfc6d4b" outcome="Passed" testListId="8c84fa94-04c1-424b-9868-57a2d4851a1d" relativeResultsDirectory="8f4344a3-6efb-45dc-bd87-24b978f109ed" />
    <UnitTestResult executionId="c156c2dd-593a-4378-aaf3-41b8ab867712" testId="22634a95-f8f4-57d3-214f-a8e53b46014b" testName="ThermalState_ConstructorCycle_IsRejectedByContainerWithoutServiceLocator" computerName="DESKTOP-CVGB6OE" duration="00:00:00.0134120" startTime="2026-09-03T08:15:39.9490785+05:00" endTime="2026-09-03T08:15:39.9624901+05:00" testType="13cdc9d9-ddb5-4fa4-a97d-d965ccfc6d4b" outcome="Passed" testListId="8c84fa94-04c1-424b-9868-57a2d4851a1d" relativeResultsDirectory="c156c2dd-593a-4378-aaf3-41b8ab867712" />
    <UnitTestResult executionId="06940f03-ce97-41cf-9cc2-aee6063fe98e" testId="8b4a80fc-f33a-60a4-eeee-e90c52944376" testName="ThermalState_IsNotResolvableAsIndependentService_FromBuiltProvider" computerName="DESKTOP-CVGB6OE" duration="00:00:00.0002970" startTime="2026-09-03T08:15:39.9635837+05:00" endTime="2026-09-03T08:15:39.9638801+05:00" testType="13cdc9d9-ddb5-4fa4-a97d-d965ccfc6d4b" outcome="Passed" testListId="8c84fa94-04c1-424b-9868-57a2d4851a1d" relativeResultsDirectory="06940f03-ce97-41cf-9cc2-aee6063fe98e" />
    <UnitTestResult executionId="58a7a109-525e-4ad6-b7cf-b2fc0dcb31fe" testId="46a40d61-efc3-1931-0d41-b5a0c6239c21" testName="ProjectSaveServiceSource_RejectsViewModelAndWpfReferences" computerName="DESKTOP-CVGB6OE" duration="00:00:00.0033380" startTime="2026-09-03T08:15:39.4921307+05:00" endTime="2026-09-03T08:15:39.4954398+05:00" testType="13cdc9d9-ddb5-4fa4-a97d-d965ccfc6d4b" outcome="Passed" testListId="8c84fa94-04c1-424b-9868-57a2d4851a1d" relativeResultsDirectory="58a7a109-525e-4ad6-b7cf-b2fc0dcb31fe" />
    <UnitTestResult executionId="9448afa1-d7a6-405a-8197-9f6302bedb9f" testId="5c89b53b-3837-4bdb-d066-daabd46eea5d" testName="CollectorEquipmentItems_GroupsSameValveTypeAndCircuitCount" computerName="DESKTOP-CVGB6OE" duration="00:00:00.0020209" startTime="2026-09-03T08:15:40.0273515+05:00" endTime="2026-09-03T08:15:40.0293726+05:00" testType="13cdc9d9-ddb5-4fa4-a97d-d965ccfc6d4b" outcome="Passed" testListId="8c84fa94-04c1-424b-9868-57a2d4851a1d" relativeResultsDirectory="9448afa1-d7a6-405a-8197-9f6302bedb9f" />
    <UnitTestResult executionId="babe4425-56a6-40b1-9d67-76a95895e8fc" testId="30772160-6073-948c-fda7-acea5073087a" testName="MaterialEditorView_ResolvesFromProvider" computerName="DESKTOP-CVGB6OE" duration="00:00:00.1131850" startTime="2026-09-03T08:15:39.8191768+05:00" endTime="2026-09-03T08:15:39.9323616+05:00" testType="13cdc9d9-ddb5-4fa4-a97d-d965ccfc6d4b" outcome="Passed" testListId="8c84fa94-04c1-424b-9868-57a2d4851a1d" relativeResultsDirectory="babe4425-56a6-40b1-9d67-76a95895e8fc" />
    <UnitTestResult executionId="434774d7-1d30-4d2c-b666-5c880c962596" testId="ff833963-ce4c-e2ab-e32a-82243c425fb6" testName="ConstructionTemplateValidator_ResolvesAsSelfAndInterface" computerName="DESKTOP-CVGB6OE" duration="00:00:00.0003630" startTime="2026-09-03T08:15:39.8111504+05:00" endTime="2026-09-03T08:15:39.8115129+05:00" testType="13cdc9d9-ddb5-4fa4-a97d-d965ccfc6d4b" outcome="Passed" testListId="8c84fa94-04c1-424b-9868-57a2d4851a1d" relativeResultsDirectory="434774d7-1d30-4d2c-b666-5c880c962596" />
    <UnitTestResult executionId="a02c7763-edc7-4ca5-80de-a6877a75287a" testId="2fa672d0-1e38-1145-6480-b85e958dbde2" testName="RefreshAll_ProjectsCollectorCircuitSpecificationsEquipmentCardsAndKpi" computerName="DESKTOP-CVGB6OE" duration="00:00:00.0024690" startTime="2026-09-03T08:15:39.9886408+05:00" endTime="2026-09-03T08:15:39.9911103+05:00" testType="13cdc9d9-ddb5-4fa4-a97d-d965ccfc6d4b" outcome="Passed" testListId="8c84fa94-04c1-424b-9868-57a2d4851a1d" relativeResultsDirectory="a02c7763-edc7-4ca5-80de-a6877a75287a" />
    <UnitTestResult executionId="2e89e1e6-3197-4e6c-94f9-a0e2f61c18ff" testId="fa799109-d023-d4b4-0634-fe8d65763588" testName="EditorDialogService_ResolvesFromProvider" computerName="DESKTOP-CVGB6OE" duration="00:00:00.0051390" startTime="2026-09-03T08:15:39.8119622+05:00" endTime="2026-09-03T08:15:39.8171009+05:00" testType="13cdc9d9-ddb5-4fa4-a97d-d965ccfc6d4b" outcome="Passed" testListId="8c84fa94-04c1-424b-9868-57a2d4851a1d" relativeResultsDirectory="2e89e1e6-3197-4e6c-94f9-a0e2f61c18ff" />
    <UnitTestResult executionId="4fb917c4-2aff-4ac2-9582-9051d57b2e04" testId="5fdcda3f-d357-ab01-1d56-197df3e8df4a" testName="ConstructionLifecycleDescriptors_HaveOneCanonicalOwnerAndReadProjection" computerName="DESKTOP-CVGB6OE" duration="00:00:00.0004710" startTime="2026-09-03T08:15:39.8106618+05:00" endTime="2026-09-03T08:15:39.8111329+05:00" testType="13cdc9d9-ddb5-4fa4-a97d-d965ccfc6d4b" outcome="Passed" testListId="8c84fa94-04c1-424b-9868-57a2d4851a1d" relativeResultsDirectory="4fb917c4-2aff-4ac2-9582-9051d57b2e04" />
    <UnitTestResult executionId="c38deb7d-3c8e-4030-9d97-5166d0d38dea" testId="1ca676db-4494-9c98-f05b-6e75f76bd343" testName="ThermalState_IndependentRegistration_IsRejectedByDescriptorAndRuntimeIdentityGuards" computerName="DESKTOP-CVGB6OE" duration="00:00:00.0005760" startTime="2026-09-03T08:15:39.9629933+05:00" endTime="2026-09-03T08:15:39.9635692+05:00" testType="13cdc9d9-ddb5-4fa4-a97d-d965ccfc6d4b" outcome="Passed" testListId="8c84fa94-04c1-424b-9868-57a2d4851a1d" relativeResultsDirectory="c38deb7d-3c8e-4030-9d97-5166d0d38dea" />
    <UnitTestResult executionId="f0a4e20b-bdc1-4b83-9b3e-f48fd6d890e0" testId="c99f619f-47fd-7a10-880f-1ed892a17354" testName="ResolveView_CachedResultsEntryRefreshesProjectionBeforeReturningSameView" computerName="DESKTOP-CVGB6OE" duration="00:00:00.1279660" startTime="2026-09-03T08:15:39.5922512+05:00" endTime="2026-09-03T08:15:39.7202170+05:00" testType="13cdc9d9-ddb5-4fa4-a97d-d965ccfc6d4b" outcome="Passed" testListId="8c84fa94-04c1-424b-9868-57a2d4851a1d" relativeResultsDirectory="f0a4e20b-bdc1-4b83-9b3e-f48fd6d890e0" />
    <UnitTestResult executionId="2fc8f245-7215-4c2d-8c56-3bc35a5f0df8" testId="03c11344-6edf-1d48-f5e5-646084d98319" testName="ResultsCommands_RefreshBeforeConsumingOrExportingData(&quot;PreviewPdf&quot;)" computerName="DESKTOP-CVGB6OE" duration="00:00:00.0004190" startTime="2026-09-03T08:15:39.7315709+05:00" endTime="2026-09-03T08:15:39.7319901+05:00" testType="13cdc9d9-ddb5-4fa4-a97d-d965ccfc6d4b" outcome="Passed" testListId="8c84fa94-04c1-424b-9868-57a2d4851a1d" relativeResultsDirectory="2fc8f245-7215-4c2d-8c56-3bc35a5f0df8" />
  </Results>
  <TestDefinitions>
    <UnitTest name="UpdateCircuitsFilter_ReconstructsResultsOwnedRows_FromCanonicalSnapshot" storage="d:\ia\ace — копия\tests\snowmeltingcalculator.tests\bin\debug\net8.0-windows\snowmeltingcalculator.tests.dll" id="53894312-25f0-84d3-2d84-12ddcd438a37">
      <Execution id="8229cb3b-8dfa-43f1-b415-0f59d521fa38" />
      <TestMethod codeBase="D:\IA\ace — копия\tests\SnowMeltingCalculator.Tests\bin\Debug\net8.0-windows\SnowMeltingCalculator.Tests.dll" adapterTypeName="executor://nunit3testexecutor/" className="SnowMeltingCalculator.Tests.ViewModels.ResultsOwnedCircuitProjectionTests" name="UpdateCircuitsFilter_ReconstructsResultsOwnedRows_FromCanonicalSnapshot" />
    </UnitTest>
    <UnitTest name="MaterialEditorViewModel_ResolvesFromProvider" storage="d:\ia\ace — копия\tests\snowmeltingcalculator.tests\bin\debug\net8.0-windows\snowmeltingcalculator.tests.dll" id="b76bf35e-d85a-c21f-0b03-297e82352380">
      <Execution id="5f7a84dc-8397-481e-b9fc-fc175133e7c1" />
      <TestMethod codeBase="D:\IA\ace — копия\tests\SnowMeltingCalculator.Tests\bin\Debug\net8.0-windows\SnowMeltingCalculator.Tests.dll" adapterTypeName="executor://nunit3testexecutor/" className="SnowMeltingCalculator.Tests.Configuration.DiRegistrationTests" name="MaterialEditorViewModel_ResolvesFromProvider" />
    </UnitTest>
    <UnitTest name="ThermalState_ResolvesReferenceIdenticalThroughEverySessionAlias" storage="d:\ia\ace — копия\tests\snowmeltingcalculator.tests\bin\debug\net8.0-windows\snowmeltingcalculator.tests.dll" id="b4a362dc-9ebd-e7c0-d5f4-c87c8879cdfb">
      <Execution id="fd9c99da-b5bd-479c-bd01-c70027f775ad" />
      <TestMethod codeBase="D:\IA\ace — копия\tests\SnowMeltingCalculator.Tests\bin\Debug\net8.0-windows\SnowMeltingCalculator.Tests.dll" adapterTypeName="executor://nunit3testexecutor/" className="SnowMeltingCalculator.Tests.Configuration.DiRegistrationTests" name="ThermalState_ResolvesReferenceIdenticalThroughEverySessionAlias" />
    </UnitTest>
    <UnitTest name="ResolveView_ResultsRefreshRemainsInsideExistingFailureBoundaryAndHasOneCallSite" storage="d:\ia\ace — копия\tests\snowmeltingcalculator.tests\bin\debug\net8.0-windows\snowmeltingcalculator.tests.dll" id="766d1b2f-b6db-6898-c1a3-826da3004bbb">
      <Execution id="52355db1-f369-41a1-8c4e-e4711906dfb9" />
      <TestMethod codeBase="D:\IA\ace — копия\tests\SnowMeltingCalculator.Tests\bin\Debug\net8.0-windows\SnowMeltingCalculator.Tests.dll" adapterTypeName="executor://nunit3testexecutor/" className="SnowMeltingCalculator.Tests.ViewModels.ResultsStabilizationPhase1ContractsTests" name="ResolveView_ResultsRefreshRemainsInsideExistingFailureBoundaryAndHasOneCallSite" />
    </UnitTest>
    <UnitTest name="SaveAsync_WhenFileServiceReturnsFailure_ReturnsOperationResultUnchanged" storage="d:\ia\ace — копия\tests\snowmeltingcalculator.tests\bin\debug\net8.0-windows\snowmeltingcalculator.tests.dll" id="189095cd-1474-7ea8-12a7-a0d7fe681a4d">
      <Execution id="b1a9084c-18df-4ef9-bc46-7fc479b7b920" />
      <TestMethod codeBase="D:\IA\ace — копия\tests\SnowMeltingCalculator.Tests\bin\Debug\net8.0-windows\SnowMeltingCalculator.Tests.dll" adapterTypeName="executor://nunit3testexecutor/" className="SnowMeltingCalculator.Tests.Services.Project.ProjectSaveServiceTests" name="SaveAsync_WhenFileServiceReturnsFailure_ReturnsOperationResultUnchanged" />
    </UnitTest>
    <UnitTest name="ClimateLifecycleConsumers_ObserveCanonicalProjectionChain" storage="d:\ia\ace — копия\tests\snowmeltingcalculator.tests\bin\debug\net8.0-windows\snowmeltingcalculator.tests.dll" id="43a96d8d-0f21-690e-b248-347617bb11d4">
      <Execution id="d7410fff-49c5-4bf0-b046-b93a1290002c" />
      <TestMethod codeBase="D:\IA\ace — копия\tests\SnowMeltingCalculator.Tests\bin\Debug\net8.0-windows\SnowMeltingCalculator.Tests.dll" adapterTypeName="executor://nunit3testexecutor/" className="SnowMeltingCalculator.Tests.Configuration.DiRegistrationTests" name="ClimateLifecycleConsumers_ObserveCanonicalProjectionChain" />
    </UnitTest>
    <UnitTest name="ThermalState_IndependentRegistration_IsRejectedByDescriptorAndRuntimeIdentityGuards" storage="d:\ia\ace — копия\tests\snowmeltingcalculator.tests\bin\debug\net8.0-windows\snowmeltingcalculator.tests.dll" id="1ca676db-4494-9c98-f05b-6e75f76bd343">
      <Execution id="c38deb7d-3c8e-4030-9d97-5166d0d38dea" />
      <TestMethod codeBase="D:\IA\ace — копия\tests\SnowMeltingCalculator.Tests\bin\Debug\net8.0-windows\SnowMeltingCalculator.Tests.dll" adapterTypeName="executor://nunit3testexecutor/" className="SnowMeltingCalculator.Tests.Configuration.DiRegistrationTests" name="ThermalState_IndependentRegistration_IsRejectedByDescriptorAndRuntimeIdentityGuards" />
    </UnitTest>
    <UnitTest name="ConstructionTemplateValidator_ResolvesAsSelfAndInterface" storage="d:\ia\ace — копия\tests\snowmeltingcalculator.tests\bin\debug\net8.0-windows\snowmeltingcalculator.tests.dll" id="ff833963-ce4c-e2ab-e32a-82243c425fb6">
      <Execution id="434774d7-1d30-4d2c-b666-5c880c962596" />
      <TestMethod codeBase="D:\IA\ace — копия\tests\SnowMeltingCalculator.Tests\bin\Debug\net8.0-windows\SnowMeltingCalculator.Tests.dll" adapterTypeName="executor://nunit3testexecutor/" className="SnowMeltingCalculator.Tests.Configuration.DiRegistrationTests" name="ConstructionTemplateValidator_ResolvesAsSelfAndInterface" />
    </UnitTest>
    <UnitTest name="CollectorEquipmentItems_ClearsOnResetOrEmptyState" storage="d:\ia\ace — копия\tests\snowmeltingcalculator.tests\bin\debug\net8.0-windows\snowmeltingcalculator.tests.dll" id="1a451851-dd58-5aa6-605a-0f384c6bc6bf">
      <Execution id="72f44346-111e-4232-a80b-23eceaca378f" />
      <TestMethod codeBase="D:\IA\ace — копия\tests\SnowMeltingCalculator.Tests\bin\Debug\net8.0-windows\SnowMeltingCalculator.Tests.dll" adapterTypeName="executor://nunit3testexecutor/" className="SnowMeltingCalculator.Tests.ViewModels.ResultsViewModelCollectorEquipmentItemsTests" name="CollectorEquipmentItems_ClearsOnResetOrEmptyState" />
    </UnitTest>
    <UnitTest name="SaveToFileSourceSlice_RejectsSaveCurrentProject" storage="d:\ia\ace — копия\tests\snowmeltingcalculator.tests\bin\debug\net8.0-windows\snowmeltingcalculator.tests.dll" id="96333010-c421-cf78-6774-413dc7fa01e8">
      <Execution id="1eec0117-14fb-4e54-9fb8-0ca41f4ea9d1" />
      <TestMethod codeBase="D:\IA\ace — копия\tests\SnowMeltingCalculator.Tests\bin\Debug\net8.0-windows\SnowMeltingCalculator.Tests.dll" adapterTypeName="executor://nunit3testexecutor/" className="SnowMeltingCalculator.Tests.Services.Project.ProjectSaveServiceTests" name="SaveToFileSourceSlice_RejectsSaveCurrentProject" />
    </UnitTest>
    <UnitTest name="ResultsCommands_RefreshBeforeConsumingOrExportingData(&quot;ExportOperatingMarkdownReport&quot;)" storage="d:\ia\ace — копия\tests\snowmeltingcalculator.tests\bin\debug\net8.0-windows\snowmeltingcalculator.tests.dll" id="bca05f08-f85b-b9dd-202e-0a6dd436f917">
      <Execution id="75ef3c72-dede-44a7-bdcd-5ca3014b39cc" />
      <TestMethod codeBase="D:\IA\ace — копия\tests\SnowMeltingCalculator.Tests\bin\Debug\net8.0-windows\SnowMeltingCalculator.Tests.dll" adapterTypeName="executor://nunit3testexecutor/" className="SnowMeltingCalculator.Tests.ViewModels.ResultsStabilizationPhase1ContractsTests" name="ResultsCommands_RefreshBeforeConsumingOrExportingData(&quot;ExportOperatingMarkdownReport&quot;)" />
    </UnitTest>
    <UnitTest name="ThermalState_DuplicateIndependentRegistration_IsFlaggedByDescriptorGuard" storage="d:\ia\ace — копия\tests\snowmeltingcalculator.tests\bin\debug\net8.0-windows\snowmeltingcalculator.tests.dll" id="795b12c9-c3b9-087e-719e-f6d01289a931">
      <Execution id="a5039f02-d85c-4cee-b438-1e573685dc42" />
      <TestMethod codeBase="D:\IA\ace — копия\tests\SnowMeltingCalculator.Tests\bin\Debug\net8.0-windows\SnowMeltingCalculator.Tests.dll" adapterTypeName="executor://nunit3testexecutor/" className="SnowMeltingCalculator.Tests.Configuration.DiRegistrationTests" name="ThermalState_DuplicateIndependentRegistration_IsFlaggedByDescriptorGuard" />
    </UnitTest>
    <UnitTest name="ConstructionLifecycleConsumers_ObserveCanonicalSessionStateAndProjection" storage="d:\ia\ace — копия\tests\snowmeltingcalculator.tests\bin\debug\net8.0-windows\snowmeltingcalculator.tests.dll" id="7e553825-6a59-f4fb-5f38-c12d98159cce">
      <Execution id="88e54c44-40de-476b-b7ed-8e8b092c9414" />
      <TestMethod codeBase="D:\IA\ace — копия\tests\SnowMeltingCalculator.Tests\bin\Debug\net8.0-windows\SnowMeltingCalculator.Tests.dll" adapterTypeName="executor://nunit3testexecutor/" className="SnowMeltingCalculator.Tests.Configuration.DiRegistrationTests" name="ConstructionLifecycleConsumers_ObserveCanonicalSessionStateAndProjection" />
    </UnitTest>
    <UnitTest name="LoadAndReopen_RefreshesProjectionAndLeavesProjectClean" storage="d:\ia\ace — копия\tests\snowmeltingcalculator.tests\bin\debug\net8.0-windows\snowmeltingcalculator.tests.dll" id="b15187f7-89e2-b76b-482c-e49ab9ba4fef">
      <Execution id="4c173f1a-fc64-4543-9b53-96b894b9d4ff" />
      <TestMethod codeBase="D:\IA\ace — копия\tests\SnowMeltingCalculator.Tests\bin\Debug\net8.0-windows\SnowMeltingCalculator.Tests.dll" adapterTypeName="executor://nunit3testexecutor/" className="SnowMeltingCalculator.Tests.ViewModels.ResultsStabilizationPhase1BehaviorContractsTests" name="LoadAndReopen_RefreshesProjectionAndLeavesProjectClean" />
    </UnitTest>
    <UnitTest name="ConstructionViewModel_ResolvesFromProvider" storage="d:\ia\ace — копия\tests\snowmeltingcalculator.tests\bin\debug\net8.0-windows\snowmeltingcalculator.tests.dll" id="e2da9dce-d31b-8e04-ebec-58ab7759a961">
      <Execution id="60560b24-8cbc-40d6-8a10-b60dd55a2069" />
      <TestMethod codeBase="D:\IA\ace — копия\tests\SnowMeltingCalculator.Tests\bin\Debug\net8.0-windows\SnowMeltingCalculator.Tests.dll" adapterTypeName="executor://nunit3testexecutor/" className="SnowMeltingCalculator.Tests.Configuration.DiRegistrationTests" name="ConstructionViewModel_ResolvesFromProvider" />
    </UnitTest>
    <UnitTest name="RefreshAll_WhenSourceResultIsCleared_ZerosOutputAndMarksNotReady" storage="d:\ia\ace — копия\tests\snowmeltingcalculator.tests\bin\debug\net8.0-windows\snowmeltingcalculator.tests.dll" id="b9bad301-50c0-8b2f-89c1-0dec91a75935">
      <Execution id="1c23923c-8281-497a-9484-9fcbe7265459" />
      <TestMethod codeBase="D:\IA\ace — копия\tests\SnowMeltingCalculator.Tests\bin\Debug\net8.0-windows\SnowMeltingCalculator.Tests.dll" adapterTypeName="executor://nunit3testexecutor/" className="SnowMeltingCalculator.Tests.ViewModels.ResultsStabilizationPhase1BehaviorContractsTests" name="RefreshAll_WhenSourceResultIsCleared_ZerosOutputAndMarksNotReady" />
    </UnitTest>
    <UnitTest name="EditorDialogService_ResolvesFromProvider" storage="d:\ia\ace — копия\tests\snowmeltingcalculator.tests\bin\debug\net8.0-windows\snowmeltingcalculator.tests.dll" id="fa799109-d023-d4b4-0634-fe8d65763588">
      <Execution id="2e89e1e6-3197-4e6c-94f9-a0e2f61c18ff" />
      <TestMethod codeBase="D:\IA\ace — копия\tests\SnowMeltingCalculator.Tests\bin\Debug\net8.0-windows\SnowMeltingCalculator.Tests.dll" adapterTypeName="executor://nunit3testexecutor/" className="SnowMeltingCalculator.Tests.Configuration.DiRegistrationTests" name="EditorDialogService_ResolvesFromProvider" />
    </UnitTest>
    <UnitTest name="SaveAsync_WhenFileServiceThrows_ExceptionPropagates" storage="d:\ia\ace — копия\tests\snowmeltingcalculator.tests\bin\debug\net8.0-windows\snowmeltingcalculator.tests.dll" id="48e23a5f-15b9-dd2f-b242-e972ab9a37a9">
      <Execution id="cdf575e7-bd60-404e-a603-137617ee6341" />
      <TestMethod codeBase="D:\IA\ace — копия\tests\SnowMeltingCalculator.Tests\bin\Debug\net8.0-windows\SnowMeltingCalculator.Tests.dll" adapterTypeName="executor://nunit3testexecutor/" className="SnowMeltingCalculator.Tests.Services.Project.ProjectSaveServiceTests" name="SaveAsync_WhenFileServiceThrows_ExceptionPropagates" />
    </UnitTest>
    <UnitTest name="ConstructionLifecycleDescriptors_HaveOneCanonicalOwnerAndReadProjection" storage="d:\ia\ace — копия\tests\snowmeltingcalculator.tests\bin\debug\net8.0-windows\snowmeltingcalculator.tests.dll" id="5fdcda3f-d357-ab01-1d56-197df3e8df4a">
      <Execution id="4fb917c4-2aff-4ac2-9582-9051d57b2e04" />
      <TestMethod codeBase="D:\IA\ace — копия\tests\SnowMeltingCalculator.Tests\bin\Debug\net8.0-windows\SnowMeltingCalculator.Tests.dll" adapterTypeName="executor://nunit3testexecutor/" className="SnowMeltingCalculator.Tests.Configuration.DiRegistrationTests" name="ConstructionLifecycleDescriptors_HaveOneCanonicalOwnerAndReadProjection" />
    </UnitTest>
    <UnitTest name="ResultsCommands_RefreshBeforeConsumingOrExportingData(&quot;ExportExcel&quot;)" storage="d:\ia\ace — копия\tests\snowmeltingcalculator.tests\bin\debug\net8.0-windows\snowmeltingcalculator.tests.dll" id="4b48bfa2-cb48-ea00-97b0-9de9a3b80fa3">
      <Execution id="fa1eb8b2-c23b-49bb-8178-dd5cad62b1c7" />
      <TestMethod codeBase="D:\IA\ace — копия\tests\SnowMeltingCalculator.Tests\bin\Debug\net8.0-windows\SnowMeltingCalculator.Tests.dll" adapterTypeName="executor://nunit3testexecutor/" className="SnowMeltingCalculator.Tests.ViewModels.ResultsStabilizationPhase1ContractsTests" name="ResultsCommands_RefreshBeforeConsumingOrExportingData(&quot;ExportExcel&quot;)" />
    </UnitTest>
    <UnitTest name="HydraulicsState_IsNotResolvableAsIndependentService_FromBuiltProvider" storage="d:\ia\ace — копия\tests\snowmeltingcalculator.tests\bin\debug\net8.0-windows\snowmeltingcalculator.tests.dll" id="2a7f099a-3364-9cf7-4083-276ed8bc3f0c">
      <Execution id="9645dc17-f90b-4cad-beaa-b42a2c843a1d" />
      <TestMethod codeBase="D:\IA\ace — копия\tests\SnowMeltingCalculator.Tests\bin\Debug\net8.0-windows\SnowMeltingCalculator.Tests.dll" adapterTypeName="executor://nunit3testexecutor/" className="SnowMeltingCalculator.Tests.Configuration.DiRegistrationTests" name="HydraulicsState_IsNotResolvableAsIndependentService_FromBuiltProvider" />
    </UnitTest>
    <UnitTest name="SaveAsync_PassesCancellationTokenUnchanged" storage="d:\ia\ace — копия\tests\snowmeltingcalculator.tests\bin\debug\net8.0-windows\snowmeltingcalculator.tests.dll" id="2028b32f-4b49-3551-0e23-3c2e0c410193">
      <Execution id="acc470da-bc18-4667-925d-0adbf1200f86" />
      <TestMethod codeBase="D:\IA\ace — копия\tests\SnowMeltingCalculator.Tests\bin\Debug\net8.0-windows\SnowMeltingCalculator.Tests.dll" adapterTypeName="executor://nunit3testexecutor/" className="SnowMeltingCalculator.Tests.Services.Project.ProjectSaveServiceTests" name="SaveAsync_PassesCancellationTokenUnchanged" />
    </UnitTest>
    <UnitTest name="ProjectSaveServiceSource_RejectsViewModelAndWpfReferences" storage="d:\ia\ace — копия\tests\snowmeltingcalculator.tests\bin\debug\net8.0-windows\snowmeltingcalculator.tests.dll" id="46a40d61-efc3-1931-0d41-b5a0c6239c21">
      <Execution id="58a7a109-525e-4ad6-b7cf-b2fc0dcb31fe" />
      <TestMethod codeBase="D:\IA\ace — копия\tests\SnowMeltingCalculator.Tests\bin\Debug\net8.0-windows\SnowMeltingCalculator.Tests.dll" adapterTypeName="executor://nunit3testexecutor/" className="SnowMeltingCalculator.Tests.Services.Project.ProjectSaveServiceTests" name="ProjectSaveServiceSource_RejectsViewModelAndWpfReferences" />
    </UnitTest>
    <UnitTest name="ResultsPdfDataBuilder_UsesConstructionLayersAndImageParametersFromSameCurrentSource" storage="d:\ia\ace — копия\tests\snowmeltingcalculator.tests\bin\debug\net8.0-windows\snowmeltingcalculator.tests.dll" id="8d421899-006f-bf4b-f2af-5fed09704780">
      <Execution id="e68136dc-18fa-4ca0-9ab0-84b313cb6e78" />
      <TestMethod codeBase="D:\IA\ace — копия\tests\SnowMeltingCalculator.Tests\bin\Debug\net8.0-windows\SnowMeltingCalculator.Tests.dll" adapterTypeName="executor://nunit3testexecutor/" className="SnowMeltingCalculator.Tests.ViewModels.ResultsStabilizationPhase1BehaviorContractsTests" name="ResultsPdfDataBuilder_UsesConstructionLayersAndImageParametersFromSameCurrentSource" />
    </UnitTest>
    <UnitTest name="ThermalLifecycleDescriptors_HaveNoIndependentRegistration" storage="d:\ia\ace — копия\tests\snowmeltingcalculator.tests\bin\debug\net8.0-windows\snowmeltingcalculator.tests.dll" id="6010a416-dd42-ceb3-9d68-5e2c83d6f5f6">
      <Execution id="da4e0cfc-1013-469e-a8fe-616ad4402f02" />
      <TestMethod codeBase="D:\IA\ace — копия\tests\SnowMeltingCalculator.Tests\bin\Debug\net8.0-windows\SnowMeltingCalculator.Tests.dll" adapterTypeName="executor://nunit3testexecutor/" className="SnowMeltingCalculator.Tests.Configuration.DiRegistrationTests" name="ThermalLifecycleDescriptors_HaveNoIndependentRegistration" />
    </UnitTest>
    <UnitTest name="ThermalState_IsNotResolvableAsIndependentService_FromBuiltProvider" storage="d:\ia\ace — копия\tests\snowmeltingcalculator.tests\bin\debug\net8.0-windows\snowmeltingcalculator.tests.dll" id="8b4a80fc-f33a-60a4-eeee-e90c52944376">
      <Execution id="06940f03-ce97-41cf-9cc2-aee6063fe98e" />
      <TestMethod codeBase="D:\IA\ace — копия\tests\SnowMeltingCalculator.Tests\bin\Debug\net8.0-windows\SnowMeltingCalculator.Tests.dll" adapterTypeName="executor://nunit3testexecutor/" className="SnowMeltingCalculator.Tests.Configuration.DiRegistrationTests" name="ThermalState_IsNotResolvableAsIndependentService_FromBuiltProvider" />
    </UnitTest>
    <UnitTest name="ResolveView_NonResultsNavigationReturnsCachedNonResultsView" storage="d:\ia\ace — копия\tests\snowmeltingcalculator.tests\bin\debug\net8.0-windows\snowmeltingcalculator.tests.dll" id="f0e9480e-64d9-0663-0e2b-3a37ffa4e8b9">
      <Execution id="225ab83b-9247-486f-8a99-6b5ea3e3a73a" />
      <TestMethod codeBase="D:\IA\ace — копия\tests\SnowMeltingCalculator.Tests\bin\Debug\net8.0-windows\SnowMeltingCalculator.Tests.dll" adapterTypeName="executor://nunit3testexecutor/" className="SnowMeltingCalculator.Tests.ViewModels.ResultsStabilizationPhase1ContractsTests" name="ResolveView_NonResultsNavigationReturnsCachedNonResultsView" />
    </UnitTest>
    <UnitTest name="TemplateEditorView_ResolvesFromProvider" storage="d:\ia\ace — копия\tests\snowmeltingcalculator.tests\bin\debug\net8.0-windows\snowmeltingcalculator.tests.dll" id="c8cb7f42-14e1-0392-29cd-04339b314fa5">
      <Execution id="8033ca56-235b-4f71-b379-ce3c3931a01e" />
      <TestMethod codeBase="D:\IA\ace — копия\tests\SnowMeltingCalculator.Tests\bin\Debug\net8.0-windows\SnowMeltingCalculator.Tests.dll" adapterTypeName="executor://nunit3testexecutor/" className="SnowMeltingCalculator.Tests.Configuration.DiRegistrationTests" name="TemplateEditorView_ResolvesFromProvider" />
    </UnitTest>
    <UnitTest name="CollectorEquipmentItems_GroupsMixedValveTypesWithExactQuantityAndCircuitCount" storage="d:\ia\ace — копия\tests\snowmeltingcalculator.tests\bin\debug\net8.0-windows\snowmeltingcalculator.tests.dll" id="068fde29-7f38-6e3f-b9d1-5ce31c98bd79">
      <Execution id="35105967-04ca-4a80-8215-4b05005d124f" />
      <TestMethod codeBase="D:\IA\ace — копия\tests\SnowMeltingCalculator.Tests\bin\Debug\net8.0-windows\SnowMeltingCalculator.Tests.dll" adapterTypeName="executor://nunit3testexecutor/" className="SnowMeltingCalculator.Tests.ViewModels.ResultsViewModelCollectorEquipmentItemsTests" name="CollectorEquipmentItems_GroupsMixedValveTypesWithExactQuantityAndCircuitCount" />
    </UnitTest>
    <UnitTest name="MaterialEditorView_ResolvesFromProvider" storage="d:\ia\ace — копия\tests\snowmeltingcalculator.tests\bin\debug\net8.0-windows\snowmeltingcalculator.tests.dll" id="30772160-6073-948c-fda7-acea5073087a">
      <Execution id="babe4425-56a6-40b1-9d67-76a95895e8fc" />
      <TestMethod codeBase="D:\IA\ace — копия\tests\SnowMeltingCalculator.Tests\bin\Debug\net8.0-windows\SnowMeltingCalculator.Tests.dll" adapterTypeName="executor://nunit3testexecutor/" className="SnowMeltingCalculator.Tests.Configuration.DiRegistrationTests" name="MaterialEditorView_ResolvesFromProvider" />
    </UnitTest>
    <UnitTest name="ResultsCommands_RefreshBeforeConsumingOrExportingData(&quot;ExportDesignColdMarkdownReport&quot;)" storage="d:\ia\ace — копия\tests\snowmeltingcalculator.tests\bin\debug\net8.0-windows\snowmeltingcalculator.tests.dll" id="dafabb9d-f919-ece9-2299-4da1c29a1566">
      <Execution id="6c701c43-4734-4b00-85fd-6c56c50431d8" />
      <TestMethod codeBase="D:\IA\ace — копия\tests\SnowMeltingCalculator.Tests\bin\Debug\net8.0-windows\SnowMeltingCalculator.Tests.dll" adapterTypeName="executor://nunit3testexecutor/" className="SnowMeltingCalculator.Tests.ViewModels.ResultsStabilizationPhase1ContractsTests" name="ResultsCommands_RefreshBeforeConsumingOrExportingData(&quot;ExportDesignColdMarkdownReport&quot;)" />
    </UnitTest>
    <UnitTest name="SaveCurrentProject_ProjectsLiveModuleStateInsteadOfResultsCache" storage="d:\ia\ace — копия\tests\snowmeltingcalculator.tests\bin\debug\net8.0-windows\snowmeltingcalculator.tests.dll" id="a91c30e5-eef5-141b-9bcf-30c96b1c38ce">
      <Execution id="271ebdbb-e07b-460a-b9cf-da1652107b85" />
      <TestMethod codeBase="D:\IA\ace — копия\tests\SnowMeltingCalculator.Tests\bin\Debug\net8.0-windows\SnowMeltingCalculator.Tests.dll" adapterTypeName="executor://nunit3testexecutor/" className="SnowMeltingCalculator.Tests.ViewModels.ResultsStabilizationPhase1BehaviorContractsTests" name="SaveCurrentProject_ProjectsLiveModuleStateInsteadOfResultsCache" />
    </UnitTest>
    <UnitTest name="LoadProjectDataAsync_RefreshesAfterModuleRestoreBeforeProjectChangedAndMarkClean" storage="d:\ia\ace — копия\tests\snowmeltingcalculator.tests\bin\debug\net8.0-windows\snowmeltingcalculator.tests.dll" id="8c3e9570-53c8-851b-3943-d201b871fbc7">
      <Execution id="e08bc4a3-b395-40df-a223-247f04126be4" />
      <TestMethod codeBase="D:\IA\ace — копия\tests\SnowMeltingCalculator.Tests\bin\Debug\net8.0-windows\SnowMeltingCalculator.Tests.dll" adapterTypeName="executor://nunit3testexecutor/" className="SnowMeltingCalculator.Tests.ViewModels.ResultsStabilizationPhase1ContractsTests" name="LoadProjectDataAsync_RefreshesAfterModuleRestoreBeforeProjectChangedAndMarkClean" />
    </UnitTest>
    <UnitTest name="ResultsCommands_RefreshBeforeConsumingOrExportingData(&quot;PreviewPdf&quot;)" storage="d:\ia\ace — копия\tests\snowmeltingcalculator.tests\bin\debug\net8.0-windows\snowmeltingcalculator.tests.dll" id="03c11344-6edf-1d48-f5e5-646084d98319">
      <Execution id="2fc8f245-7215-4c2d-8c56-3bc35a5f0df8" />
      <TestMethod codeBase="D:\IA\ace — копия\tests\SnowMeltingCalculator.Tests\bin\Debug\net8.0-windows\SnowMeltingCalculator.Tests.dll" adapterTypeName="executor://nunit3testexecutor/" className="SnowMeltingCalculator.Tests.ViewModels.ResultsStabilizationPhase1ContractsTests" name="ResultsCommands_RefreshBeforeConsumingOrExportingData(&quot;PreviewPdf&quot;)" />
    </UnitTest>
    <UnitTest name="ConstructionCanonicalMutation_RefreshesThermalProjectionAndCalculationContext" storage="d:\ia\ace — копия\tests\snowmeltingcalculator.tests\bin\debug\net8.0-windows\snowmeltingcalculator.tests.dll" id="565bb7a8-6f61-73e4-12be-15e3f886bc7f">
      <Execution id="60867bcc-4d5b-41a4-96b2-3f304e5cc17b" />
      <TestMethod codeBase="D:\IA\ace — копия\tests\SnowMeltingCalculator.Tests\bin\Debug\net8.0-windows\SnowMeltingCalculator.Tests.dll" adapterTypeName="executor://nunit3testexecutor/" className="SnowMeltingCalculator.Tests.Configuration.DiRegistrationTests" name="ConstructionCanonicalMutation_RefreshesThermalProjectionAndCalculationContext" />
    </UnitTest>
    <UnitTest name="ThermalViewModel_EagerlyMaterializesTheSingleCoordinator" storage="d:\ia\ace — копия\tests\snowmeltingcalculator.tests\bin\debug\net8.0-windows\snowmeltingcalculator.tests.dll" id="6e111a98-4ad6-af6a-210e-28883cd0ba27">
      <Execution id="2f52e653-b1bc-49bc-ada0-625f64baeccf" />
      <TestMethod codeBase="D:\IA\ace — копия\tests\SnowMeltingCalculator.Tests\bin\Debug\net8.0-windows\SnowMeltingCalculator.Tests.dll" adapterTypeName="executor://nunit3testexecutor/" className="SnowMeltingCalculator.Tests.Configuration.DiRegistrationTests" name="ThermalViewModel_EagerlyMaterializesTheSingleCoordinator" />
    </UnitTest>
    <UnitTest name="HydraulicsState_ResolvesReferenceIdenticalThroughEverySessionAlias" storage="d:\ia\ace — копия\tests\snowmeltingcalculator.tests\bin\debug\net8.0-windows\snowmeltingcalculator.tests.dll" id="f4758828-f534-3ace-1765-45a20a728018">
      <Execution id="b7c03fa5-074b-4c13-a33b-019c1ddb66c2" />
      <TestMethod codeBase="D:\IA\ace — копия\tests\SnowMeltingCalculator.Tests\bin\Debug\net8.0-windows\SnowMeltingCalculator.Tests.dll" adapterTypeName="executor://nunit3testexecutor/" className="SnowMeltingCalculator.Tests.Configuration.DiRegistrationTests" name="HydraulicsState_ResolvesReferenceIdenticalThroughEverySessionAlias" />
    </UnitTest>
    <UnitTest name="ResultsViewModel_RestorePath_UsesTheSingletonOrchestratorWithCanonicalSessionSlices" storage="d:\ia\ace — копия\tests\snowmeltingcalculator.tests\bin\debug\net8.0-windows\snowmeltingcalculator.tests.dll" id="0006a625-f3b3-ea6a-f5b6-0058711730d2">
      <Execution id="9e9351ce-6c38-47ce-bf77-a04f3a246634" />
      <TestMethod codeBase="D:\IA\ace — копия\tests\SnowMeltingCalculator.Tests\bin\Debug\net8.0-windows\SnowMeltingCalculator.Tests.dll" adapterTypeName="executor://nunit3testexecutor/" className="SnowMeltingCalculator.Tests.Configuration.DiRegistrationTests" name="ResultsViewModel_RestorePath_UsesTheSingletonOrchestratorWithCanonicalSessionSlices" />
    </UnitTest>
    <UnitTest name="ThermalState_Addition_PreservesClimateAndConstructionIdentities" storage="d:\ia\ace — копия\tests\snowmeltingcalculator.tests\bin\debug\net8.0-windows\snowmeltingcalculator.tests.dll" id="15080e66-8ba3-3708-ffbe-da8c1cb9becf">
      <Execution id="797fb88b-2930-46fa-a06b-3bf8793e2a55" />
      <TestMethod codeBase="D:\IA\ace — копия\tests\SnowMeltingCalculator.Tests\bin\Debug\net8.0-windows\SnowMeltingCalculator.Tests.dll" adapterTypeName="executor://nunit3testexecutor/" className="SnowMeltingCalculator.Tests.Configuration.DiRegistrationTests" name="ThermalState_Addition_PreservesClimateAndConstructionIdentities" />
    </UnitTest>
    <UnitTest name="LoadHydraulicsDataOnNavigate_DelegatesToExactlyOneCanonicalRefreshAll" storage="d:\ia\ace — копия\tests\snowmeltingcalculator.tests\bin\debug\net8.0-windows\snowmeltingcalculator.tests.dll" id="3c7c00b8-152e-58a4-b7dc-0c2163dbdba2">
      <Execution id="450008fa-5560-4c15-91b0-a81dc739b193" />
      <TestMethod codeBase="D:\IA\ace — копия\tests\SnowMeltingCalculator.Tests\bin\Debug\net8.0-windows\SnowMeltingCalculator.Tests.dll" adapterTypeName="executor://nunit3testexecutor/" className="SnowMeltingCalculator.Tests.ViewModels.ResultsStabilizationPhase1ContractsTests" name="LoadHydraulicsDataOnNavigate_DelegatesToExactlyOneCanonicalRefreshAll" />
    </UnitTest>
    <UnitTest name="ThermalState_ConstructorCycle_IsRejectedByContainerWithoutServiceLocator" storage="d:\ia\ace — копия\tests\snowmeltingcalculator.tests\bin\debug\net8.0-windows\snowmeltingcalculator.tests.dll" id="22634a95-f8f4-57d3-214f-a8e53b46014b">
      <Execution id="c156c2dd-593a-4378-aaf3-41b8ab867712" />
      <TestMethod codeBase="D:\IA\ace — копия\tests\SnowMeltingCalculator.Tests\bin\Debug\net8.0-windows\SnowMeltingCalculator.Tests.dll" adapterTypeName="executor://nunit3testexecutor/" className="SnowMeltingCalculator.Tests.Configuration.DiRegistrationTests" name="ThermalState_ConstructorCycle_IsRejectedByContainerWithoutServiceLocator" />
    </UnitTest>
    <UnitTest name="ClimateLifecycleDescriptors_HaveNoTransientSecondOwner" storage="d:\ia\ace — копия\tests\snowmeltingcalculator.tests\bin\debug\net8.0-windows\snowmeltingcalculator.tests.dll" id="46fa58f9-9e8d-d292-8079-a966e43c178b">
      <Execution id="f08079a8-0fd4-48ef-bc0e-955575f1c7c1" />
      <TestMethod codeBase="D:\IA\ace — копия\tests\SnowMeltingCalculator.Tests\bin\Debug\net8.0-windows\SnowMeltingCalculator.Tests.dll" adapterTypeName="executor://nunit3testexecutor/" className="SnowMeltingCalculator.Tests.Configuration.DiRegistrationTests" name="ClimateLifecycleDescriptors_HaveNoTransientSecondOwner" />
    </UnitTest>
    <UnitTest name="RefreshAll_ProjectsCollectorCircuitSpecificationsEquipmentCardsAndKpi" storage="d:\ia\ace — копия\tests\snowmeltingcalculator.tests\bin\debug\net8.0-windows\snowmeltingcalculator.tests.dll" id="2fa672d0-1e38-1145-6480-b85e958dbde2">
      <Execution id="a02c7763-edc7-4ca5-80de-a6877a75287a" />
      <TestMethod codeBase="D:\IA\ace — копия\tests\SnowMeltingCalculator.Tests\bin\Debug\net8.0-windows\SnowMeltingCalculator.Tests.dll" adapterTypeName="executor://nunit3testexecutor/" className="SnowMeltingCalculator.Tests.ViewModels.ResultsStabilizationPhase1BehaviorContractsTests" name="RefreshAll_ProjectsCollectorCircuitSpecificationsEquipmentCardsAndKpi" />
    </UnitTest>
    <UnitTest name="ToggleMode_WritesDisplayModeOnlyOnResultsOwnedRows" storage="d:\ia\ace — копия\tests\snowmeltingcalculator.tests\bin\debug\net8.0-windows\snowmeltingcalculator.tests.dll" id="95e243aa-045e-fbec-a5c6-4b2c541d2407">
      <Execution id="625f619d-c580-4530-84a9-c20f30a3d5d9" />
      <TestMethod codeBase="D:\IA\ace — копия\tests\SnowMeltingCalculator.Tests\bin\Debug\net8.0-windows\SnowMeltingCalculator.Tests.dll" adapterTypeName="executor://nunit3testexecutor/" className="SnowMeltingCalculator.Tests.ViewModels.ResultsOwnedCircuitProjectionTests" name="ToggleMode_WritesDisplayModeOnlyOnResultsOwnedRows" />
    </UnitTest>
    <UnitTest name="UpdateCircuitsFilter_RowsAreNotSharedWithModuleViewModel" storage="d:\ia\ace — копия\tests\snowmeltingcalculator.tests\bin\debug\net8.0-windows\snowmeltingcalculator.tests.dll" id="107aa2e2-fe3a-215d-6290-3ae8bc03f865">
      <Execution id="fb419e70-a91c-47e5-8a52-d802c7520cd8" />
      <TestMethod codeBase="D:\IA\ace — копия\tests\SnowMeltingCalculator.Tests\bin\Debug\net8.0-windows\SnowMeltingCalculator.Tests.dll" adapterTypeName="executor://nunit3testexecutor/" className="SnowMeltingCalculator.Tests.ViewModels.ResultsOwnedCircuitProjectionTests" name="UpdateCircuitsFilter_RowsAreNotSharedWithModuleViewModel" />
    </UnitTest>
    <UnitTest name="ResolveView_CachedResultsEntryRefreshesProjectionBeforeReturningSameView" storage="d:\ia\ace — копия\tests\snowmeltingcalculator.tests\bin\debug\net8.0-windows\snowmeltingcalculator.tests.dll" id="c99f619f-47fd-7a10-880f-1ed892a17354">
      <Execution id="f0a4e20b-bdc1-4b83-9b3e-f48fd6d890e0" />
      <TestMethod codeBase="D:\IA\ace — копия\tests\SnowMeltingCalculator.Tests\bin\Debug\net8.0-windows\SnowMeltingCalculator.Tests.dll" adapterTypeName="executor://nunit3testexecutor/" className="SnowMeltingCalculator.Tests.ViewModels.ResultsStabilizationPhase1ContractsTests" name="ResolveView_CachedResultsEntryRefreshesProjectionBeforeReturningSameView" />
    </UnitTest>
    <UnitTest name="RefreshAll_WhenSourceStateIsUnchanged_IsValueIdempotentWithoutDuplicateRowsOrCalculation" storage="d:\ia\ace — копия\tests\snowmeltingcalculator.tests\bin\debug\net8.0-windows\snowmeltingcalculator.tests.dll" id="a6e1cce5-161c-e6a1-6c55-426b83b6e9c5">
      <Execution id="8005f604-96ee-4924-ab0b-bf3da1e27bc9" />
      <TestMethod codeBase="D:\IA\ace — копия\tests\SnowMeltingCalculator.Tests\bin\Debug\net8.0-windows\SnowMeltingCalculator.Tests.dll" adapterTypeName="executor://nunit3testexecutor/" className="SnowMeltingCalculator.Tests.ViewModels.ResultsStabilizationPhase1BehaviorContractsTests" name="RefreshAll_WhenSourceStateIsUnchanged_IsValueIdempotentWithoutDuplicateRowsOrCalculation" />
    </UnitTest>
    <UnitTest name="CollectorEquipmentItems_DoesNotGroupDifferentCircuitCountsOrValveTypes" storage="d:\ia\ace — копия\tests\snowmeltingcalculator.tests\bin\debug\net8.0-windows\snowmeltingcalculator.tests.dll" id="00107849-5229-7ebb-03fa-818954eb3c2a">
      <Execution id="11f4e8ec-f0c5-4547-a1d8-06f39afa25c9" />
      <TestMethod codeBase="D:\IA\ace — копия\tests\SnowMeltingCalculator.Tests\bin\Debug\net8.0-windows\SnowMeltingCalculator.Tests.dll" adapterTypeName="executor://nunit3testexecutor/" className="SnowMeltingCalculator.Tests.ViewModels.ResultsViewModelCollectorEquipmentItemsTests" name="CollectorEquipmentItems_DoesNotGroupDifferentCircuitCountsOrValveTypes" />
    </UnitTest>
    <UnitTest name="RefreshAll_UsesCanonicalSynchronizationOrderExactlyOnce" storage="d:\ia\ace — копия\tests\snowmeltingcalculator.tests\bin\debug\net8.0-windows\snowmeltingcalculator.tests.dll" id="bce91b22-1909-2ade-b75e-218ba6bf9750">
      <Execution id="b3ee8c3f-264e-4c1d-8ac0-d10e1ac24b06" />
      <TestMethod codeBase="D:\IA\ace — копия\tests\SnowMeltingCalculator.Tests\bin\Debug\net8.0-windows\SnowMeltingCalculator.Tests.dll" adapterTypeName="executor://nunit3testexecutor/" className="SnowMeltingCalculator.Tests.ViewModels.ResultsStabilizationPhase1ContractsTests" name="RefreshAll_UsesCanonicalSynchronizationOrderExactlyOnce" />
    </UnitTest>
    <UnitTest name="RefreshAll_WhenInputsChangeButValidResultIsRetained_PreservesOutputWithoutCalculation" storage="d:\ia\ace — копия\tests\snowmeltingcalculator.tests\bin\debug\net8.0-windows\snowmeltingcalculator.tests.dll" id="0d764722-03ae-44ed-9304-8d0708ccb6c6">
      <Execution id="65e045fd-9f47-403e-8e07-0591a638592a" />
      <TestMethod codeBase="D:\IA\ace — копия\tests\SnowMeltingCalculator.Tests\bin\Debug\net8.0-windows\SnowMeltingCalculator.Tests.dll" adapterTypeName="executor://nunit3testexecutor/" className="SnowMeltingCalculator.Tests.ViewModels.ResultsStabilizationPhase1BehaviorContractsTests" name="RefreshAll_WhenInputsChangeButValidResultIsRetained_PreservesOutputWithoutCalculation" />
    </UnitTest>
    <UnitTest name="SaveAsync_WithValidSession_MapsSnapshotFieldsAndCallsServicesExactlyOnce" storage="d:\ia\ace — копия\tests\snowmeltingcalculator.tests\bin\debug\net8.0-windows\snowmeltingcalculator.tests.dll" id="18d8f9d3-fd7f-59ac-688c-9e31e5755e59">
      <Execution id="a5ab8312-f3a1-4ea4-91fa-d583ae2979c1" />
      <TestMethod codeBase="D:\IA\ace — копия\tests\SnowMeltingCalculator.Tests\bin\Debug\net8.0-windows\SnowMeltingCalculator.Tests.dll" adapterTypeName="executor://nunit3testexecutor/" className="SnowMeltingCalculator.Tests.Services.Project.ProjectSaveServiceTests" name="SaveAsync_WithValidSession_MapsSnapshotFieldsAndCallsServicesExactlyOnce" />
    </UnitTest>
    <UnitTest name="ResultsCommands_RefreshBeforeConsumingOrExportingData(&quot;PrintPdf&quot;)" storage="d:\ia\ace — копия\tests\snowmeltingcalculator.tests\bin\debug\net8.0-windows\snowmeltingcalculator.tests.dll" id="729efd80-556a-adb1-ec37-7034b346d87e">
      <Execution id="5bd7c34f-874d-4295-8f6e-0cc1a91198cd" />
      <TestMethod codeBase="D:\IA\ace — копия\tests\SnowMeltingCalculator.Tests\bin\Debug\net8.0-windows\SnowMeltingCalculator.Tests.dll" adapterTypeName="executor://nunit3testexecutor/" className="SnowMeltingCalculator.Tests.ViewModels.ResultsStabilizationPhase1ContractsTests" name="ResultsCommands_RefreshBeforeConsumingOrExportingData(&quot;PrintPdf&quot;)" />
    </UnitTest>
    <UnitTest name="TemplateEditorViewModel_ResolvesFromProvider" storage="d:\ia\ace — копия\tests\snowmeltingcalculator.tests\bin\debug\net8.0-windows\snowmeltingcalculator.tests.dll" id="4bd8711c-fec4-19d2-c5c7-e482d25ef1c6">
      <Execution id="f27b5344-662e-45e4-9a11-d558f866e529" />
      <TestMethod codeBase="D:\IA\ace — копия\tests\SnowMeltingCalculator.Tests\bin\Debug\net8.0-windows\SnowMeltingCalculator.Tests.dll" adapterTypeName="executor://nunit3testexecutor/" className="SnowMeltingCalculator.Tests.Configuration.DiRegistrationTests" name="TemplateEditorViewModel_ResolvesFromProvider" />
    </UnitTest>
    <UnitTest name="CollectorEquipmentItems_GroupsSameValveTypeAndCircuitCount" storage="d:\ia\ace — копия\tests\snowmeltingcalculator.tests\bin\debug\net8.0-windows\snowmeltingcalculator.tests.dll" id="5c89b53b-3837-4bdb-d066-daabd46eea5d">
      <Execution id="9448afa1-d7a6-405a-8197-9f6302bedb9f" />
      <TestMethod codeBase="D:\IA\ace — копия\tests\SnowMeltingCalculator.Tests\bin\Debug\net8.0-windows\SnowMeltingCalculator.Tests.dll" adapterTypeName="executor://nunit3testexecutor/" className="SnowMeltingCalculator.Tests.ViewModels.ResultsViewModelCollectorEquipmentItemsTests" name="CollectorEquipmentItems_GroupsSameValveTypeAndCircuitCount" />
    </UnitTest>
    <UnitTest name="ThermalStateCoordinator_IsSingleton_ReferenceIdenticalWithSessionState" storage="d:\ia\ace — копия\tests\snowmeltingcalculator.tests\bin\debug\net8.0-windows\snowmeltingcalculator.tests.dll" id="0b4d2291-6b50-2a41-ce4d-45d2ac87f269">
      <Execution id="ad5b6ea4-86e1-4b6a-a189-1564af55169e" />
      <TestMethod codeBase="D:\IA\ace — копия\tests\SnowMeltingCalculator.Tests\bin\Debug\net8.0-windows\SnowMeltingCalculator.Tests.dll" adapterTypeName="executor://nunit3testexecutor/" className="SnowMeltingCalculator.Tests.Configuration.DiRegistrationTests" name="ThermalStateCoordinator_IsSingleton_ReferenceIdenticalWithSessionState" />
    </UnitTest>
    <UnitTest name="Reset_ClearsResultsProjectionAndMarksProjectClean" storage="d:\ia\ace — копия\tests\snowmeltingcalculator.tests\bin\debug\net8.0-windows\snowmeltingcalculator.tests.dll" id="63e55650-4856-0fb9-1578-a00e9506faf0">
      <Execution id="8c312e24-ad09-410d-9221-a462bc8e1f17" />
      <TestMethod codeBase="D:\IA\ace — копия\tests\SnowMeltingCalculator.Tests\bin\Debug\net8.0-windows\SnowMeltingCalculator.Tests.dll" adapterTypeName="executor://nunit3testexecutor/" className="SnowMeltingCalculator.Tests.ViewModels.ResultsStabilizationPhase1BehaviorContractsTests" name="Reset_ClearsResultsProjectionAndMarksProjectClean" />
    </UnitTest>
    <UnitTest name="ResolveView_ResultsRefreshFailureUsesExistingFallbackWithoutCachingResultsView" storage="d:\ia\ace — копия\tests\snowmeltingcalculator.tests\bin\debug\net8.0-windows\snowmeltingcalculator.tests.dll" id="239b55af-470b-0a85-a950-2f5f062f8710">
      <Execution id="aec641bd-d3cc-4d34-96e8-eadc6b295ebc" />
      <TestMethod codeBase="D:\IA\ace — копия\tests\SnowMeltingCalculator.Tests\bin\Debug\net8.0-windows\SnowMeltingCalculator.Tests.dll" adapterTypeName="executor://nunit3testexecutor/" className="SnowMeltingCalculator.Tests.ViewModels.ResultsStabilizationPhase1ContractsTests" name="ResolveView_ResultsRefreshFailureUsesExistingFallbackWithoutCachingResultsView" />
    </UnitTest>
    <UnitTest name="ProjectLoadOrchestrator_PreservesLoadOnlyThermalFallbackBoundary" storage="d:\ia\ace — копия\tests\snowmeltingcalculator.tests\bin\debug\net8.0-windows\snowmeltingcalculator.tests.dll" id="8824a3c6-0b3c-55b1-29e2-48930f4ee090">
      <Execution id="9c9e8a57-874a-4303-9c87-730b908df6b7" />
      <TestMethod codeBase="D:\IA\ace — копия\tests\SnowMeltingCalculator.Tests\bin\Debug\net8.0-windows\SnowMeltingCalculator.Tests.dll" adapterTypeName="executor://nunit3testexecutor/" className="SnowMeltingCalculator.Tests.ViewModels.ResultsStabilizationPhase1BehaviorContractsTests" name="ProjectLoadOrchestrator_PreservesLoadOnlyThermalFallbackBoundary" />
    </UnitTest>
    <UnitTest name="ResultsPdfDataBuilder_AfterInputMutation_RequiresCurrentScalarAndDerivedGeneration" storage="d:\ia\ace — копия\tests\snowmeltingcalculator.tests\bin\debug\net8.0-windows\snowmeltingcalculator.tests.dll" id="81ca68c3-40b2-c43f-6044-e96861102e28">
      <Execution id="386d28b4-1a39-4518-a3d8-55f78aad529c" />
      <TestMethod codeBase="D:\IA\ace — копия\tests\SnowMeltingCalculator.Tests\bin\Debug\net8.0-windows\SnowMeltingCalculator.Tests.dll" adapterTypeName="executor://nunit3testexecutor/" className="SnowMeltingCalculator.Tests.ViewModels.ResultsStabilizationPhase1BehaviorContractsTests" name="ResultsPdfDataBuilder_AfterInputMutation_RequiresCurrentScalarAndDerivedGeneration" />
    </UnitTest>
    <UnitTest name="ResultsCommands_RefreshBeforeConsumingOrExportingData(&quot;ExportPdf&quot;)" storage="d:\ia\ace — копия\tests\snowmeltingcalculator.tests\bin\debug\net8.0-windows\snowmeltingcalculator.tests.dll" id="e4efa3c4-1133-cb50-18cc-a911f3a0b72e">
      <Execution id="274a53dd-c0ae-4d22-a5b9-cd14e02d3dce" />
      <TestMethod codeBase="D:\IA\ace — копия\tests\SnowMeltingCalculator.Tests\bin\Debug\net8.0-windows\SnowMeltingCalculator.Tests.dll" adapterTypeName="executor://nunit3testexecutor/" className="SnowMeltingCalculator.Tests.ViewModels.ResultsStabilizationPhase1ContractsTests" name="ResultsCommands_RefreshBeforeConsumingOrExportingData(&quot;ExportPdf&quot;)" />
    </UnitTest>
    <UnitTest name="ThermalState_IsOnePerSession_SingletonAcrossScopes_DistinctAcrossSessions" storage="d:\ia\ace — копия\tests\snowmeltingcalculator.tests\bin\debug\net8.0-windows\snowmeltingcalculator.tests.dll" id="76b38ab8-78b2-baf0-e818-bfb233b5aabb">
      <Execution id="e90526ee-c6af-4fe9-ad5d-27d47bd02efc" />
      <TestMethod codeBase="D:\IA\ace — копия\tests\SnowMeltingCalculator.Tests\bin\Debug\net8.0-windows\SnowMeltingCalculator.Tests.dll" adapterTypeName="executor://nunit3testexecutor/" className="SnowMeltingCalculator.Tests.Configuration.DiRegistrationTests" name="ThermalState_IsOnePerSession_SingletonAcrossScopes_DistinctAcrossSessions" />
    </UnitTest>
    <UnitTest name="MaterialCrudValidator_ResolvesAsSelfAndInterface" storage="d:\ia\ace — копия\tests\snowmeltingcalculator.tests\bin\debug\net8.0-windows\snowmeltingcalculator.tests.dll" id="9848f226-9714-e6c9-b85b-c36b6264617f">
      <Execution id="8f4344a3-6efb-45dc-bd87-24b978f109ed" />
      <TestMethod codeBase="D:\IA\ace — копия\tests\SnowMeltingCalculator.Tests\bin\Debug\net8.0-windows\SnowMeltingCalculator.Tests.dll" adapterTypeName="executor://nunit3testexecutor/" className="SnowMeltingCalculator.Tests.Configuration.DiRegistrationTests" name="MaterialCrudValidator_ResolvesAsSelfAndInterface" />
    </UnitTest>
  </TestDefinitions>
  <TestEntries>
    <TestEntry testId="565bb7a8-6f61-73e4-12be-15e3f886bc7f" executionId="60867bcc-4d5b-41a4-96b2-3f304e5cc17b" testListId="8c84fa94-04c1-424b-9868-57a2d4851a1d" />
    <TestEntry testId="dafabb9d-f919-ece9-2299-4da1c29a1566" executionId="6c701c43-4734-4b00-85fd-6c56c50431d8" testListId="8c84fa94-04c1-424b-9868-57a2d4851a1d" />
    <TestEntry testId="e4efa3c4-1133-cb50-18cc-a911f3a0b72e" executionId="274a53dd-c0ae-4d22-a5b9-cd14e02d3dce" testListId="8c84fa94-04c1-424b-9868-57a2d4851a1d" />
    <TestEntry testId="8824a3c6-0b3c-55b1-29e2-48930f4ee090" executionId="9c9e8a57-874a-4303-9c87-730b908df6b7" testListId="8c84fa94-04c1-424b-9868-57a2d4851a1d" />
    <TestEntry testId="107aa2e2-fe3a-215d-6290-3ae8bc03f865" executionId="fb419e70-a91c-47e5-8a52-d802c7520cd8" testListId="8c84fa94-04c1-424b-9868-57a2d4851a1d" />
    <TestEntry testId="8d421899-006f-bf4b-f2af-5fed09704780" executionId="e68136dc-18fa-4ca0-9ab0-84b313cb6e78" testListId="8c84fa94-04c1-424b-9868-57a2d4851a1d" />
    <TestEntry testId="b4a362dc-9ebd-e7c0-d5f4-c87c8879cdfb" executionId="fd9c99da-b5bd-479c-bd01-c70027f775ad" testListId="8c84fa94-04c1-424b-9868-57a2d4851a1d" />
    <TestEntry testId="1a451851-dd58-5aa6-605a-0f384c6bc6bf" executionId="72f44346-111e-4232-a80b-23eceaca378f" testListId="8c84fa94-04c1-424b-9868-57a2d4851a1d" />
    <TestEntry testId="a6e1cce5-161c-e6a1-6c55-426b83b6e9c5" executionId="8005f604-96ee-4924-ab0b-bf3da1e27bc9" testListId="8c84fa94-04c1-424b-9868-57a2d4851a1d" />
    <TestEntry testId="b15187f7-89e2-b76b-482c-e49ab9ba4fef" executionId="4c173f1a-fc64-4543-9b53-96b894b9d4ff" testListId="8c84fa94-04c1-424b-9868-57a2d4851a1d" />
    <TestEntry testId="15080e66-8ba3-3708-ffbe-da8c1cb9becf" executionId="797fb88b-2930-46fa-a06b-3bf8793e2a55" testListId="8c84fa94-04c1-424b-9868-57a2d4851a1d" />
    <TestEntry testId="6010a416-dd42-ceb3-9d68-5e2c83d6f5f6" executionId="da4e0cfc-1013-469e-a8fe-616ad4402f02" testListId="8c84fa94-04c1-424b-9868-57a2d4851a1d" />
    <TestEntry testId="81ca68c3-40b2-c43f-6044-e96861102e28" executionId="386d28b4-1a39-4518-a3d8-55f78aad529c" testListId="8c84fa94-04c1-424b-9868-57a2d4851a1d" />
    <TestEntry testId="8c3e9570-53c8-851b-3943-d201b871fbc7" executionId="e08bc4a3-b395-40df-a223-247f04126be4" testListId="8c84fa94-04c1-424b-9868-57a2d4851a1d" />
    <TestEntry testId="b9bad301-50c0-8b2f-89c1-0dec91a75935" executionId="1c23923c-8281-497a-9484-9fcbe7265459" testListId="8c84fa94-04c1-424b-9868-57a2d4851a1d" />
    <TestEntry testId="766d1b2f-b6db-6898-c1a3-826da3004bbb" executionId="52355db1-f369-41a1-8c4e-e4711906dfb9" testListId="8c84fa94-04c1-424b-9868-57a2d4851a1d" />
    <TestEntry testId="46fa58f9-9e8d-d292-8079-a966e43c178b" executionId="f08079a8-0fd4-48ef-bc0e-955575f1c7c1" testListId="8c84fa94-04c1-424b-9868-57a2d4851a1d" />
    <TestEntry testId="bca05f08-f85b-b9dd-202e-0a6dd436f917" executionId="75ef3c72-dede-44a7-bdcd-5ca3014b39cc" testListId="8c84fa94-04c1-424b-9868-57a2d4851a1d" />
    <TestEntry testId="239b55af-470b-0a85-a950-2f5f062f8710" executionId="aec641bd-d3cc-4d34-96e8-eadc6b295ebc" testListId="8c84fa94-04c1-424b-9868-57a2d4851a1d" />
    <TestEntry testId="0b4d2291-6b50-2a41-ce4d-45d2ac87f269" executionId="ad5b6ea4-86e1-4b6a-a189-1564af55169e" testListId="8c84fa94-04c1-424b-9868-57a2d4851a1d" />
    <TestEntry testId="53894312-25f0-84d3-2d84-12ddcd438a37" executionId="8229cb3b-8dfa-43f1-b415-0f59d521fa38" testListId="8c84fa94-04c1-424b-9868-57a2d4851a1d" />
    <TestEntry testId="7e553825-6a59-f4fb-5f38-c12d98159cce" executionId="88e54c44-40de-476b-b7ed-8e8b092c9414" testListId="8c84fa94-04c1-424b-9868-57a2d4851a1d" />
    <TestEntry testId="e2da9dce-d31b-8e04-ebec-58ab7759a961" executionId="60560b24-8cbc-40d6-8a10-b60dd55a2069" testListId="8c84fa94-04c1-424b-9868-57a2d4851a1d" />
    <TestEntry testId="a91c30e5-eef5-141b-9bcf-30c96b1c38ce" executionId="271ebdbb-e07b-460a-b9cf-da1652107b85" testListId="8c84fa94-04c1-424b-9868-57a2d4851a1d" />
    <TestEntry testId="729efd80-556a-adb1-ec37-7034b346d87e" executionId="5bd7c34f-874d-4295-8f6e-0cc1a91198cd" testListId="8c84fa94-04c1-424b-9868-57a2d4851a1d" />
    <TestEntry testId="068fde29-7f38-6e3f-b9d1-5ce31c98bd79" executionId="35105967-04ca-4a80-8215-4b05005d124f" testListId="8c84fa94-04c1-424b-9868-57a2d4851a1d" />
    <TestEntry testId="bce91b22-1909-2ade-b75e-218ba6bf9750" executionId="b3ee8c3f-264e-4c1d-8ac0-d10e1ac24b06" testListId="8c84fa94-04c1-424b-9868-57a2d4851a1d" />
    <TestEntry testId="48e23a5f-15b9-dd2f-b242-e972ab9a37a9" executionId="cdf575e7-bd60-404e-a603-137617ee6341" testListId="8c84fa94-04c1-424b-9868-57a2d4851a1d" />
    <TestEntry testId="3c7c00b8-152e-58a4-b7dc-0c2163dbdba2" executionId="450008fa-5560-4c15-91b0-a81dc739b193" testListId="8c84fa94-04c1-424b-9868-57a2d4851a1d" />
    <TestEntry testId="76b38ab8-78b2-baf0-e818-bfb233b5aabb" executionId="e90526ee-c6af-4fe9-ad5d-27d47bd02efc" testListId="8c84fa94-04c1-424b-9868-57a2d4851a1d" />
    <TestEntry testId="00107849-5229-7ebb-03fa-818954eb3c2a" executionId="11f4e8ec-f0c5-4547-a1d8-06f39afa25c9" testListId="8c84fa94-04c1-424b-9868-57a2d4851a1d" />
    <TestEntry testId="4b48bfa2-cb48-ea00-97b0-9de9a3b80fa3" executionId="fa1eb8b2-c23b-49bb-8178-dd5cad62b1c7" testListId="8c84fa94-04c1-424b-9868-57a2d4851a1d" />
    <TestEntry testId="2028b32f-4b49-3551-0e23-3c2e0c410193" executionId="acc470da-bc18-4667-925d-0adbf1200f86" testListId="8c84fa94-04c1-424b-9868-57a2d4851a1d" />
    <TestEntry testId="4bd8711c-fec4-19d2-c5c7-e482d25ef1c6" executionId="f27b5344-662e-45e4-9a11-d558f866e529" testListId="8c84fa94-04c1-424b-9868-57a2d4851a1d" />
    <TestEntry testId="0d764722-03ae-44ed-9304-8d0708ccb6c6" executionId="65e045fd-9f47-403e-8e07-0591a638592a" testListId="8c84fa94-04c1-424b-9868-57a2d4851a1d" />
    <TestEntry testId="f4758828-f534-3ace-1765-45a20a728018" executionId="b7c03fa5-074b-4c13-a33b-019c1ddb66c2" testListId="8c84fa94-04c1-424b-9868-57a2d4851a1d" />
    <TestEntry testId="2a7f099a-3364-9cf7-4083-276ed8bc3f0c" executionId="9645dc17-f90b-4cad-beaa-b42a2c843a1d" testListId="8c84fa94-04c1-424b-9868-57a2d4851a1d" />
    <TestEntry testId="96333010-c421-cf78-6774-413dc7fa01e8" executionId="1eec0117-14fb-4e54-9fb8-0ca41f4ea9d1" testListId="8c84fa94-04c1-424b-9868-57a2d4851a1d" />
    <TestEntry testId="b76bf35e-d85a-c21f-0b03-297e82352380" executionId="5f7a84dc-8397-481e-b9fc-fc175133e7c1" testListId="8c84fa94-04c1-424b-9868-57a2d4851a1d" />
    <TestEntry testId="6e111a98-4ad6-af6a-210e-28883cd0ba27" executionId="2f52e653-b1bc-49bc-ada0-625f64baeccf" testListId="8c84fa94-04c1-424b-9868-57a2d4851a1d" />
    <TestEntry testId="f0e9480e-64d9-0663-0e2b-3a37ffa4e8b9" executionId="225ab83b-9247-486f-8a99-6b5ea3e3a73a" testListId="8c84fa94-04c1-424b-9868-57a2d4851a1d" />
    <TestEntry testId="c8cb7f42-14e1-0392-29cd-04339b314fa5" executionId="8033ca56-235b-4f71-b379-ce3c3931a01e" testListId="8c84fa94-04c1-424b-9868-57a2d4851a1d" />
    <TestEntry testId="63e55650-4856-0fb9-1578-a00e9506faf0" executionId="8c312e24-ad09-410d-9221-a462bc8e1f17" testListId="8c84fa94-04c1-424b-9868-57a2d4851a1d" />
    <TestEntry testId="189095cd-1474-7ea8-12a7-a0d7fe681a4d" executionId="b1a9084c-18df-4ef9-bc46-7fc479b7b920" testListId="8c84fa94-04c1-424b-9868-57a2d4851a1d" />
    <TestEntry testId="0006a625-f3b3-ea6a-f5b6-0058711730d2" executionId="9e9351ce-6c38-47ce-bf77-a04f3a246634" testListId="8c84fa94-04c1-424b-9868-57a2d4851a1d" />
    <TestEntry testId="795b12c9-c3b9-087e-719e-f6d01289a931" executionId="a5039f02-d85c-4cee-b438-1e573685dc42" testListId="8c84fa94-04c1-424b-9868-57a2d4851a1d" />
    <TestEntry testId="43a96d8d-0f21-690e-b248-347617bb11d4" executionId="d7410fff-49c5-4bf0-b046-b93a1290002c" testListId="8c84fa94-04c1-424b-9868-57a2d4851a1d" />
    <TestEntry testId="18d8f9d3-fd7f-59ac-688c-9e31e5755e59" executionId="a5ab8312-f3a1-4ea4-91fa-d583ae2979c1" testListId="8c84fa94-04c1-424b-9868-57a2d4851a1d" />
    <TestEntry testId="95e243aa-045e-fbec-a5c6-4b2c541d2407" executionId="625f619d-c580-4530-84a9-c20f30a3d5d9" testListId="8c84fa94-04c1-424b-9868-57a2d4851a1d" />
    <TestEntry testId="9848f226-9714-e6c9-b85b-c36b6264617f" executionId="8f4344a3-6efb-45dc-bd87-24b978f109ed" testListId="8c84fa94-04c1-424b-9868-57a2d4851a1d" />
    <TestEntry testId="22634a95-f8f4-57d3-214f-a8e53b46014b" executionId="c156c2dd-593a-4378-aaf3-41b8ab867712" testListId="8c84fa94-04c1-424b-9868-57a2d4851a1d" />
    <TestEntry testId="8b4a80fc-f33a-60a4-eeee-e90c52944376" executionId="06940f03-ce97-41cf-9cc2-aee6063fe98e" testListId="8c84fa94-04c1-424b-9868-57a2d4851a1d" />
    <TestEntry testId="46a40d61-efc3-1931-0d41-b5a0c6239c21" executionId="58a7a109-525e-4ad6-b7cf-b2fc0dcb31fe" testListId="8c84fa94-04c1-424b-9868-57a2d4851a1d" />
    <TestEntry testId="5c89b53b-3837-4bdb-d066-daabd46eea5d" executionId="9448afa1-d7a6-405a-8197-9f6302bedb9f" testListId="8c84fa94-04c1-424b-9868-57a2d4851a1d" />
    <TestEntry testId="30772160-6073-948c-fda7-acea5073087a" executionId="babe4425-56a6-40b1-9d67-76a95895e8fc" testListId="8c84fa94-04c1-424b-9868-57a2d4851a1d" />
    <TestEntry testId="ff833963-ce4c-e2ab-e32a-82243c425fb6" executionId="434774d7-1d30-4d2c-b666-5c880c962596" testListId="8c84fa94-04c1-424b-9868-57a2d4851a1d" />
    <TestEntry testId="2fa672d0-1e38-1145-6480-b85e958dbde2" executionId="a02c7763-edc7-4ca5-80de-a6877a75287a" testListId="8c84fa94-04c1-424b-9868-57a2d4851a1d" />
    <TestEntry testId="fa799109-d023-d4b4-0634-fe8d65763588" executionId="2e89e1e6-3197-4e6c-94f9-a0e2f61c18ff" testListId="8c84fa94-04c1-424b-9868-57a2d4851a1d" />
    <TestEntry testId="5fdcda3f-d357-ab01-1d56-197df3e8df4a" executionId="4fb917c4-2aff-4ac2-9582-9051d57b2e04" testListId="8c84fa94-04c1-424b-9868-57a2d4851a1d" />
    <TestEntry testId="1ca676db-4494-9c98-f05b-6e75f76bd343" executionId="c38deb7d-3c8e-4030-9d97-5166d0d38dea" testListId="8c84fa94-04c1-424b-9868-57a2d4851a1d" />
    <TestEntry testId="c99f619f-47fd-7a10-880f-1ed892a17354" executionId="f0a4e20b-bdc1-4b83-9b3e-f48fd6d890e0" testListId="8c84fa94-04c1-424b-9868-57a2d4851a1d" />
    <TestEntry testId="03c11344-6edf-1d48-f5e5-646084d98319" executionId="2fc8f245-7215-4c2d-8c56-3bc35a5f0df8" testListId="8c84fa94-04c1-424b-9868-57a2d4851a1d" />
  </TestEntries>
  <TestLists>
    <TestList name="Список результатов" id="8c84fa94-04c1-424b-9868-57a2d4851a1d" />
    <TestList name="Все загруженные результаты" id="19431567-8539-422a-85d7-44ee4e166bda" />
  </TestLists>
  <ResultSummary outcome="Completed">
    <Counters total="62" executed="62" passed="62" failed="0" error="0" timeout="0" aborted="0" inconclusive="0" passedButRunAborted="0" notRunnable="0" notExecuted="0" disconnected="0" warning="0" completed="0" inProgress="0" pending="0" />
    <Output>
      <StdOut>NUnit Adapter 4.5.0.0: Test execution started&#xD;
Running selected tests in D:\IA\ace — копия\tests\SnowMeltingCalculator.Tests\bin\Debug\net8.0-windows\SnowMeltingCalculator.Tests.dll&#xD;
   NUnit3TestExecutor discovered 62 of 62 NUnit test cases using Current Discovery mode, Non-Explicit run&#xD;
NUnit Adapter 4.5.0.0: Test execution complete&#xD;
</StdOut>
    </Output>
  </ResultSummary>
</TestRun>