<?xml version="1.0" encoding="utf-8"?>
<TestRun id="9e063490-4198-4dc1-8fb8-f22e7ee9803d" name="Admin@DESKTOP-CVGB6OE 2026-09-03 11:29:53" runUser="DESKTOP-CVGB6OE\Admin" xmlns="http://microsoft.com/schemas/VisualStudio/TeamTest/2010">
  <Times creation="2026-09-03T11:29:53.1738903+05:00" queuing="2026-09-03T11:29:53.1738905+05:00" start="2026-09-03T11:29:51.3921303+05:00" finish="2026-09-03T11:29:55.2370072+05:00" />
  <TestSettings name="default" id="2e347297-1c57-46b1-a900-4f418a3388e0">
    <Deployment runDeploymentRoot="Admin_DESKTOP-CVGB6OE_2026-09-03_11_29_53" />
  </TestSettings>
  <Results>
    <UnitTestResult executionId="6773730d-95c0-49e4-9cf6-703e9e90ac65" testId="b8dbbc0e-893d-36da-282e-cbde468467e3" testName="RestoreModulesFromProjectAsync_Twice_ReplacesConstructionWithoutStaleFirstProjectValues" computerName="DESKTOP-CVGB6OE" duration="00:00:00.0025410" startTime="2026-09-03T11:29:55.1092126+05:00" endTime="2026-09-03T11:29:55.1117535+05:00" testType="13cdc9d9-ddb5-4fa4-a97d-d965ccfc6d4b" outcome="Passed" testListId="8c84fa94-04c1-424b-9868-57a2d4851a1d" relativeResultsDirectory="6773730d-95c0-49e4-9cf6-703e9e90ac65" />
    <UnitTestResult executionId="7172d096-6e31-45ef-8f0e-e3b39e502203" testId="96333010-c421-cf78-6774-413dc7fa01e8" testName="SaveToFileSourceSlice_RejectsSaveCurrentProject" computerName="DESKTOP-CVGB6OE" duration="00:00:00.0008790" startTime="2026-09-03T11:29:55.1323656+05:00" endTime="2026-09-03T11:29:55.1332442+05:00" testType="13cdc9d9-ddb5-4fa4-a97d-d965ccfc6d4b" outcome="Passed" testListId="8c84fa94-04c1-424b-9868-57a2d4851a1d" relativeResultsDirectory="7172d096-6e31-45ef-8f0e-e3b39e502203" />
    <UnitTestResult executionId="5f6808f8-5e15-4dee-88ed-e6c26f6790da" testId="48e23a5f-15b9-dd2f-b242-e972ab9a37a9" testName="SaveAsync_WhenFileServiceThrows_ExceptionPropagates" computerName="DESKTOP-CVGB6OE" duration="00:00:00.0027299" startTime="2026-09-03T11:29:55.1270209+05:00" endTime="2026-09-03T11:29:55.1297506+05:00" testType="13cdc9d9-ddb5-4fa4-a97d-d965ccfc6d4b" outcome="Passed" testListId="8c84fa94-04c1-424b-9868-57a2d4851a1d" relativeResultsDirectory="5f6808f8-5e15-4dee-88ed-e6c26f6790da" />
    <UnitTestResult executionId="353057f7-1127-48b6-ba82-436dc2fbd0ce" testId="80aaf306-bb12-d9ed-6384-bc81a751ce86" testName="Thermal_UserApplyInputs_ModeTemperatureSpacingInOneCommit" computerName="DESKTOP-CVGB6OE" duration="00:00:00.0054480" startTime="2026-09-03T11:29:55.0449916+05:00" endTime="2026-09-03T11:29:55.0504390+05:00" testType="13cdc9d9-ddb5-4fa4-a97d-d965ccfc6d4b" outcome="Passed" testListId="8c84fa94-04c1-424b-9868-57a2d4851a1d" relativeResultsDirectory="353057f7-1127-48b6-ba82-436dc2fbd0ce" />
    <UnitTestResult executionId="0dde3b7f-0e04-4139-a604-7642546f157a" testId="2028b32f-4b49-3551-0e23-3c2e0c410193" testName="SaveAsync_PassesCancellationTokenUnchanged" computerName="DESKTOP-CVGB6OE" duration="00:00:00.0108320" startTime="2026-09-03T11:29:55.1147945+05:00" endTime="2026-09-03T11:29:55.1256254+05:00" testType="13cdc9d9-ddb5-4fa4-a97d-d965ccfc6d4b" outcome="Passed" testListId="8c84fa94-04c1-424b-9868-57a2d4851a1d" relativeResultsDirectory="0dde3b7f-0e04-4139-a604-7642546f157a" />
    <UnitTestResult executionId="88598598-eb66-44a6-a3c4-f1070f7f12de" testId="a3bbd1dd-7744-df8a-97cc-7ed8e44c66f0" testName="RestoreModulesFromProjectAsync_ThermalBoundaryException_ClearsLeaseAndPreservesPartialState" computerName="DESKTOP-CVGB6OE" duration="00:00:00.0041330" startTime="2026-09-03T11:29:55.1050503+05:00" endTime="2026-09-03T11:29:55.1091829+05:00" testType="13cdc9d9-ddb5-4fa4-a97d-d965ccfc6d4b" outcome="Passed" testListId="8c84fa94-04c1-424b-9868-57a2d4851a1d" relativeResultsDirectory="88598598-eb66-44a6-a3c4-f1070f7f12de" />
    <UnitTestResult executionId="87e29036-49dd-4eea-a33b-9fa6ae34b472" testId="42ce6832-7995-9543-e9c5-91512d36cfa8" testName="ResetModules_WithProjectSession_AppliesOneCanonicalResetAndRefreshesAdapter" computerName="DESKTOP-CVGB6OE" duration="00:00:00.0033490" startTime="2026-09-03T11:29:55.0949966+05:00" endTime="2026-09-03T11:29:55.0983454+05:00" testType="13cdc9d9-ddb5-4fa4-a97d-d965ccfc6d4b" outcome="Passed" testListId="8c84fa94-04c1-424b-9868-57a2d4851a1d" relativeResultsDirectory="87e29036-49dd-4eea-a33b-9fa6ae34b472" />
    <UnitTestResult executionId="4e9edd26-5856-462a-b484-fc1d02fa5777" testId="81ca68c3-40b2-c43f-6044-e96861102e28" testName="ResultsPdfDataBuilder_AfterInputMutation_RequiresCurrentScalarAndDerivedGeneration" computerName="DESKTOP-CVGB6OE" duration="00:00:00.0055440" startTime="2026-09-03T11:29:55.1771202+05:00" endTime="2026-09-03T11:29:55.1826639+05:00" testType="13cdc9d9-ddb5-4fa4-a97d-d965ccfc6d4b" outcome="Passed" testListId="8c84fa94-04c1-424b-9868-57a2d4851a1d" relativeResultsDirectory="4e9edd26-5856-462a-b484-fc1d02fa5777" />
    <UnitTestResult executionId="f2627329-e96a-4dc7-810d-af018750de64" testId="cf84a754-4479-3666-5e1b-5028ead78253" testName="LoadResetRestoreAndSystemApply_AreDistinguishableAndCreateNoUserDirty" computerName="DESKTOP-CVGB6OE" duration="00:00:00.0114960" startTime="2026-09-03T11:29:52.0108856+05:00" endTime="2026-09-03T11:29:52.0223810+05:00" testType="13cdc9d9-ddb5-4fa4-a97d-d965ccfc6d4b" outcome="Passed" testListId="8c84fa94-04c1-424b-9868-57a2d4851a1d" relativeResultsDirectory="f2627329-e96a-4dc7-810d-af018750de64" />
    <UnitTestResult executionId="91678ebb-752e-4dda-93a2-9f70d93c69c0" testId="b9bad301-50c0-8b2f-89c1-0dec91a75935" testName="RefreshAll_WhenSourceResultIsCleared_ZerosOutputAndMarksNotReady" computerName="DESKTOP-CVGB6OE" duration="00:00:00.0020450" startTime="2026-09-03T11:29:55.1678670+05:00" endTime="2026-09-03T11:29:55.1699114+05:00" testType="13cdc9d9-ddb5-4fa4-a97d-d965ccfc6d4b" outcome="Passed" testListId="8c84fa94-04c1-424b-9868-57a2d4851a1d" relativeResultsDirectory="91678ebb-752e-4dda-93a2-9f70d93c69c0" />
    <UnitTestResult executionId="2b4c2cf1-c831-4350-8d79-509af5ab0834" testId="5dea7107-a54c-2a01-2f4c-ac89a9d14f47" testName="RepeatedResetCycles_DoNotDuplicateCircuitsEventSubscriptions" computerName="DESKTOP-CVGB6OE" duration="00:00:00.0053390" startTime="2026-09-03T11:29:55.0896248+05:00" endTime="2026-09-03T11:29:55.0949636+05:00" testType="13cdc9d9-ddb5-4fa4-a97d-d965ccfc6d4b" outcome="Passed" testListId="8c84fa94-04c1-424b-9868-57a2d4851a1d" relativeResultsDirectory="2b4c2cf1-c831-4350-8d79-509af5ab0834" />
    <UnitTestResult executionId="deb0ac75-27dd-44d7-aae8-e4197dcddbfa" testId="b271c88b-8ff5-4d23-96d4-e310cbc25330" testName="RestoreModulesFromProjectAsync_WithProjectSession_AppliesOneCanonicalProjectLoadAndRefreshesAdapter" computerName="DESKTOP-CVGB6OE" duration="00:00:00.0019560" startTime="2026-09-03T11:29:55.1117770+05:00" endTime="2026-09-03T11:29:55.1137326+05:00" testType="13cdc9d9-ddb5-4fa4-a97d-d965ccfc6d4b" outcome="Passed" testListId="8c84fa94-04c1-424b-9868-57a2d4851a1d" relativeResultsDirectory="deb0ac75-27dd-44d7-aae8-e4197dcddbfa" />
    <UnitTestResult executionId="497c2d78-a25c-4368-8227-ccdd7bc43ee5" testId="f2c01def-cb0f-3d6c-8cab-446d99a16267" testName="Climate_UserCitySelection_ChangesManyFieldsThroughExactlyOneCompletionBoundary" computerName="DESKTOP-CVGB6OE" duration="00:00:00.1058980" startTime="2026-09-03T11:29:51.8657122+05:00" endTime="2026-09-03T11:29:51.9715806+05:00" testType="13cdc9d9-ddb5-4fa4-a97d-d965ccfc6d4b" outcome="Passed" testListId="8c84fa94-04c1-424b-9868-57a2d4851a1d" relativeResultsDirectory="497c2d78-a25c-4368-8227-ccdd7bc43ee5" />
    <UnitTestResult executionId="cf367cb5-c467-4879-b58c-8e1642d82427" testId="b15187f7-89e2-b76b-482c-e49ab9ba4fef" testName="LoadAndReopen_RefreshesProjectionAndLeavesProjectClean" computerName="DESKTOP-CVGB6OE" duration="00:00:00.0114819" startTime="2026-09-03T11:29:55.1346795+05:00" endTime="2026-09-03T11:29:55.1461612+05:00" testType="13cdc9d9-ddb5-4fa4-a97d-d965ccfc6d4b" outcome="Passed" testListId="8c84fa94-04c1-424b-9868-57a2d4851a1d" relativeResultsDirectory="cf367cb5-c467-4879-b58c-8e1642d82427" />
    <UnitTestResult executionId="261e0e39-f005-4a12-807e-ac1fefc5235f" testId="06f7b06b-0bbb-246d-8f9a-68ca3dc19050" testName="LoadProjectDataAsync_ThenEdit_MarksDirtyThroughExistingStateService" computerName="DESKTOP-CVGB6OE" duration="00:00:00.0019680" startTime="2026-09-03T11:29:55.0762752+05:00" endTime="2026-09-03T11:29:55.0782433+05:00" testType="13cdc9d9-ddb5-4fa4-a97d-d965ccfc6d4b" outcome="Passed" testListId="8c84fa94-04c1-424b-9868-57a2d4851a1d" relativeResultsDirectory="261e0e39-f005-4a12-807e-ac1fefc5235f" />
    <UnitTestResult executionId="37337ac2-310b-4d48-8c4e-8d61b4f976a9" testId="28f1fa57-ea25-4800-c2ea-cea82076666f" testName="LoadProjectDataAsync_Success_ClearsRestoreGuard" computerName="DESKTOP-CVGB6OE" duration="00:00:00.0015740" startTime="2026-09-03T11:29:55.0746769+05:00" endTime="2026-09-03T11:29:55.0762509+05:00" testType="13cdc9d9-ddb5-4fa4-a97d-d965ccfc6d4b" outcome="Passed" testListId="8c84fa94-04c1-424b-9868-57a2d4851a1d" relativeResultsDirectory="37337ac2-310b-4d48-8c4e-8d61b4f976a9" />
    <UnitTestResult executionId="bc14f779-daa9-461c-a35e-511f71c22312" testId="46a40d61-efc3-1931-0d41-b5a0c6239c21" testName="ProjectSaveServiceSource_RejectsViewModelAndWpfReferences" computerName="DESKTOP-CVGB6OE" duration="00:00:00.0008310" startTime="2026-09-03T11:29:55.1139449+05:00" endTime="2026-09-03T11:29:55.1147758+05:00" testType="13cdc9d9-ddb5-4fa4-a97d-d965ccfc6d4b" outcome="Passed" testListId="8c84fa94-04c1-424b-9868-57a2d4851a1d" relativeResultsDirectory="bc14f779-daa9-461c-a35e-511f71c22312" />
    <UnitTestResult executionId="6d85d4d6-28e2-4bb1-9e6c-59a5c2eab460" testId="6c1fc01a-059e-7dd1-a54f-ae3f79deba89" testName="RestoreModulesFromProjectAsync_SecondLoadWithoutSavedResult_ReplacesAllThermalStaleValues" computerName="DESKTOP-CVGB6OE" duration="00:00:00.0042940" startTime="2026-09-03T11:29:55.1007259+05:00" endTime="2026-09-03T11:29:55.1050189+05:00" testType="13cdc9d9-ddb5-4fa4-a97d-d965ccfc6d4b" outcome="Passed" testListId="8c84fa94-04c1-424b-9868-57a2d4851a1d" relativeResultsDirectory="6d85d4d6-28e2-4bb1-9e6c-59a5c2eab460" />
    <UnitTestResult executionId="63ff39e0-a4dc-412f-bf21-b22cfa0f63a4" testId="18d8f9d3-fd7f-59ac-688c-9e31e5755e59" testName="SaveAsync_WithValidSession_MapsSnapshotFieldsAndCallsServicesExactlyOnce" computerName="DESKTOP-CVGB6OE" duration="00:00:00.0025620" startTime="2026-09-03T11:29:55.1297778+05:00" endTime="2026-09-03T11:29:55.1323395+05:00" testType="13cdc9d9-ddb5-4fa4-a97d-d965ccfc6d4b" outcome="Passed" testListId="8c84fa94-04c1-424b-9868-57a2d4851a1d" relativeResultsDirectory="63ff39e0-a4dc-412f-bf21-b22cfa0f63a4" />
    <UnitTestResult executionId="6c897597-abd0-48c8-9125-e844bd4fd6c7" testId="63e55650-4856-0fb9-1578-a00e9506faf0" testName="Reset_ClearsResultsProjectionAndMarksProjectClean" computerName="DESKTOP-CVGB6OE" duration="00:00:00.0024520" startTime="2026-09-03T11:29:55.1746412+05:00" endTime="2026-09-03T11:29:55.1770934+05:00" testType="13cdc9d9-ddb5-4fa4-a97d-d965ccfc6d4b" outcome="Passed" testListId="8c84fa94-04c1-424b-9868-57a2d4851a1d" relativeResultsDirectory="6c897597-abd0-48c8-9125-e844bd4fd6c7" />
    <UnitTestResult executionId="18c4d50c-6b6f-45bb-8d0c-c713d41c3155" testId="6303c801-44bf-4d2c-71a8-5f0e90b18624" testName="RepeatedResetAndLoadCycles_DoNotMultiplyThermalCompletionsOrCalculations" computerName="DESKTOP-CVGB6OE" duration="00:00:00.0096240" startTime="2026-09-03T11:29:55.0799712+05:00" endTime="2026-09-03T11:29:55.0895944+05:00" testType="13cdc9d9-ddb5-4fa4-a97d-d965ccfc6d4b" outcome="Passed" testListId="8c84fa94-04c1-424b-9868-57a2d4851a1d" relativeResultsDirectory="18c4d50c-6b6f-45bb-8d0c-c713d41c3155" />
    <UnitTestResult executionId="15ff675a-204f-46cd-a7df-8064606246de" testId="189095cd-1474-7ea8-12a7-a0d7fe681a4d" testName="SaveAsync_WhenFileServiceReturnsFailure_ReturnsOperationResultUnchanged" computerName="DESKTOP-CVGB6OE" duration="00:00:00.0013430" startTime="2026-09-03T11:29:55.1256579+05:00" endTime="2026-09-03T11:29:55.1270002+05:00" testType="13cdc9d9-ddb5-4fa4-a97d-d965ccfc6d4b" outcome="Passed" testListId="8c84fa94-04c1-424b-9868-57a2d4851a1d" relativeResultsDirectory="15ff675a-204f-46cd-a7df-8064606246de" />
    <UnitTestResult executionId="f5fa64a7-9388-45c2-b247-f06cde34f445" testId="556576dc-04d2-b5fd-0867-fb5f6c50b907" testName="RestoreModulesFromProjectAsync_InvalidThermalInput_DoesNotMutatePriorClimateOrThermalSlices" computerName="DESKTOP-CVGB6OE" duration="00:00:00.0023280" startTime="2026-09-03T11:29:55.0983731+05:00" endTime="2026-09-03T11:29:55.1007009+05:00" testType="13cdc9d9-ddb5-4fa4-a97d-d965ccfc6d4b" outcome="Passed" testListId="8c84fa94-04c1-424b-9868-57a2d4851a1d" relativeResultsDirectory="f5fa64a7-9388-45c2-b247-f06cde34f445" />
    <UnitTestResult executionId="f322230e-f167-4ec8-b249-d89e82dc9756" testId="a6e1cce5-161c-e6a1-6c55-426b83b6e9c5" testName="RefreshAll_WhenSourceStateIsUnchanged_IsValueIdempotentWithoutDuplicateRowsOrCalculation" computerName="DESKTOP-CVGB6OE" duration="00:00:00.0046759" startTime="2026-09-03T11:29:55.1699361+05:00" endTime="2026-09-03T11:29:55.1746124+05:00" testType="13cdc9d9-ddb5-4fa4-a97d-d965ccfc6d4b" outcome="Passed" testListId="8c84fa94-04c1-424b-9868-57a2d4851a1d" relativeResultsDirectory="f322230e-f167-4ec8-b249-d89e82dc9756" />
    <UnitTestResult executionId="07debdb1-2149-43c4-99ad-51a54861bd5a" testId="8d421899-006f-bf4b-f2af-5fed09704780" testName="ResultsPdfDataBuilder_UsesConstructionLayersAndImageParametersFromSameCurrentSource" computerName="DESKTOP-CVGB6OE" duration="00:00:00.0035200" startTime="2026-09-03T11:29:55.1826969+05:00" endTime="2026-09-03T11:29:55.1862172+05:00" testType="13cdc9d9-ddb5-4fa4-a97d-d965ccfc6d4b" outcome="Passed" testListId="8c84fa94-04c1-424b-9868-57a2d4851a1d" relativeResultsDirectory="07debdb1-2149-43c4-99ad-51a54861bd5a" />
    <UnitTestResult executionId="560dc365-a829-4284-b83a-75ed602a59e6" testId="dd1df67f-d8ad-3a44-99e1-e5855c6ab914" testName="LoadProjectDataAsync_EarlyRestoreFailure_LeavesPartialStateAndClearsGuard" computerName="DESKTOP-CVGB6OE" duration="00:00:00.0195060" startTime="2026-09-03T11:29:55.0518900+05:00" endTime="2026-09-03T11:29:55.0713954+05:00" testType="13cdc9d9-ddb5-4fa4-a97d-d965ccfc6d4b" outcome="Passed" testListId="8c84fa94-04c1-424b-9868-57a2d4851a1d" relativeResultsDirectory="560dc365-a829-4284-b83a-75ed602a59e6" />
    <UnitTestResult executionId="c377ac49-f83e-4521-afbd-ce2b9186b77a" testId="0d764722-03ae-44ed-9304-8d0708ccb6c6" testName="RefreshAll_WhenInputsChangeButValidResultIsRetained_PreservesOutputWithoutCalculation" computerName="DESKTOP-CVGB6OE" duration="00:00:00.0036490" startTime="2026-09-03T11:29:55.1641899+05:00" endTime="2026-09-03T11:29:55.1678382+05:00" testType="13cdc9d9-ddb5-4fa4-a97d-d965ccfc6d4b" outcome="Passed" testListId="8c84fa94-04c1-424b-9868-57a2d4851a1d" relativeResultsDirectory="c377ac49-f83e-4521-afbd-ce2b9186b77a" />
    <UnitTestResult executionId="8669b1ad-9400-475c-82fb-fb2b9d420df7" testId="8824a3c6-0b3c-55b1-29e2-48930f4ee090" testName="ProjectLoadOrchestrator_PreservesLoadOnlyThermalFallbackBoundary" computerName="DESKTOP-CVGB6OE" duration="00:00:00.0106030" startTime="2026-09-03T11:29:55.1461978+05:00" endTime="2026-09-03T11:29:55.1567999+05:00" testType="13cdc9d9-ddb5-4fa4-a97d-d965ccfc6d4b" outcome="Passed" testListId="8c84fa94-04c1-424b-9868-57a2d4851a1d" relativeResultsDirectory="8669b1ad-9400-475c-82fb-fb2b9d420df7" />
    <UnitTestResult executionId="cc10c2f7-ae26-40be-ba1d-61adb493f5d7" testId="ada4b904-9ac4-384a-e10f-a5d7bb048540" testName="LoadProjectDataAsync_TwiceOnSingletonGraph_ReplacesIdentityWithoutStaleState" computerName="DESKTOP-CVGB6OE" duration="00:00:00.0016820" startTime="2026-09-03T11:29:55.0782653+05:00" endTime="2026-09-03T11:29:55.0799465+05:00" testType="13cdc9d9-ddb5-4fa4-a97d-d965ccfc6d4b" outcome="Passed" testListId="8c84fa94-04c1-424b-9868-57a2d4851a1d" relativeResultsDirectory="cc10c2f7-ae26-40be-ba1d-61adb493f5d7" />
    <UnitTestResult executionId="3a667aba-dfb5-4c60-b310-c3fa8dba14ac" testId="85551c08-c8d5-0041-7a90-d35db60a9b2c" testName="Construction_UserAddLayer_OneCanonicalCommitForTheWholeLayerChange" computerName="DESKTOP-CVGB6OE" duration="00:00:00.0204830" startTime="2026-09-03T11:29:51.9722118+05:00" endTime="2026-09-03T11:29:51.9926944+05:00" testType="13cdc9d9-ddb5-4fa4-a97d-d965ccfc6d4b" outcome="Passed" testListId="8c84fa94-04c1-424b-9868-57a2d4851a1d" relativeResultsDirectory="3a667aba-dfb5-4c60-b310-c3fa8dba14ac" />
    <UnitTestResult executionId="4e3b2598-135d-4a55-82f7-5e61fd2fb156" testId="2fa672d0-1e38-1145-6480-b85e958dbde2" testName="RefreshAll_ProjectsCollectorCircuitSpecificationsEquipmentCardsAndKpi" computerName="DESKTOP-CVGB6OE" duration="00:00:00.0073260" startTime="2026-09-03T11:29:55.1568344+05:00" endTime="2026-09-03T11:29:55.1641603+05:00" testType="13cdc9d9-ddb5-4fa4-a97d-d965ccfc6d4b" outcome="Passed" testListId="8c84fa94-04c1-424b-9868-57a2d4851a1d" relativeResultsDirectory="4e3b2598-135d-4a55-82f7-5e61fd2fb156" />
    <UnitTestResult executionId="3cedd564-d35a-4ce3-8d68-61db385ad140" testId="d2208d7c-ebd4-9532-ada3-e689e34e7490" testName="Hydraulics_UserCircuitEdit_CrossesOneCanonicalBoundaryWithOneCommit" computerName="DESKTOP-CVGB6OE" duration="00:00:00.0181360" startTime="2026-09-03T11:29:51.9927251+05:00" endTime="2026-09-03T11:29:52.0108607+05:00" testType="13cdc9d9-ddb5-4fa4-a97d-d965ccfc6d4b" outcome="Passed" testListId="8c84fa94-04c1-424b-9868-57a2d4851a1d" relativeResultsDirectory="3cedd564-d35a-4ce3-8d68-61db385ad140">
      <Output>
        <StdOut>[phase-10 consolidation] hydraulics origins: User</StdOut>
      </Output>
    </UnitTestResult>
    <UnitTestResult executionId="31221988-a81b-4273-9ad0-cabcb4805126" testId="d5cb6006-65f6-c600-4243-c6353dffd63a" testName="Results_ProjectionReadsCanonicalStateWithoutCanonicalMutations" computerName="DESKTOP-CVGB6OE" duration="00:00:00.0026360" startTime="2026-09-03T11:29:52.0224066+05:00" endTime="2026-09-03T11:29:52.0250422+05:00" testType="13cdc9d9-ddb5-4fa4-a97d-d965ccfc6d4b" outcome="Passed" testListId="8c84fa94-04c1-424b-9868-57a2d4851a1d" relativeResultsDirectory="31221988-a81b-4273-9ad0-cabcb4805126" />
    <UnitTestResult executionId="cbcb2e7e-7e93-4e07-8b85-ccf341767902" testId="9798a0bb-f776-41c7-4436-34bf2c87ef95" testName="Shell_UserSaveCommand_ProducesOneBoundaryWriteAndOneCleanTransition" computerName="DESKTOP-CVGB6OE" duration="00:00:03.0198930" startTime="2026-09-03T11:29:52.0250633+05:00" endTime="2026-09-03T11:29:55.0449562+05:00" testType="13cdc9d9-ddb5-4fa4-a97d-d965ccfc6d4b" outcome="Passed" testListId="8c84fa94-04c1-424b-9868-57a2d4851a1d" relativeResultsDirectory="cbcb2e7e-7e93-4e07-8b85-ccf341767902" />
    <UnitTestResult executionId="d8d0ff5a-1cd2-491a-a3f6-b36712250c73" testId="a91c30e5-eef5-141b-9bcf-30c96b1c38ce" testName="SaveCurrentProject_ProjectsLiveModuleStateInsteadOfResultsCache" computerName="DESKTOP-CVGB6OE" duration="00:00:00.0019770" startTime="2026-09-03T11:29:55.1862446+05:00" endTime="2026-09-03T11:29:55.1882215+05:00" testType="13cdc9d9-ddb5-4fa4-a97d-d965ccfc6d4b" outcome="Passed" testListId="8c84fa94-04c1-424b-9868-57a2d4851a1d" relativeResultsDirectory="d8d0ff5a-1cd2-491a-a3f6-b36712250c73" />
    <UnitTestResult executionId="552eb100-ce58-4f31-b3ce-54a691e5e34b" testId="11d86eed-02b5-b0c9-0b39-27d73c7a50b4" testName="LoadProjectDataAsync_LateRestoreFailure_LeavesPartialStateAndClearsGuard" computerName="DESKTOP-CVGB6OE" duration="00:00:00.0032160" startTime="2026-09-03T11:29:55.0714338+05:00" endTime="2026-09-03T11:29:55.0746496+05:00" testType="13cdc9d9-ddb5-4fa4-a97d-d965ccfc6d4b" outcome="Passed" testListId="8c84fa94-04c1-424b-9868-57a2d4851a1d" relativeResultsDirectory="552eb100-ce58-4f31-b3ce-54a691e5e34b" />
  </Results>
  <TestDefinitions>
    <UnitTest name="RepeatedResetAndLoadCycles_DoNotMultiplyThermalCompletionsOrCalculations" storage="d:\ia\ace — копия\tests\snowmeltingcalculator.tests\bin\debug\net8.0-windows\snowmeltingcalculator.tests.dll" id="6303c801-44bf-4d2c-71a8-5f0e90b18624">
      <Execution id="18c4d50c-6b6f-45bb-8d0c-c713d41c3155" />
      <TestMethod codeBase="D:\IA\ace — копия\tests\SnowMeltingCalculator.Tests\bin\Debug\net8.0-windows\SnowMeltingCalculator.Tests.dll" adapterTypeName="executor://nunit3testexecutor/" className="SnowMeltingCalculator.Tests.Services.Project.ProjectLifecycleFlowCharacterizationTests" name="RepeatedResetAndLoadCycles_DoNotMultiplyThermalCompletionsOrCalculations" />
    </UnitTest>
    <UnitTest name="ResetModules_WithProjectSession_AppliesOneCanonicalResetAndRefreshesAdapter" storage="d:\ia\ace — копия\tests\snowmeltingcalculator.tests\bin\debug\net8.0-windows\snowmeltingcalculator.tests.dll" id="42ce6832-7995-9543-e9c5-91512d36cfa8">
      <Execution id="87e29036-49dd-4eea-a33b-9fa6ae34b472" />
      <TestMethod codeBase="D:\IA\ace — копия\tests\SnowMeltingCalculator.Tests\bin\Debug\net8.0-windows\SnowMeltingCalculator.Tests.dll" adapterTypeName="executor://nunit3testexecutor/" className="SnowMeltingCalculator.Tests.Services.Project.ProjectLifecycleFlowCharacterizationTests" name="ResetModules_WithProjectSession_AppliesOneCanonicalResetAndRefreshesAdapter" />
    </UnitTest>
    <UnitTest name="LoadAndReopen_RefreshesProjectionAndLeavesProjectClean" storage="d:\ia\ace — копия\tests\snowmeltingcalculator.tests\bin\debug\net8.0-windows\snowmeltingcalculator.tests.dll" id="b15187f7-89e2-b76b-482c-e49ab9ba4fef">
      <Execution id="cf367cb5-c467-4879-b58c-8e1642d82427" />
      <TestMethod codeBase="D:\IA\ace — копия\tests\SnowMeltingCalculator.Tests\bin\Debug\net8.0-windows\SnowMeltingCalculator.Tests.dll" adapterTypeName="executor://nunit3testexecutor/" className="SnowMeltingCalculator.Tests.ViewModels.ResultsStabilizationPhase1BehaviorContractsTests" name="LoadAndReopen_RefreshesProjectionAndLeavesProjectClean" />
    </UnitTest>
    <UnitTest name="Construction_UserAddLayer_OneCanonicalCommitForTheWholeLayerChange" storage="d:\ia\ace — копия\tests\snowmeltingcalculator.tests\bin\debug\net8.0-windows\snowmeltingcalculator.tests.dll" id="85551c08-c8d5-0041-7a90-d35db60a9b2c">
      <Execution id="3a667aba-dfb5-4c60-b310-c3fa8dba14ac" />
      <TestMethod codeBase="D:\IA\ace — копия\tests\SnowMeltingCalculator.Tests\bin\Debug\net8.0-windows\SnowMeltingCalculator.Tests.dll" adapterTypeName="executor://nunit3testexecutor/" className="SnowMeltingCalculator.Tests.Services.Project.MutationBoundaryConsolidationTests" name="Construction_UserAddLayer_OneCanonicalCommitForTheWholeLayerChange" />
    </UnitTest>
    <UnitTest name="ProjectSaveServiceSource_RejectsViewModelAndWpfReferences" storage="d:\ia\ace — копия\tests\snowmeltingcalculator.tests\bin\debug\net8.0-windows\snowmeltingcalculator.tests.dll" id="46a40d61-efc3-1931-0d41-b5a0c6239c21">
      <Execution id="bc14f779-daa9-461c-a35e-511f71c22312" />
      <TestMethod codeBase="D:\IA\ace — копия\tests\SnowMeltingCalculator.Tests\bin\Debug\net8.0-windows\SnowMeltingCalculator.Tests.dll" adapterTypeName="executor://nunit3testexecutor/" className="SnowMeltingCalculator.Tests.Services.Project.ProjectSaveServiceTests" name="ProjectSaveServiceSource_RejectsViewModelAndWpfReferences" />
    </UnitTest>
    <UnitTest name="SaveAsync_WhenFileServiceReturnsFailure_ReturnsOperationResultUnchanged" storage="d:\ia\ace — копия\tests\snowmeltingcalculator.tests\bin\debug\net8.0-windows\snowmeltingcalculator.tests.dll" id="189095cd-1474-7ea8-12a7-a0d7fe681a4d">
      <Execution id="15ff675a-204f-46cd-a7df-8064606246de" />
      <TestMethod codeBase="D:\IA\ace — копия\tests\SnowMeltingCalculator.Tests\bin\Debug\net8.0-windows\SnowMeltingCalculator.Tests.dll" adapterTypeName="executor://nunit3testexecutor/" className="SnowMeltingCalculator.Tests.Services.Project.ProjectSaveServiceTests" name="SaveAsync_WhenFileServiceReturnsFailure_ReturnsOperationResultUnchanged" />
    </UnitTest>
    <UnitTest name="SaveCurrentProject_ProjectsLiveModuleStateInsteadOfResultsCache" storage="d:\ia\ace — копия\tests\snowmeltingcalculator.tests\bin\debug\net8.0-windows\snowmeltingcalculator.tests.dll" id="a91c30e5-eef5-141b-9bcf-30c96b1c38ce">
      <Execution id="d8d0ff5a-1cd2-491a-a3f6-b36712250c73" />
      <TestMethod codeBase="D:\IA\ace — копия\tests\SnowMeltingCalculator.Tests\bin\Debug\net8.0-windows\SnowMeltingCalculator.Tests.dll" adapterTypeName="executor://nunit3testexecutor/" className="SnowMeltingCalculator.Tests.ViewModels.ResultsStabilizationPhase1BehaviorContractsTests" name="SaveCurrentProject_ProjectsLiveModuleStateInsteadOfResultsCache" />
    </UnitTest>
    <UnitTest name="RefreshAll_WhenSourceResultIsCleared_ZerosOutputAndMarksNotReady" storage="d:\ia\ace — копия\tests\snowmeltingcalculator.tests\bin\debug\net8.0-windows\snowmeltingcalculator.tests.dll" id="b9bad301-50c0-8b2f-89c1-0dec91a75935">
      <Execution id="91678ebb-752e-4dda-93a2-9f70d93c69c0" />
      <TestMethod codeBase="D:\IA\ace — копия\tests\SnowMeltingCalculator.Tests\bin\Debug\net8.0-windows\SnowMeltingCalculator.Tests.dll" adapterTypeName="executor://nunit3testexecutor/" className="SnowMeltingCalculator.Tests.ViewModels.ResultsStabilizationPhase1BehaviorContractsTests" name="RefreshAll_WhenSourceResultIsCleared_ZerosOutputAndMarksNotReady" />
    </UnitTest>
    <UnitTest name="SaveToFileSourceSlice_RejectsSaveCurrentProject" storage="d:\ia\ace — копия\tests\snowmeltingcalculator.tests\bin\debug\net8.0-windows\snowmeltingcalculator.tests.dll" id="96333010-c421-cf78-6774-413dc7fa01e8">
      <Execution id="7172d096-6e31-45ef-8f0e-e3b39e502203" />
      <TestMethod codeBase="D:\IA\ace — копия\tests\SnowMeltingCalculator.Tests\bin\Debug\net8.0-windows\SnowMeltingCalculator.Tests.dll" adapterTypeName="executor://nunit3testexecutor/" className="SnowMeltingCalculator.Tests.Services.Project.ProjectSaveServiceTests" name="SaveToFileSourceSlice_RejectsSaveCurrentProject" />
    </UnitTest>
    <UnitTest name="Reset_ClearsResultsProjectionAndMarksProjectClean" storage="d:\ia\ace — копия\tests\snowmeltingcalculator.tests\bin\debug\net8.0-windows\snowmeltingcalculator.tests.dll" id="63e55650-4856-0fb9-1578-a00e9506faf0">
      <Execution id="6c897597-abd0-48c8-9125-e844bd4fd6c7" />
      <TestMethod codeBase="D:\IA\ace — копия\tests\SnowMeltingCalculator.Tests\bin\Debug\net8.0-windows\SnowMeltingCalculator.Tests.dll" adapterTypeName="executor://nunit3testexecutor/" className="SnowMeltingCalculator.Tests.ViewModels.ResultsStabilizationPhase1BehaviorContractsTests" name="Reset_ClearsResultsProjectionAndMarksProjectClean" />
    </UnitTest>
    <UnitTest name="LoadProjectDataAsync_Success_ClearsRestoreGuard" storage="d:\ia\ace — копия\tests\snowmeltingcalculator.tests\bin\debug\net8.0-windows\snowmeltingcalculator.tests.dll" id="28f1fa57-ea25-4800-c2ea-cea82076666f">
      <Execution id="37337ac2-310b-4d48-8c4e-8d61b4f976a9" />
      <TestMethod codeBase="D:\IA\ace — копия\tests\SnowMeltingCalculator.Tests\bin\Debug\net8.0-windows\SnowMeltingCalculator.Tests.dll" adapterTypeName="executor://nunit3testexecutor/" className="SnowMeltingCalculator.Tests.Services.Project.ProjectLifecycleFlowCharacterizationTests" name="LoadProjectDataAsync_Success_ClearsRestoreGuard" />
    </UnitTest>
    <UnitTest name="LoadResetRestoreAndSystemApply_AreDistinguishableAndCreateNoUserDirty" storage="d:\ia\ace — копия\tests\snowmeltingcalculator.tests\bin\debug\net8.0-windows\snowmeltingcalculator.tests.dll" id="cf84a754-4479-3666-5e1b-5028ead78253">
      <Execution id="f2627329-e96a-4dc7-810d-af018750de64" />
      <TestMethod codeBase="D:\IA\ace — копия\tests\SnowMeltingCalculator.Tests\bin\Debug\net8.0-windows\SnowMeltingCalculator.Tests.dll" adapterTypeName="executor://nunit3testexecutor/" className="SnowMeltingCalculator.Tests.Services.Project.MutationBoundaryConsolidationTests" name="LoadResetRestoreAndSystemApply_AreDistinguishableAndCreateNoUserDirty" />
    </UnitTest>
    <UnitTest name="LoadProjectDataAsync_ThenEdit_MarksDirtyThroughExistingStateService" storage="d:\ia\ace — копия\tests\snowmeltingcalculator.tests\bin\debug\net8.0-windows\snowmeltingcalculator.tests.dll" id="06f7b06b-0bbb-246d-8f9a-68ca3dc19050">
      <Execution id="261e0e39-f005-4a12-807e-ac1fefc5235f" />
      <TestMethod codeBase="D:\IA\ace — копия\tests\SnowMeltingCalculator.Tests\bin\Debug\net8.0-windows\SnowMeltingCalculator.Tests.dll" adapterTypeName="executor://nunit3testexecutor/" className="SnowMeltingCalculator.Tests.Services.Project.ProjectLifecycleFlowCharacterizationTests" name="LoadProjectDataAsync_ThenEdit_MarksDirtyThroughExistingStateService" />
    </UnitTest>
    <UnitTest name="RestoreModulesFromProjectAsync_InvalidThermalInput_DoesNotMutatePriorClimateOrThermalSlices" storage="d:\ia\ace — копия\tests\snowmeltingcalculator.tests\bin\debug\net8.0-windows\snowmeltingcalculator.tests.dll" id="556576dc-04d2-b5fd-0867-fb5f6c50b907">
      <Execution id="f5fa64a7-9388-45c2-b247-f06cde34f445" />
      <TestMethod codeBase="D:\IA\ace — копия\tests\SnowMeltingCalculator.Tests\bin\Debug\net8.0-windows\SnowMeltingCalculator.Tests.dll" adapterTypeName="executor://nunit3testexecutor/" className="SnowMeltingCalculator.Tests.Services.Project.ProjectLifecycleFlowCharacterizationTests" name="RestoreModulesFromProjectAsync_InvalidThermalInput_DoesNotMutatePriorClimateOrThermalSlices" />
    </UnitTest>
    <UnitTest name="LoadProjectDataAsync_LateRestoreFailure_LeavesPartialStateAndClearsGuard" storage="d:\ia\ace — копия\tests\snowmeltingcalculator.tests\bin\debug\net8.0-windows\snowmeltingcalculator.tests.dll" id="11d86eed-02b5-b0c9-0b39-27d73c7a50b4">
      <Execution id="552eb100-ce58-4f31-b3ce-54a691e5e34b" />
      <TestMethod codeBase="D:\IA\ace — копия\tests\SnowMeltingCalculator.Tests\bin\Debug\net8.0-windows\SnowMeltingCalculator.Tests.dll" adapterTypeName="executor://nunit3testexecutor/" className="SnowMeltingCalculator.Tests.Services.Project.ProjectLifecycleFlowCharacterizationTests" name="LoadProjectDataAsync_LateRestoreFailure_LeavesPartialStateAndClearsGuard" />
    </UnitTest>
    <UnitTest name="SaveAsync_WithValidSession_MapsSnapshotFieldsAndCallsServicesExactlyOnce" storage="d:\ia\ace — копия\tests\snowmeltingcalculator.tests\bin\debug\net8.0-windows\snowmeltingcalculator.tests.dll" id="18d8f9d3-fd7f-59ac-688c-9e31e5755e59">
      <Execution id="63ff39e0-a4dc-412f-bf21-b22cfa0f63a4" />
      <TestMethod codeBase="D:\IA\ace — копия\tests\SnowMeltingCalculator.Tests\bin\Debug\net8.0-windows\SnowMeltingCalculator.Tests.dll" adapterTypeName="executor://nunit3testexecutor/" className="SnowMeltingCalculator.Tests.Services.Project.ProjectSaveServiceTests" name="SaveAsync_WithValidSession_MapsSnapshotFieldsAndCallsServicesExactlyOnce" />
    </UnitTest>
    <UnitTest name="RestoreModulesFromProjectAsync_Twice_ReplacesConstructionWithoutStaleFirstProjectValues" storage="d:\ia\ace — копия\tests\snowmeltingcalculator.tests\bin\debug\net8.0-windows\snowmeltingcalculator.tests.dll" id="b8dbbc0e-893d-36da-282e-cbde468467e3">
      <Execution id="6773730d-95c0-49e4-9cf6-703e9e90ac65" />
      <TestMethod codeBase="D:\IA\ace — копия\tests\SnowMeltingCalculator.Tests\bin\Debug\net8.0-windows\SnowMeltingCalculator.Tests.dll" adapterTypeName="executor://nunit3testexecutor/" className="SnowMeltingCalculator.Tests.Services.Project.ProjectLifecycleFlowCharacterizationTests" name="RestoreModulesFromProjectAsync_Twice_ReplacesConstructionWithoutStaleFirstProjectValues" />
    </UnitTest>
    <UnitTest name="Shell_UserSaveCommand_ProducesOneBoundaryWriteAndOneCleanTransition" storage="d:\ia\ace — копия\tests\snowmeltingcalculator.tests\bin\debug\net8.0-windows\snowmeltingcalculator.tests.dll" id="9798a0bb-f776-41c7-4436-34bf2c87ef95">
      <Execution id="cbcb2e7e-7e93-4e07-8b85-ccf341767902" />
      <TestMethod codeBase="D:\IA\ace — копия\tests\SnowMeltingCalculator.Tests\bin\Debug\net8.0-windows\SnowMeltingCalculator.Tests.dll" adapterTypeName="executor://nunit3testexecutor/" className="SnowMeltingCalculator.Tests.Services.Project.MutationBoundaryConsolidationTests" name="Shell_UserSaveCommand_ProducesOneBoundaryWriteAndOneCleanTransition" />
    </UnitTest>
    <UnitTest name="RefreshAll_WhenSourceStateIsUnchanged_IsValueIdempotentWithoutDuplicateRowsOrCalculation" storage="d:\ia\ace — копия\tests\snowmeltingcalculator.tests\bin\debug\net8.0-windows\snowmeltingcalculator.tests.dll" id="a6e1cce5-161c-e6a1-6c55-426b83b6e9c5">
      <Execution id="f322230e-f167-4ec8-b249-d89e82dc9756" />
      <TestMethod codeBase="D:\IA\ace — копия\tests\SnowMeltingCalculator.Tests\bin\Debug\net8.0-windows\SnowMeltingCalculator.Tests.dll" adapterTypeName="executor://nunit3testexecutor/" className="SnowMeltingCalculator.Tests.ViewModels.ResultsStabilizationPhase1BehaviorContractsTests" name="RefreshAll_WhenSourceStateIsUnchanged_IsValueIdempotentWithoutDuplicateRowsOrCalculation" />
    </UnitTest>
    <UnitTest name="ProjectLoadOrchestrator_PreservesLoadOnlyThermalFallbackBoundary" storage="d:\ia\ace — копия\tests\snowmeltingcalculator.tests\bin\debug\net8.0-windows\snowmeltingcalculator.tests.dll" id="8824a3c6-0b3c-55b1-29e2-48930f4ee090">
      <Execution id="8669b1ad-9400-475c-82fb-fb2b9d420df7" />
      <TestMethod codeBase="D:\IA\ace — копия\tests\SnowMeltingCalculator.Tests\bin\Debug\net8.0-windows\SnowMeltingCalculator.Tests.dll" adapterTypeName="executor://nunit3testexecutor/" className="SnowMeltingCalculator.Tests.ViewModels.ResultsStabilizationPhase1BehaviorContractsTests" name="ProjectLoadOrchestrator_PreservesLoadOnlyThermalFallbackBoundary" />
    </UnitTest>
    <UnitTest name="SaveAsync_WhenFileServiceThrows_ExceptionPropagates" storage="d:\ia\ace — копия\tests\snowmeltingcalculator.tests\bin\debug\net8.0-windows\snowmeltingcalculator.tests.dll" id="48e23a5f-15b9-dd2f-b242-e972ab9a37a9">
      <Execution id="5f6808f8-5e15-4dee-88ed-e6c26f6790da" />
      <TestMethod codeBase="D:\IA\ace — копия\tests\SnowMeltingCalculator.Tests\bin\Debug\net8.0-windows\SnowMeltingCalculator.Tests.dll" adapterTypeName="executor://nunit3testexecutor/" className="SnowMeltingCalculator.Tests.Services.Project.ProjectSaveServiceTests" name="SaveAsync_WhenFileServiceThrows_ExceptionPropagates" />
    </UnitTest>
    <UnitTest name="RefreshAll_ProjectsCollectorCircuitSpecificationsEquipmentCardsAndKpi" storage="d:\ia\ace — копия\tests\snowmeltingcalculator.tests\bin\debug\net8.0-windows\snowmeltingcalculator.tests.dll" id="2fa672d0-1e38-1145-6480-b85e958dbde2">
      <Execution id="4e3b2598-135d-4a55-82f7-5e61fd2fb156" />
      <TestMethod codeBase="D:\IA\ace — копия\tests\SnowMeltingCalculator.Tests\bin\Debug\net8.0-windows\SnowMeltingCalculator.Tests.dll" adapterTypeName="executor://nunit3testexecutor/" className="SnowMeltingCalculator.Tests.ViewModels.ResultsStabilizationPhase1BehaviorContractsTests" name="RefreshAll_ProjectsCollectorCircuitSpecificationsEquipmentCardsAndKpi" />
    </UnitTest>
    <UnitTest name="Climate_UserCitySelection_ChangesManyFieldsThroughExactlyOneCompletionBoundary" storage="d:\ia\ace — копия\tests\snowmeltingcalculator.tests\bin\debug\net8.0-windows\snowmeltingcalculator.tests.dll" id="f2c01def-cb0f-3d6c-8cab-446d99a16267">
      <Execution id="497c2d78-a25c-4368-8227-ccdd7bc43ee5" />
      <TestMethod codeBase="D:\IA\ace — копия\tests\SnowMeltingCalculator.Tests\bin\Debug\net8.0-windows\SnowMeltingCalculator.Tests.dll" adapterTypeName="executor://nunit3testexecutor/" className="SnowMeltingCalculator.Tests.Services.Project.MutationBoundaryConsolidationTests" name="Climate_UserCitySelection_ChangesManyFieldsThroughExactlyOneCompletionBoundary" />
    </UnitTest>
    <UnitTest name="Hydraulics_UserCircuitEdit_CrossesOneCanonicalBoundaryWithOneCommit" storage="d:\ia\ace — копия\tests\snowmeltingcalculator.tests\bin\debug\net8.0-windows\snowmeltingcalculator.tests.dll" id="d2208d7c-ebd4-9532-ada3-e689e34e7490">
      <Execution id="3cedd564-d35a-4ce3-8d68-61db385ad140" />
      <TestMethod codeBase="D:\IA\ace — копия\tests\SnowMeltingCalculator.Tests\bin\Debug\net8.0-windows\SnowMeltingCalculator.Tests.dll" adapterTypeName="executor://nunit3testexecutor/" className="SnowMeltingCalculator.Tests.Services.Project.MutationBoundaryConsolidationTests" name="Hydraulics_UserCircuitEdit_CrossesOneCanonicalBoundaryWithOneCommit" />
    </UnitTest>
    <UnitTest name="RestoreModulesFromProjectAsync_SecondLoadWithoutSavedResult_ReplacesAllThermalStaleValues" storage="d:\ia\ace — копия\tests\snowmeltingcalculator.tests\bin\debug\net8.0-windows\snowmeltingcalculator.tests.dll" id="6c1fc01a-059e-7dd1-a54f-ae3f79deba89">
      <Execution id="6d85d4d6-28e2-4bb1-9e6c-59a5c2eab460" />
      <TestMethod codeBase="D:\IA\ace — копия\tests\SnowMeltingCalculator.Tests\bin\Debug\net8.0-windows\SnowMeltingCalculator.Tests.dll" adapterTypeName="executor://nunit3testexecutor/" className="SnowMeltingCalculator.Tests.Services.Project.ProjectLifecycleFlowCharacterizationTests" name="RestoreModulesFromProjectAsync_SecondLoadWithoutSavedResult_ReplacesAllThermalStaleValues" />
    </UnitTest>
    <UnitTest name="ResultsPdfDataBuilder_UsesConstructionLayersAndImageParametersFromSameCurrentSource" storage="d:\ia\ace — копия\tests\snowmeltingcalculator.tests\bin\debug\net8.0-windows\snowmeltingcalculator.tests.dll" id="8d421899-006f-bf4b-f2af-5fed09704780">
      <Execution id="07debdb1-2149-43c4-99ad-51a54861bd5a" />
      <TestMethod codeBase="D:\IA\ace — копия\tests\SnowMeltingCalculator.Tests\bin\Debug\net8.0-windows\SnowMeltingCalculator.Tests.dll" adapterTypeName="executor://nunit3testexecutor/" className="SnowMeltingCalculator.Tests.ViewModels.ResultsStabilizationPhase1BehaviorContractsTests" name="ResultsPdfDataBuilder_UsesConstructionLayersAndImageParametersFromSameCurrentSource" />
    </UnitTest>
    <UnitTest name="Thermal_UserApplyInputs_ModeTemperatureSpacingInOneCommit" storage="d:\ia\ace — копия\tests\snowmeltingcalculator.tests\bin\debug\net8.0-windows\snowmeltingcalculator.tests.dll" id="80aaf306-bb12-d9ed-6384-bc81a751ce86">
      <Execution id="353057f7-1127-48b6-ba82-436dc2fbd0ce" />
      <TestMethod codeBase="D:\IA\ace — копия\tests\SnowMeltingCalculator.Tests\bin\Debug\net8.0-windows\SnowMeltingCalculator.Tests.dll" adapterTypeName="executor://nunit3testexecutor/" className="SnowMeltingCalculator.Tests.Services.Project.MutationBoundaryConsolidationTests" name="Thermal_UserApplyInputs_ModeTemperatureSpacingInOneCommit" />
    </UnitTest>
    <UnitTest name="RestoreModulesFromProjectAsync_WithProjectSession_AppliesOneCanonicalProjectLoadAndRefreshesAdapter" storage="d:\ia\ace — копия\tests\snowmeltingcalculator.tests\bin\debug\net8.0-windows\snowmeltingcalculator.tests.dll" id="b271c88b-8ff5-4d23-96d4-e310cbc25330">
      <Execution id="deb0ac75-27dd-44d7-aae8-e4197dcddbfa" />
      <TestMethod codeBase="D:\IA\ace — копия\tests\SnowMeltingCalculator.Tests\bin\Debug\net8.0-windows\SnowMeltingCalculator.Tests.dll" adapterTypeName="executor://nunit3testexecutor/" className="SnowMeltingCalculator.Tests.Services.Project.ProjectLifecycleFlowCharacterizationTests" name="RestoreModulesFromProjectAsync_WithProjectSession_AppliesOneCanonicalProjectLoadAndRefreshesAdapter" />
    </UnitTest>
    <UnitTest name="SaveAsync_PassesCancellationTokenUnchanged" storage="d:\ia\ace — копия\tests\snowmeltingcalculator.tests\bin\debug\net8.0-windows\snowmeltingcalculator.tests.dll" id="2028b32f-4b49-3551-0e23-3c2e0c410193">
      <Execution id="0dde3b7f-0e04-4139-a604-7642546f157a" />
      <TestMethod codeBase="D:\IA\ace — копия\tests\SnowMeltingCalculator.Tests\bin\Debug\net8.0-windows\SnowMeltingCalculator.Tests.dll" adapterTypeName="executor://nunit3testexecutor/" className="SnowMeltingCalculator.Tests.Services.Project.ProjectSaveServiceTests" name="SaveAsync_PassesCancellationTokenUnchanged" />
    </UnitTest>
    <UnitTest name="RefreshAll_WhenInputsChangeButValidResultIsRetained_PreservesOutputWithoutCalculation" storage="d:\ia\ace — копия\tests\snowmeltingcalculator.tests\bin\debug\net8.0-windows\snowmeltingcalculator.tests.dll" id="0d764722-03ae-44ed-9304-8d0708ccb6c6">
      <Execution id="c377ac49-f83e-4521-afbd-ce2b9186b77a" />
      <TestMethod codeBase="D:\IA\ace — копия\tests\SnowMeltingCalculator.Tests\bin\Debug\net8.0-windows\SnowMeltingCalculator.Tests.dll" adapterTypeName="executor://nunit3testexecutor/" className="SnowMeltingCalculator.Tests.ViewModels.ResultsStabilizationPhase1BehaviorContractsTests" name="RefreshAll_WhenInputsChangeButValidResultIsRetained_PreservesOutputWithoutCalculation" />
    </UnitTest>
    <UnitTest name="LoadProjectDataAsync_EarlyRestoreFailure_LeavesPartialStateAndClearsGuard" storage="d:\ia\ace — копия\tests\snowmeltingcalculator.tests\bin\debug\net8.0-windows\snowmeltingcalculator.tests.dll" id="dd1df67f-d8ad-3a44-99e1-e5855c6ab914">
      <Execution id="560dc365-a829-4284-b83a-75ed602a59e6" />
      <TestMethod codeBase="D:\IA\ace — копия\tests\SnowMeltingCalculator.Tests\bin\Debug\net8.0-windows\SnowMeltingCalculator.Tests.dll" adapterTypeName="executor://nunit3testexecutor/" className="SnowMeltingCalculator.Tests.Services.Project.ProjectLifecycleFlowCharacterizationTests" name="LoadProjectDataAsync_EarlyRestoreFailure_LeavesPartialStateAndClearsGuard" />
    </UnitTest>
    <UnitTest name="Results_ProjectionReadsCanonicalStateWithoutCanonicalMutations" storage="d:\ia\ace — копия\tests\snowmeltingcalculator.tests\bin\debug\net8.0-windows\snowmeltingcalculator.tests.dll" id="d5cb6006-65f6-c600-4243-c6353dffd63a">
      <Execution id="31221988-a81b-4273-9ad0-cabcb4805126" />
      <TestMethod codeBase="D:\IA\ace — копия\tests\SnowMeltingCalculator.Tests\bin\Debug\net8.0-windows\SnowMeltingCalculator.Tests.dll" adapterTypeName="executor://nunit3testexecutor/" className="SnowMeltingCalculator.Tests.Services.Project.MutationBoundaryConsolidationTests" name="Results_ProjectionReadsCanonicalStateWithoutCanonicalMutations" />
    </UnitTest>
    <UnitTest name="RestoreModulesFromProjectAsync_ThermalBoundaryException_ClearsLeaseAndPreservesPartialState" storage="d:\ia\ace — копия\tests\snowmeltingcalculator.tests\bin\debug\net8.0-windows\snowmeltingcalculator.tests.dll" id="a3bbd1dd-7744-df8a-97cc-7ed8e44c66f0">
      <Execution id="88598598-eb66-44a6-a3c4-f1070f7f12de" />
      <TestMethod codeBase="D:\IA\ace — копия\tests\SnowMeltingCalculator.Tests\bin\Debug\net8.0-windows\SnowMeltingCalculator.Tests.dll" adapterTypeName="executor://nunit3testexecutor/" className="SnowMeltingCalculator.Tests.Services.Project.ProjectLifecycleFlowCharacterizationTests" name="RestoreModulesFromProjectAsync_ThermalBoundaryException_ClearsLeaseAndPreservesPartialState" />
    </UnitTest>
    <UnitTest name="LoadProjectDataAsync_TwiceOnSingletonGraph_ReplacesIdentityWithoutStaleState" storage="d:\ia\ace — копия\tests\snowmeltingcalculator.tests\bin\debug\net8.0-windows\snowmeltingcalculator.tests.dll" id="ada4b904-9ac4-384a-e10f-a5d7bb048540">
      <Execution id="cc10c2f7-ae26-40be-ba1d-61adb493f5d7" />
      <TestMethod codeBase="D:\IA\ace — копия\tests\SnowMeltingCalculator.Tests\bin\Debug\net8.0-windows\SnowMeltingCalculator.Tests.dll" adapterTypeName="executor://nunit3testexecutor/" className="SnowMeltingCalculator.Tests.Services.Project.ProjectLifecycleFlowCharacterizationTests" name="LoadProjectDataAsync_TwiceOnSingletonGraph_ReplacesIdentityWithoutStaleState" />
    </UnitTest>
    <UnitTest name="RepeatedResetCycles_DoNotDuplicateCircuitsEventSubscriptions" storage="d:\ia\ace — копия\tests\snowmeltingcalculator.tests\bin\debug\net8.0-windows\snowmeltingcalculator.tests.dll" id="5dea7107-a54c-2a01-2f4c-ac89a9d14f47">
      <Execution id="2b4c2cf1-c831-4350-8d79-509af5ab0834" />
      <TestMethod codeBase="D:\IA\ace — копия\tests\SnowMeltingCalculator.Tests\bin\Debug\net8.0-windows\SnowMeltingCalculator.Tests.dll" adapterTypeName="executor://nunit3testexecutor/" className="SnowMeltingCalculator.Tests.Services.Project.ProjectLifecycleFlowCharacterizationTests" name="RepeatedResetCycles_DoNotDuplicateCircuitsEventSubscriptions" />
    </UnitTest>
    <UnitTest name="ResultsPdfDataBuilder_AfterInputMutation_RequiresCurrentScalarAndDerivedGeneration" storage="d:\ia\ace — копия\tests\snowmeltingcalculator.tests\bin\debug\net8.0-windows\snowmeltingcalculator.tests.dll" id="81ca68c3-40b2-c43f-6044-e96861102e28">
      <Execution id="4e9edd26-5856-462a-b484-fc1d02fa5777" />
      <TestMethod codeBase="D:\IA\ace — копия\tests\SnowMeltingCalculator.Tests\bin\Debug\net8.0-windows\SnowMeltingCalculator.Tests.dll" adapterTypeName="executor://nunit3testexecutor/" className="SnowMeltingCalculator.Tests.ViewModels.ResultsStabilizationPhase1BehaviorContractsTests" name="ResultsPdfDataBuilder_AfterInputMutation_RequiresCurrentScalarAndDerivedGeneration" />
    </UnitTest>
  </TestDefinitions>
  <TestEntries>
    <TestEntry testId="b8dbbc0e-893d-36da-282e-cbde468467e3" executionId="6773730d-95c0-49e4-9cf6-703e9e90ac65" testListId="8c84fa94-04c1-424b-9868-57a2d4851a1d" />
    <TestEntry testId="96333010-c421-cf78-6774-413dc7fa01e8" executionId="7172d096-6e31-45ef-8f0e-e3b39e502203" testListId="8c84fa94-04c1-424b-9868-57a2d4851a1d" />
    <TestEntry testId="48e23a5f-15b9-dd2f-b242-e972ab9a37a9" executionId="5f6808f8-5e15-4dee-88ed-e6c26f6790da" testListId="8c84fa94-04c1-424b-9868-57a2d4851a1d" />
    <TestEntry testId="80aaf306-bb12-d9ed-6384-bc81a751ce86" executionId="353057f7-1127-48b6-ba82-436dc2fbd0ce" testListId="8c84fa94-04c1-424b-9868-57a2d4851a1d" />
    <TestEntry testId="2028b32f-4b49-3551-0e23-3c2e0c410193" executionId="0dde3b7f-0e04-4139-a604-7642546f157a" testListId="8c84fa94-04c1-424b-9868-57a2d4851a1d" />
    <TestEntry testId="a3bbd1dd-7744-df8a-97cc-7ed8e44c66f0" executionId="88598598-eb66-44a6-a3c4-f1070f7f12de" testListId="8c84fa94-04c1-424b-9868-57a2d4851a1d" />
    <TestEntry testId="42ce6832-7995-9543-e9c5-91512d36cfa8" executionId="87e29036-49dd-4eea-a33b-9fa6ae34b472" testListId="8c84fa94-04c1-424b-9868-57a2d4851a1d" />
    <TestEntry testId="81ca68c3-40b2-c43f-6044-e96861102e28" executionId="4e9edd26-5856-462a-b484-fc1d02fa5777" testListId="8c84fa94-04c1-424b-9868-57a2d4851a1d" />
    <TestEntry testId="cf84a754-4479-3666-5e1b-5028ead78253" executionId="f2627329-e96a-4dc7-810d-af018750de64" testListId="8c84fa94-04c1-424b-9868-57a2d4851a1d" />
    <TestEntry testId="b9bad301-50c0-8b2f-89c1-0dec91a75935" executionId="91678ebb-752e-4dda-93a2-9f70d93c69c0" testListId="8c84fa94-04c1-424b-9868-57a2d4851a1d" />
    <TestEntry testId="5dea7107-a54c-2a01-2f4c-ac89a9d14f47" executionId="2b4c2cf1-c831-4350-8d79-509af5ab0834" testListId="8c84fa94-04c1-424b-9868-57a2d4851a1d" />
    <TestEntry testId="b271c88b-8ff5-4d23-96d4-e310cbc25330" executionId="deb0ac75-27dd-44d7-aae8-e4197dcddbfa" testListId="8c84fa94-04c1-424b-9868-57a2d4851a1d" />
    <TestEntry testId="f2c01def-cb0f-3d6c-8cab-446d99a16267" executionId="497c2d78-a25c-4368-8227-ccdd7bc43ee5" testListId="8c84fa94-04c1-424b-9868-57a2d4851a1d" />
    <TestEntry testId="b15187f7-89e2-b76b-482c-e49ab9ba4fef" executionId="cf367cb5-c467-4879-b58c-8e1642d82427" testListId="8c84fa94-04c1-424b-9868-57a2d4851a1d" />
    <TestEntry testId="06f7b06b-0bbb-246d-8f9a-68ca3dc19050" executionId="261e0e39-f005-4a12-807e-ac1fefc5235f" testListId="8c84fa94-04c1-424b-9868-57a2d4851a1d" />
    <TestEntry testId="28f1fa57-ea25-4800-c2ea-cea82076666f" executionId="37337ac2-310b-4d48-8c4e-8d61b4f976a9" testListId="8c84fa94-04c1-424b-9868-57a2d4851a1d" />
    <TestEntry testId="46a40d61-efc3-1931-0d41-b5a0c6239c21" executionId="bc14f779-daa9-461c-a35e-511f71c22312" testListId="8c84fa94-04c1-424b-9868-57a2d4851a1d" />
    <TestEntry testId="6c1fc01a-059e-7dd1-a54f-ae3f79deba89" executionId="6d85d4d6-28e2-4bb1-9e6c-59a5c2eab460" testListId="8c84fa94-04c1-424b-9868-57a2d4851a1d" />
    <TestEntry testId="18d8f9d3-fd7f-59ac-688c-9e31e5755e59" executionId="63ff39e0-a4dc-412f-bf21-b22cfa0f63a4" testListId="8c84fa94-04c1-424b-9868-57a2d4851a1d" />
    <TestEntry testId="63e55650-4856-0fb9-1578-a00e9506faf0" executionId="6c897597-abd0-48c8-9125-e844bd4fd6c7" testListId="8c84fa94-04c1-424b-9868-57a2d4851a1d" />
    <TestEntry testId="6303c801-44bf-4d2c-71a8-5f0e90b18624" executionId="18c4d50c-6b6f-45bb-8d0c-c713d41c3155" testListId="8c84fa94-04c1-424b-9868-57a2d4851a1d" />
    <TestEntry testId="189095cd-1474-7ea8-12a7-a0d7fe681a4d" executionId="15ff675a-204f-46cd-a7df-8064606246de" testListId="8c84fa94-04c1-424b-9868-57a2d4851a1d" />
    <TestEntry testId="556576dc-04d2-b5fd-0867-fb5f6c50b907" executionId="f5fa64a7-9388-45c2-b247-f06cde34f445" testListId="8c84fa94-04c1-424b-9868-57a2d4851a1d" />
    <TestEntry testId="a6e1cce5-161c-e6a1-6c55-426b83b6e9c5" executionId="f322230e-f167-4ec8-b249-d89e82dc9756" testListId="8c84fa94-04c1-424b-9868-57a2d4851a1d" />
    <TestEntry testId="8d421899-006f-bf4b-f2af-5fed09704780" executionId="07debdb1-2149-43c4-99ad-51a54861bd5a" testListId="8c84fa94-04c1-424b-9868-57a2d4851a1d" />
    <TestEntry testId="dd1df67f-d8ad-3a44-99e1-e5855c6ab914" executionId="560dc365-a829-4284-b83a-75ed602a59e6" testListId="8c84fa94-04c1-424b-9868-57a2d4851a1d" />
    <TestEntry testId="0d764722-03ae-44ed-9304-8d0708ccb6c6" executionId="c377ac49-f83e-4521-afbd-ce2b9186b77a" testListId="8c84fa94-04c1-424b-9868-57a2d4851a1d" />
    <TestEntry testId="8824a3c6-0b3c-55b1-29e2-48930f4ee090" executionId="8669b1ad-9400-475c-82fb-fb2b9d420df7" testListId="8c84fa94-04c1-424b-9868-57a2d4851a1d" />
    <TestEntry testId="ada4b904-9ac4-384a-e10f-a5d7bb048540" executionId="cc10c2f7-ae26-40be-ba1d-61adb493f5d7" testListId="8c84fa94-04c1-424b-9868-57a2d4851a1d" />
    <TestEntry testId="85551c08-c8d5-0041-7a90-d35db60a9b2c" executionId="3a667aba-dfb5-4c60-b310-c3fa8dba14ac" testListId="8c84fa94-04c1-424b-9868-57a2d4851a1d" />
    <TestEntry testId="2fa672d0-1e38-1145-6480-b85e958dbde2" executionId="4e3b2598-135d-4a55-82f7-5e61fd2fb156" testListId="8c84fa94-04c1-424b-9868-57a2d4851a1d" />
    <TestEntry testId="d2208d7c-ebd4-9532-ada3-e689e34e7490" executionId="3cedd564-d35a-4ce3-8d68-61db385ad140" testListId="8c84fa94-04c1-424b-9868-57a2d4851a1d" />
    <TestEntry testId="d5cb6006-65f6-c600-4243-c6353dffd63a" executionId="31221988-a81b-4273-9ad0-cabcb4805126" testListId="8c84fa94-04c1-424b-9868-57a2d4851a1d" />
    <TestEntry testId="9798a0bb-f776-41c7-4436-34bf2c87ef95" executionId="cbcb2e7e-7e93-4e07-8b85-ccf341767902" testListId="8c84fa94-04c1-424b-9868-57a2d4851a1d" />
    <TestEntry testId="a91c30e5-eef5-141b-9bcf-30c96b1c38ce" executionId="d8d0ff5a-1cd2-491a-a3f6-b36712250c73" testListId="8c84fa94-04c1-424b-9868-57a2d4851a1d" />
    <TestEntry testId="11d86eed-02b5-b0c9-0b39-27d73c7a50b4" executionId="552eb100-ce58-4f31-b3ce-54a691e5e34b" testListId="8c84fa94-04c1-424b-9868-57a2d4851a1d" />
  </TestEntries>
  <TestLists>
    <TestList name="Список результатов" id="8c84fa94-04c1-424b-9868-57a2d4851a1d" />
    <TestList name="Все загруженные результаты" id="19431567-8539-422a-85d7-44ee4e166bda" />
  </TestLists>
  <ResultSummary outcome="Completed">
    <Counters total="36" executed="36" passed="36" failed="0" error="0" timeout="0" aborted="0" inconclusive="0" passedButRunAborted="0" notRunnable="0" notExecuted="0" disconnected="0" warning="0" completed="0" inProgress="0" pending="0" />
    <Output>
      <StdOut>NUnit Adapter 4.5.0.0: Test execution started&#xD;
Running selected tests in D:\IA\ace — копия\tests\SnowMeltingCalculator.Tests\bin\Debug\net8.0-windows\SnowMeltingCalculator.Tests.dll&#xD;
   NUnit3TestExecutor discovered 36 of 36 NUnit test cases using Current Discovery mode, Non-Explicit run&#xD;
NUnit Adapter 4.5.0.0: Test execution complete&#xD;
</StdOut>
    </Output>
    <RunInfos>
      <RunInfo computerName="DESKTOP-CVGB6OE" outcome="Warning" timestamp="2026-09-03T11:29:52.0120103+05:00">
        <Text>[phase-10 consolidation] hydraulics origins: User&#xD;
</Text>
      </RunInfo>
    </RunInfos>
  </ResultSummary>
</TestRun>