<?xml version="1.0" encoding="utf-8"?>
<TestRun id="a0475086-07ca-4712-9ef7-35175388a956" name="Admin@DESKTOP-CVGB6OE 2026-09-03 21:57:52" runUser="DESKTOP-CVGB6OE\Admin" xmlns="http://microsoft.com/schemas/VisualStudio/TeamTest/2010">
  <Times creation="2026-09-03T21:57:52.8653793+05:00" queuing="2026-09-03T21:57:52.8653795+05:00" start="2026-09-03T21:57:51.0049863+05:00" finish="2026-09-03T21:57:54.0781939+05:00" />
  <TestSettings name="default" id="5a11e390-7868-4c30-a153-f38701cd72ae">
    <Deployment runDeploymentRoot="Admin_DESKTOP-CVGB6OE_2026-09-03_21_57_52" />
  </TestSettings>
  <Results>
    <UnitTestResult executionId="dcaa9e6e-a08b-48a4-86e3-270bd8b39f67" testId="48e23a5f-15b9-dd2f-b242-e972ab9a37a9" testName="SaveAsync_WhenFileServiceThrows_ExceptionPropagates" computerName="DESKTOP-CVGB6OE" duration="00:00:00.0041420" startTime="2026-09-03T21:57:53.6566066+05:00" endTime="2026-09-03T21:57:53.6607489+05:00" testType="13cdc9d9-ddb5-4fa4-a97d-d965ccfc6d4b" outcome="Passed" testListId="8c84fa94-04c1-424b-9868-57a2d4851a1d" relativeResultsDirectory="dcaa9e6e-a08b-48a4-86e3-270bd8b39f67" />
    <UnitTestResult executionId="2b62bacb-187f-4c40-be22-61a4ab128a84" testId="2028b32f-4b49-3551-0e23-3c2e0c410193" testName="SaveAsync_PassesCancellationTokenUnchanged" computerName="DESKTOP-CVGB6OE" duration="00:00:00.1362730" startTime="2026-09-03T21:57:53.5104984+05:00" endTime="2026-09-03T21:57:53.6467717+05:00" testType="13cdc9d9-ddb5-4fa4-a97d-d965ccfc6d4b" outcome="Passed" testListId="8c84fa94-04c1-424b-9868-57a2d4851a1d" relativeResultsDirectory="2b62bacb-187f-4c40-be22-61a4ab128a84" />
    <UnitTestResult executionId="6d7d2286-d546-4aab-b94b-3c0c715dd291" testId="b6a772bf-c99b-8545-b031-e3fcdbc136d8" testName="Constructor_WhenThermalSnapshotIsNull_ThrowsArgumentNullException" computerName="DESKTOP-CVGB6OE" duration="00:00:00.0012880" startTime="2026-09-03T21:57:53.7466706+05:00" endTime="2026-09-03T21:57:53.7479593+05:00" testType="13cdc9d9-ddb5-4fa4-a97d-d965ccfc6d4b" outcome="Passed" testListId="8c84fa94-04c1-424b-9868-57a2d4851a1d" relativeResultsDirectory="6d7d2286-d546-4aab-b94b-3c0c715dd291" />
    <UnitTestResult executionId="e5e2e171-a5cc-4822-8019-bf42c39ec424" testId="2b05453e-9f01-7f4d-2533-4327c72663ac" testName="LoadProjectResultAsync_OnMissingFile_ReturnsFailureWithFileNotFound" computerName="DESKTOP-CVGB6OE" duration="00:00:00.0062730" startTime="2026-09-03T21:57:53.3523826+05:00" endTime="2026-09-03T21:57:53.3586555+05:00" testType="13cdc9d9-ddb5-4fa4-a97d-d965ccfc6d4b" outcome="Passed" testListId="8c84fa94-04c1-424b-9868-57a2d4851a1d" relativeResultsDirectory="e5e2e171-a5cc-4822-8019-bf42c39ec424" />
    <UnitTestResult executionId="8656aed3-e706-4200-9fe0-4ef0ca9bff13" testId="97082c05-9866-a4cc-8742-0322156d0f4d" testName="Create_ToProjectData_HashPinStaysStable_AcrossCatalogEmbeddingRemoval" computerName="DESKTOP-CVGB6OE" duration="00:00:00.0197390" startTime="2026-09-03T21:57:53.8726002+05:00" endTime="2026-09-03T21:57:53.8923393+05:00" testType="13cdc9d9-ddb5-4fa4-a97d-d965ccfc6d4b" outcome="Passed" testListId="8c84fa94-04c1-424b-9868-57a2d4851a1d" relativeResultsDirectory="8656aed3-e706-4200-9fe0-4ef0ca9bff13" />
    <UnitTestResult executionId="b4b83358-b7d6-4d92-8750-fc22cc767ae0" testId="41070d33-f9d3-73ee-5816-134df90c7486" testName="ModuleProperties_UseExactlyTheFourCanonicalSnapshotTypes" computerName="DESKTOP-CVGB6OE" duration="00:00:00.0004740" startTime="2026-09-03T21:57:53.7504944+05:00" endTime="2026-09-03T21:57:53.7509684+05:00" testType="13cdc9d9-ddb5-4fa4-a97d-d965ccfc6d4b" outcome="Passed" testListId="8c84fa94-04c1-424b-9868-57a2d4851a1d" relativeResultsDirectory="b4b83358-b7d6-4d92-8750-fc22cc767ae0" />
    <UnitTestResult executionId="21ab053e-bdb7-4b00-8121-f6a7ae3f273d" testId="034cd34c-651f-8180-75a4-3d52bf3a4125" testName="SaveAndLoadProjectResult_RoundTripsCollectorAndCircuitResults" computerName="DESKTOP-CVGB6OE" duration="00:00:00.0600690" startTime="2026-09-03T21:57:53.3630703+05:00" endTime="2026-09-03T21:57:53.4231397+05:00" testType="13cdc9d9-ddb5-4fa4-a97d-d965ccfc6d4b" outcome="Passed" testListId="8c84fa94-04c1-424b-9868-57a2d4851a1d" relativeResultsDirectory="21ab053e-bdb7-4b00-8121-f6a7ae3f273d" />
    <UnitTestResult executionId="3ab5707a-9908-47dd-a1e6-032aba1871c2" testId="3d9c14ce-b19a-f8d2-3b1f-616dce7292c4" testName="Create_ReadsEachCanonicalSessionValueOnce_AndCarriesNoCatalogs" computerName="DESKTOP-CVGB6OE" duration="00:00:00.0814170" startTime="2026-09-03T21:57:53.7848262+05:00" endTime="2026-09-03T21:57:53.8662432+05:00" testType="13cdc9d9-ddb5-4fa4-a97d-d965ccfc6d4b" outcome="Passed" testListId="8c84fa94-04c1-424b-9868-57a2d4851a1d" relativeResultsDirectory="3ab5707a-9908-47dd-a1e6-032aba1871c2" />
    <UnitTestResult executionId="e7c00a58-dbdc-4587-9866-072fec015100" testId="2c733f8b-12d0-d590-f36f-1b0d035bbf3e" testName="ProjectSnapshot_CarriesNoCustomCatalogMembers" computerName="DESKTOP-CVGB6OE" duration="00:00:00.0037010" startTime="2026-09-03T21:57:53.7510822+05:00" endTime="2026-09-03T21:57:53.7547831+05:00" testType="13cdc9d9-ddb5-4fa4-a97d-d965ccfc6d4b" outcome="Passed" testListId="8c84fa94-04c1-424b-9868-57a2d4851a1d" relativeResultsDirectory="e7c00a58-dbdc-4587-9866-072fec015100" />
    <UnitTestResult executionId="3d9c4f87-84cf-40d4-ad52-164d784fb218" testId="92cd1e7f-966d-8728-0428-e56baee9d3c1" testName="PublicProperties_AllContractTypes_AreGetOnly" computerName="DESKTOP-CVGB6OE" duration="00:00:00.0009150" startTime="2026-09-03T21:57:53.7571160+05:00" endTime="2026-09-03T21:57:53.7580298+05:00" testType="13cdc9d9-ddb5-4fa4-a97d-d965ccfc6d4b" outcome="Passed" testListId="8c84fa94-04c1-424b-9868-57a2d4851a1d" relativeResultsDirectory="3d9c4f87-84cf-40d4-ad52-164d784fb218" />
    <UnitTestResult executionId="cf2003f3-b1d2-48c1-a0fe-ca8ca66eb727" testId="503e8436-c5cb-bbeb-57b5-ce0f62b74129" testName="SaveProjectAsync_TempFileCleanedUpOnFailure" computerName="DESKTOP-CVGB6OE" duration="00:00:00.0025260" startTime="2026-09-03T21:57:51.8787642+05:00" endTime="2026-09-03T21:57:51.8812901+05:00" testType="13cdc9d9-ddb5-4fa4-a97d-d965ccfc6d4b" outcome="Passed" testListId="8c84fa94-04c1-424b-9868-57a2d4851a1d" relativeResultsDirectory="cf2003f3-b1d2-48c1-a0fe-ca8ca66eb727" />
    <UnitTestResult executionId="84961271-b37b-4927-9ad5-23c72177c250" testId="f3a14943-9aee-2e01-8f45-d8d084836b6b" testName="SaveProjectResultAsync_OnIoFailure_ReturnsFailureWithMessage" computerName="DESKTOP-CVGB6OE" duration="00:00:00.0102050" startTime="2026-09-03T21:57:53.4266622+05:00" endTime="2026-09-03T21:57:53.4368673+05:00" testType="13cdc9d9-ddb5-4fa4-a97d-d965ccfc6d4b" outcome="Passed" testListId="8c84fa94-04c1-424b-9868-57a2d4851a1d" relativeResultsDirectory="84961271-b37b-4927-9ad5-23c72177c250" />
    <UnitTestResult executionId="22d834a3-f208-4afa-b4ef-716419607e06" testId="a1d7f605-d220-eced-e4a5-3b8ba6eddaa7" testName="SaveProjectAsync_CreatesBackup_BakExistsAfterSave" computerName="DESKTOP-CVGB6OE" duration="00:00:00.0691580" startTime="2026-09-03T21:57:51.7944199+05:00" endTime="2026-09-03T21:57:51.8635259+05:00" testType="13cdc9d9-ddb5-4fa4-a97d-d965ccfc6d4b" outcome="Passed" testListId="8c84fa94-04c1-424b-9868-57a2d4851a1d" relativeResultsDirectory="22d834a3-f208-4afa-b4ef-716419607e06" />
    <UnitTestResult executionId="f8e932d3-d98c-49bc-928b-16bf7f0065c3" testId="c6c8ceb6-1244-965a-e979-d04b41e2075d" testName="SaveProjectAsync_DoesNotModify_ModifiedDate" computerName="DESKTOP-CVGB6OE" duration="00:00:00.0287300" startTime="2026-09-03T21:57:52.0258012+05:00" endTime="2026-09-03T21:57:52.0545318+05:00" testType="13cdc9d9-ddb5-4fa4-a97d-d965ccfc6d4b" outcome="Passed" testListId="8c84fa94-04c1-424b-9868-57a2d4851a1d" relativeResultsDirectory="f8e932d3-d98c-49bc-928b-16bf7f0065c3" />
    <UnitTestResult executionId="5092624d-90f2-4dd3-a1b4-bc2a9214cd38" testId="bc9764a0-6907-5e6b-070f-cf5f5445db03" testName="ToProjectData_SerializedWireNamesAndEnumValuesMatchLiveOptions" computerName="DESKTOP-CVGB6OE" duration="00:00:00.0107140" startTime="2026-09-03T21:57:53.4879655+05:00" endTime="2026-09-03T21:57:53.4986784+05:00" testType="13cdc9d9-ddb5-4fa4-a97d-d965ccfc6d4b" outcome="Passed" testListId="8c84fa94-04c1-424b-9868-57a2d4851a1d" relativeResultsDirectory="5092624d-90f2-4dd3-a1b4-bc2a9214cd38" />
    <UnitTestResult executionId="92b90b48-659b-4bbd-901a-8d4d629a6252" testId="189095cd-1474-7ea8-12a7-a0d7fe681a4d" testName="SaveAsync_WhenFileServiceReturnsFailure_ReturnsOperationResultUnchanged" computerName="DESKTOP-CVGB6OE" duration="00:00:00.0048260" startTime="2026-09-03T21:57:53.6516654+05:00" endTime="2026-09-03T21:57:53.6564905+05:00" testType="13cdc9d9-ddb5-4fa4-a97d-d965ccfc6d4b" outcome="Passed" testListId="8c84fa94-04c1-424b-9868-57a2d4851a1d" relativeResultsDirectory="92b90b48-659b-4bbd-901a-8d4d629a6252" />
    <UnitTestResult executionId="b3738731-3c34-4a55-a2cd-2947af7321d3" testId="96333010-c421-cf78-6774-413dc7fa01e8" testName="SaveToFileSourceSlice_RejectsSaveCurrentProject" computerName="DESKTOP-CVGB6OE" duration="00:00:00.0060930" startTime="2026-09-03T21:57:53.6783777+05:00" endTime="2026-09-03T21:57:53.6844701+05:00" testType="13cdc9d9-ddb5-4fa4-a97d-d965ccfc6d4b" outcome="Passed" testListId="8c84fa94-04c1-424b-9868-57a2d4851a1d" relativeResultsDirectory="b3738731-3c34-4a55-a2cd-2947af7321d3" />
    <UnitTestResult executionId="77112e35-52d7-4f20-a241-8b448a1eace2" testId="78db7307-1fde-2cd1-845b-3bc4d2781498" testName="ToProjectData_FirstSaveUsesNowForCreatedAndModified" computerName="DESKTOP-CVGB6OE" duration="00:00:00.0107190" startTime="2026-09-03T21:57:53.4518853+05:00" endTime="2026-09-03T21:57:53.4626036+05:00" testType="13cdc9d9-ddb5-4fa4-a97d-d965ccfc6d4b" outcome="Passed" testListId="8c84fa94-04c1-424b-9868-57a2d4851a1d" relativeResultsDirectory="77112e35-52d7-4f20-a241-8b448a1eace2" />
    <UnitTestResult executionId="a27bb5f0-8890-4581-acfd-962c2fc3aa8e" testId="ca4d7a78-89aa-a700-ff32-15b283377975" testName="ToProjectData_MapsLifecycleDatesAndAllFourModules" computerName="DESKTOP-CVGB6OE" duration="00:00:00.0037120" startTime="2026-09-03T21:57:53.4683732+05:00" endTime="2026-09-03T21:57:53.4720845+05:00" testType="13cdc9d9-ddb5-4fa4-a97d-d965ccfc6d4b" outcome="Passed" testListId="8c84fa94-04c1-424b-9868-57a2d4851a1d" relativeResultsDirectory="a27bb5f0-8890-4581-acfd-962c2fc3aa8e" />
    <UnitTestResult executionId="d04e7e71-96ea-44fb-886c-805cd69232aa" testId="88d17405-1c70-8b83-459e-18edac35ba42" testName="Constructor_WhenConstructionSnapshotIsNull_ThrowsArgumentNullException" computerName="DESKTOP-CVGB6OE" duration="00:00:00.0009320" startTime="2026-09-03T21:57:53.7195089+05:00" endTime="2026-09-03T21:57:53.7204417+05:00" testType="13cdc9d9-ddb5-4fa4-a97d-d965ccfc6d4b" outcome="Passed" testListId="8c84fa94-04c1-424b-9868-57a2d4851a1d" relativeResultsDirectory="d04e7e71-96ea-44fb-886c-805cd69232aa" />
    <UnitTestResult executionId="466b4d83-95bc-4c4f-ace1-6486a9cbc161" testId="18d8f9d3-fd7f-59ac-688c-9e31e5755e59" testName="SaveAsync_WithValidSession_MapsSnapshotFieldsAndCallsServicesExactlyOnce" computerName="DESKTOP-CVGB6OE" duration="00:00:00.0131490" startTime="2026-09-03T21:57:53.6608433+05:00" endTime="2026-09-03T21:57:53.6739919+05:00" testType="13cdc9d9-ddb5-4fa4-a97d-d965ccfc6d4b" outcome="Passed" testListId="8c84fa94-04c1-424b-9868-57a2d4851a1d" relativeResultsDirectory="466b4d83-95bc-4c4f-ace1-6486a9cbc161" />
    <UnitTestResult executionId="0b587c6d-6178-4884-912c-fd93e1a911da" testId="4b3249d0-93ed-a022-5d07-898b0291edc4" testName="ToProjectData_DoesNotCarryCustomCatalogs_Dec006" computerName="DESKTOP-CVGB6OE" duration="00:00:00.0016080" startTime="2026-09-03T21:57:53.4502464+05:00" endTime="2026-09-03T21:57:53.4518545+05:00" testType="13cdc9d9-ddb5-4fa4-a97d-d965ccfc6d4b" outcome="Passed" testListId="8c84fa94-04c1-424b-9868-57a2d4851a1d" relativeResultsDirectory="0b587c6d-6178-4884-912c-fd93e1a911da" />
    <UnitTestResult executionId="bc21b57b-3d7a-4eb6-9c00-06f539fdb4b5" testId="f19f63bc-e477-86af-9d8c-4904b2afc898" testName="ProjectSnapshot_IsSealedWithoutWritableStateOrLifecycleMutators" computerName="DESKTOP-CVGB6OE" duration="00:00:00.0008260" startTime="2026-09-03T21:57:53.7559097+05:00" endTime="2026-09-03T21:57:53.7567354+05:00" testType="13cdc9d9-ddb5-4fa4-a97d-d965ccfc6d4b" outcome="Passed" testListId="8c84fa94-04c1-424b-9868-57a2d4851a1d" relativeResultsDirectory="bc21b57b-3d7a-4eb6-9c00-06f539fdb4b5" />
    <UnitTestResult executionId="2aee7866-6686-4ca8-8b6f-a929e6628127" testId="5fc2f97e-457a-2a6b-e4a8-4497307ff2ff" testName="PublicPropertyTypes_DoNotReferenceViewModelsOrWpf" computerName="DESKTOP-CVGB6OE" duration="00:00:00.0020000" startTime="2026-09-03T21:57:53.7662518+05:00" endTime="2026-09-03T21:57:53.7682515+05:00" testType="13cdc9d9-ddb5-4fa4-a97d-d965ccfc6d4b" outcome="Passed" testListId="8c84fa94-04c1-424b-9868-57a2d4851a1d" relativeResultsDirectory="2aee7866-6686-4ca8-8b6f-a929e6628127" />
    <UnitTestResult executionId="43de837d-5d20-47c2-8aed-75243b5f6d91" testId="783e597a-0b6f-6c91-9ab9-120cb2a65f74" testName="SaveProjectResultAsync_OnSuccess_ReturnsSuccessWithNullValue" computerName="DESKTOP-CVGB6OE" duration="00:00:00.0107280" startTime="2026-09-03T21:57:53.4371122+05:00" endTime="2026-09-03T21:57:53.4478398+05:00" testType="13cdc9d9-ddb5-4fa4-a97d-d965ccfc6d4b" outcome="Passed" testListId="8c84fa94-04c1-424b-9868-57a2d4851a1d" relativeResultsDirectory="43de837d-5d20-47c2-8aed-75243b5f6d91" />
    <UnitTestResult executionId="1dafbc19-27b0-4213-ae2b-d1ae411abaa2" testId="6ce59866-c4e9-07a1-2003-c04de5fba8a5" testName="Constructor_StoresIdentityModeAndCanonicalSnapshotsAsProvided" computerName="DESKTOP-CVGB6OE" duration="00:00:00.0019430" startTime="2026-09-03T21:57:53.7046604+05:00" endTime="2026-09-03T21:57:53.7066045+05:00" testType="13cdc9d9-ddb5-4fa4-a97d-d965ccfc6d4b" outcome="Passed" testListId="8c84fa94-04c1-424b-9868-57a2d4851a1d" relativeResultsDirectory="1dafbc19-27b0-4213-ae2b-d1ae411abaa2" />
    <UnitTestResult executionId="c0186487-2833-4793-8cc8-7a841b861b23" testId="cde044d0-5222-03c3-4300-2878d47c12a4" testName="SaveProjectAsync_IsAtomic_OriginalIntactOnWriteFailure" computerName="DESKTOP-CVGB6OE" duration="00:00:00.0139120" startTime="2026-09-03T21:57:51.8648072+05:00" endTime="2026-09-03T21:57:51.8787191+05:00" testType="13cdc9d9-ddb5-4fa4-a97d-d965ccfc6d4b" outcome="Passed" testListId="8c84fa94-04c1-424b-9868-57a2d4851a1d" relativeResultsDirectory="c0186487-2833-4793-8cc8-7a841b861b23" />
    <UnitTestResult executionId="34beb5bd-85b8-4430-89f0-84b5ef909d8a" testId="17d8174b-881b-acf6-bbbd-15aa97b401f8" testName="LoadProjectAsync_DoesNotModify_ModifiedDate" computerName="DESKTOP-CVGB6OE" duration="00:00:00.1333870" startTime="2026-09-03T21:57:51.8849167+05:00" endTime="2026-09-03T21:57:52.0183031+05:00" testType="13cdc9d9-ddb5-4fa4-a97d-d965ccfc6d4b" outcome="Passed" testListId="8c84fa94-04c1-424b-9868-57a2d4851a1d" relativeResultsDirectory="34beb5bd-85b8-4430-89f0-84b5ef909d8a" />
    <UnitTestResult executionId="f4bd759d-5dc1-43f6-839f-69381e0272f7" testId="46a40d61-efc3-1931-0d41-b5a0c6239c21" testName="ProjectSaveServiceSource_RejectsViewModelAndWpfReferences" computerName="DESKTOP-CVGB6OE" duration="00:00:00.0035430" startTime="2026-09-03T21:57:53.5036751+05:00" endTime="2026-09-03T21:57:53.5072179+05:00" testType="13cdc9d9-ddb5-4fa4-a97d-d965ccfc6d4b" outcome="Passed" testListId="8c84fa94-04c1-424b-9868-57a2d4851a1d" relativeResultsDirectory="f4bd759d-5dc1-43f6-839f-69381e0272f7" />
    <UnitTestResult executionId="30b56fe9-6b30-4672-bef6-3ff809ae91fd" testId="a00e729d-3465-bc38-16da-698e3d377c21" testName="ToProjectData_NullInputsThrowArgumentNullException" computerName="DESKTOP-CVGB6OE" duration="00:00:00.0107110" startTime="2026-09-03T21:57:53.4771673+05:00" endTime="2026-09-03T21:57:53.4878773+05:00" testType="13cdc9d9-ddb5-4fa4-a97d-d965ccfc6d4b" outcome="Passed" testListId="8c84fa94-04c1-424b-9868-57a2d4851a1d" relativeResultsDirectory="30b56fe9-6b30-4672-bef6-3ff809ae91fd" />
    <UnitTestResult executionId="a258ef70-8aaf-4091-8a71-1df77207ef42" testId="d1c3e3e1-ad6d-8648-3b5a-0ead7ee7c612" testName="Constructor_WhenHydraulicsSnapshotIsNull_ThrowsArgumentNullException" computerName="DESKTOP-CVGB6OE" duration="00:00:00.0007470" startTime="2026-09-03T21:57:53.7327466+05:00" endTime="2026-09-03T21:57:53.7334944+05:00" testType="13cdc9d9-ddb5-4fa4-a97d-d965ccfc6d4b" outcome="Passed" testListId="8c84fa94-04c1-424b-9868-57a2d4851a1d" relativeResultsDirectory="a258ef70-8aaf-4091-8a71-1df77207ef42" />
    <UnitTestResult executionId="9309ec3a-e8fd-46f9-bb29-d0cf7f8a5dbd" testId="dcac4810-d4c0-a033-2e4b-a67f573752e7" testName="Constructor_WhenClimateSnapshotIsNull_ThrowsArgumentNullException" computerName="DESKTOP-CVGB6OE" duration="00:00:00.0018520" startTime="2026-09-03T21:57:53.7116491+05:00" endTime="2026-09-03T21:57:53.7135018+05:00" testType="13cdc9d9-ddb5-4fa4-a97d-d965ccfc6d4b" outcome="Passed" testListId="8c84fa94-04c1-424b-9868-57a2d4851a1d" relativeResultsDirectory="9309ec3a-e8fd-46f9-bb29-d0cf7f8a5dbd" />
    <UnitTestResult executionId="5d60b012-7250-458e-9506-37fed4d2c4c1" testId="99d35de9-d035-b6fb-c557-0c2b4471b5a7" testName="Create_NullInputsThrowArgumentNullException" computerName="DESKTOP-CVGB6OE" duration="00:00:00.0053790" startTime="2026-09-03T21:57:53.7770108+05:00" endTime="2026-09-03T21:57:53.7823897+05:00" testType="13cdc9d9-ddb5-4fa4-a97d-d965ccfc6d4b" outcome="Passed" testListId="8c84fa94-04c1-424b-9868-57a2d4851a1d" relativeResultsDirectory="5d60b012-7250-458e-9506-37fed4d2c4c1" />
    <UnitTestResult executionId="d60b6336-7eff-4f48-ad67-fb5766cf8052" testId="ad95aebd-5a6c-bf14-a10d-3b2b667d3ac3" testName="LoadProjectResultAsync_OnCorruptJson_ReturnsFailureWithDeserializationError" computerName="DESKTOP-CVGB6OE" duration="00:00:01.2742730" startTime="2026-09-03T21:57:52.0767999+05:00" endTime="2026-09-03T21:57:53.3510728+05:00" testType="13cdc9d9-ddb5-4fa4-a97d-d965ccfc6d4b" outcome="Passed" testListId="8c84fa94-04c1-424b-9868-57a2d4851a1d" relativeResultsDirectory="d60b6336-7eff-4f48-ad67-fb5766cf8052" />
    <UnitTestResult executionId="bf9e9715-ea79-451a-9250-f7cb14a390c7" testId="29d826ec-dcf0-8dd5-914e-0ec7e0db9f89" testName="PublicProperties_ExcludeLifecycleRuntimeUiAndDateNames" computerName="DESKTOP-CVGB6OE" duration="00:00:00.0024550" startTime="2026-09-03T21:57:53.7599903+05:00" endTime="2026-09-03T21:57:53.7624469+05:00" testType="13cdc9d9-ddb5-4fa4-a97d-d965ccfc6d4b" outcome="Passed" testListId="8c84fa94-04c1-424b-9868-57a2d4851a1d" relativeResultsDirectory="bf9e9715-ea79-451a-9250-f7cb14a390c7" />
    <UnitTestResult executionId="0469fd82-98f4-487a-a67a-ab54895d6a62" testId="f5c0f645-bf53-67c5-e4bd-f6b72da18bf1" testName="Constructor_WhenProjectObjectIsNull_ThrowsArgumentNullException" computerName="DESKTOP-CVGB6OE" duration="00:00:00.0006960" startTime="2026-09-03T21:57:53.7429784+05:00" endTime="2026-09-03T21:57:53.7436751+05:00" testType="13cdc9d9-ddb5-4fa4-a97d-d965ccfc6d4b" outcome="Passed" testListId="8c84fa94-04c1-424b-9868-57a2d4851a1d" relativeResultsDirectory="0469fd82-98f4-487a-a67a-ab54895d6a62" />
    <UnitTestResult executionId="27cb7128-c624-46a4-8d57-9aa109b6b423" testId="f8e5e3b7-eba4-997f-3082-7704a93ee90c" testName="Constructor_WhenProjectNumberIsNull_ThrowsArgumentNullException" computerName="DESKTOP-CVGB6OE" duration="00:00:00.0027789" startTime="2026-09-03T21:57:53.7384625+05:00" endTime="2026-09-03T21:57:53.7412420+05:00" testType="13cdc9d9-ddb5-4fa4-a97d-d965ccfc6d4b" outcome="Passed" testListId="8c84fa94-04c1-424b-9868-57a2d4851a1d" relativeResultsDirectory="27cb7128-c624-46a4-8d57-9aa109b6b423" />
  </Results>
  <TestDefinitions>
    <UnitTest name="PublicProperties_AllContractTypes_AreGetOnly" storage="d:\ia\ace — копия\tests\snowmeltingcalculator.tests\bin\debug\net8.0-windows\snowmeltingcalculator.tests.dll" id="92cd1e7f-966d-8728-0428-e56baee9d3c1">
      <Execution id="3d9c4f87-84cf-40d4-ad52-164d784fb218" />
      <TestMethod codeBase="D:\IA\ace — копия\tests\SnowMeltingCalculator.Tests\bin\Debug\net8.0-windows\SnowMeltingCalculator.Tests.dll" adapterTypeName="executor://nunit3testexecutor/" className="SnowMeltingCalculator.Tests.Services.Project.ProjectSnapshotContractTests" name="PublicProperties_AllContractTypes_AreGetOnly" />
    </UnitTest>
    <UnitTest name="ToProjectData_DoesNotCarryCustomCatalogs_Dec006" storage="d:\ia\ace — копия\tests\snowmeltingcalculator.tests\bin\debug\net8.0-windows\snowmeltingcalculator.tests.dll" id="4b3249d0-93ed-a022-5d07-898b0291edc4">
      <Execution id="0b587c6d-6178-4884-912c-fd93e1a911da" />
      <TestMethod codeBase="D:\IA\ace — копия\tests\SnowMeltingCalculator.Tests\bin\Debug\net8.0-windows\SnowMeltingCalculator.Tests.dll" adapterTypeName="executor://nunit3testexecutor/" className="SnowMeltingCalculator.Tests.Services.Project.ProjectPersistenceMapperTests" name="ToProjectData_DoesNotCarryCustomCatalogs_Dec006" />
    </UnitTest>
    <UnitTest name="Constructor_WhenClimateSnapshotIsNull_ThrowsArgumentNullException" storage="d:\ia\ace — копия\tests\snowmeltingcalculator.tests\bin\debug\net8.0-windows\snowmeltingcalculator.tests.dll" id="dcac4810-d4c0-a033-2e4b-a67f573752e7">
      <Execution id="9309ec3a-e8fd-46f9-bb29-d0cf7f8a5dbd" />
      <TestMethod codeBase="D:\IA\ace — копия\tests\SnowMeltingCalculator.Tests\bin\Debug\net8.0-windows\SnowMeltingCalculator.Tests.dll" adapterTypeName="executor://nunit3testexecutor/" className="SnowMeltingCalculator.Tests.Services.Project.ProjectSnapshotContractTests" name="Constructor_WhenClimateSnapshotIsNull_ThrowsArgumentNullException" />
    </UnitTest>
    <UnitTest name="SaveProjectAsync_IsAtomic_OriginalIntactOnWriteFailure" storage="d:\ia\ace — копия\tests\snowmeltingcalculator.tests\bin\debug\net8.0-windows\snowmeltingcalculator.tests.dll" id="cde044d0-5222-03c3-4300-2878d47c12a4">
      <Execution id="c0186487-2833-4793-8cc8-7a841b861b23" />
      <TestMethod codeBase="D:\IA\ace — копия\tests\SnowMeltingCalculator.Tests\bin\Debug\net8.0-windows\SnowMeltingCalculator.Tests.dll" adapterTypeName="executor://nunit3testexecutor/" className="SnowMeltingCalculator.Tests.Services.Project.ProjectFileServiceAtomicityTests" name="SaveProjectAsync_IsAtomic_OriginalIntactOnWriteFailure" />
    </UnitTest>
    <UnitTest name="PublicProperties_ExcludeLifecycleRuntimeUiAndDateNames" storage="d:\ia\ace — копия\tests\snowmeltingcalculator.tests\bin\debug\net8.0-windows\snowmeltingcalculator.tests.dll" id="29d826ec-dcf0-8dd5-914e-0ec7e0db9f89">
      <Execution id="bf9e9715-ea79-451a-9250-f7cb14a390c7" />
      <TestMethod codeBase="D:\IA\ace — копия\tests\SnowMeltingCalculator.Tests\bin\Debug\net8.0-windows\SnowMeltingCalculator.Tests.dll" adapterTypeName="executor://nunit3testexecutor/" className="SnowMeltingCalculator.Tests.Services.Project.ProjectSnapshotContractTests" name="PublicProperties_ExcludeLifecycleRuntimeUiAndDateNames" />
    </UnitTest>
    <UnitTest name="SaveAsync_PassesCancellationTokenUnchanged" storage="d:\ia\ace — копия\tests\snowmeltingcalculator.tests\bin\debug\net8.0-windows\snowmeltingcalculator.tests.dll" id="2028b32f-4b49-3551-0e23-3c2e0c410193">
      <Execution id="2b62bacb-187f-4c40-be22-61a4ab128a84" />
      <TestMethod codeBase="D:\IA\ace — копия\tests\SnowMeltingCalculator.Tests\bin\Debug\net8.0-windows\SnowMeltingCalculator.Tests.dll" adapterTypeName="executor://nunit3testexecutor/" className="SnowMeltingCalculator.Tests.Services.Project.ProjectSaveServiceTests" name="SaveAsync_PassesCancellationTokenUnchanged" />
    </UnitTest>
    <UnitTest name="ProjectSaveServiceSource_RejectsViewModelAndWpfReferences" storage="d:\ia\ace — копия\tests\snowmeltingcalculator.tests\bin\debug\net8.0-windows\snowmeltingcalculator.tests.dll" id="46a40d61-efc3-1931-0d41-b5a0c6239c21">
      <Execution id="f4bd759d-5dc1-43f6-839f-69381e0272f7" />
      <TestMethod codeBase="D:\IA\ace — копия\tests\SnowMeltingCalculator.Tests\bin\Debug\net8.0-windows\SnowMeltingCalculator.Tests.dll" adapterTypeName="executor://nunit3testexecutor/" className="SnowMeltingCalculator.Tests.Services.Project.ProjectSaveServiceTests" name="ProjectSaveServiceSource_RejectsViewModelAndWpfReferences" />
    </UnitTest>
    <UnitTest name="SaveAsync_WithValidSession_MapsSnapshotFieldsAndCallsServicesExactlyOnce" storage="d:\ia\ace — копия\tests\snowmeltingcalculator.tests\bin\debug\net8.0-windows\snowmeltingcalculator.tests.dll" id="18d8f9d3-fd7f-59ac-688c-9e31e5755e59">
      <Execution id="466b4d83-95bc-4c4f-ace1-6486a9cbc161" />
      <TestMethod codeBase="D:\IA\ace — копия\tests\SnowMeltingCalculator.Tests\bin\Debug\net8.0-windows\SnowMeltingCalculator.Tests.dll" adapterTypeName="executor://nunit3testexecutor/" className="SnowMeltingCalculator.Tests.Services.Project.ProjectSaveServiceTests" name="SaveAsync_WithValidSession_MapsSnapshotFieldsAndCallsServicesExactlyOnce" />
    </UnitTest>
    <UnitTest name="Constructor_WhenConstructionSnapshotIsNull_ThrowsArgumentNullException" storage="d:\ia\ace — копия\tests\snowmeltingcalculator.tests\bin\debug\net8.0-windows\snowmeltingcalculator.tests.dll" id="88d17405-1c70-8b83-459e-18edac35ba42">
      <Execution id="d04e7e71-96ea-44fb-886c-805cd69232aa" />
      <TestMethod codeBase="D:\IA\ace — копия\tests\SnowMeltingCalculator.Tests\bin\Debug\net8.0-windows\SnowMeltingCalculator.Tests.dll" adapterTypeName="executor://nunit3testexecutor/" className="SnowMeltingCalculator.Tests.Services.Project.ProjectSnapshotContractTests" name="Constructor_WhenConstructionSnapshotIsNull_ThrowsArgumentNullException" />
    </UnitTest>
    <UnitTest name="LoadProjectAsync_DoesNotModify_ModifiedDate" storage="d:\ia\ace — копия\tests\snowmeltingcalculator.tests\bin\debug\net8.0-windows\snowmeltingcalculator.tests.dll" id="17d8174b-881b-acf6-bbbd-15aa97b401f8">
      <Execution id="34beb5bd-85b8-4430-89f0-84b5ef909d8a" />
      <TestMethod codeBase="D:\IA\ace — копия\tests\SnowMeltingCalculator.Tests\bin\Debug\net8.0-windows\SnowMeltingCalculator.Tests.dll" adapterTypeName="executor://nunit3testexecutor/" className="SnowMeltingCalculator.Tests.Services.Project.ProjectFileServiceMutationTests" name="LoadProjectAsync_DoesNotModify_ModifiedDate" />
    </UnitTest>
    <UnitTest name="SaveProjectAsync_TempFileCleanedUpOnFailure" storage="d:\ia\ace — копия\tests\snowmeltingcalculator.tests\bin\debug\net8.0-windows\snowmeltingcalculator.tests.dll" id="503e8436-c5cb-bbeb-57b5-ce0f62b74129">
      <Execution id="cf2003f3-b1d2-48c1-a0fe-ca8ca66eb727" />
      <TestMethod codeBase="D:\IA\ace — копия\tests\SnowMeltingCalculator.Tests\bin\Debug\net8.0-windows\SnowMeltingCalculator.Tests.dll" adapterTypeName="executor://nunit3testexecutor/" className="SnowMeltingCalculator.Tests.Services.Project.ProjectFileServiceAtomicityTests" name="SaveProjectAsync_TempFileCleanedUpOnFailure" />
    </UnitTest>
    <UnitTest name="Create_ReadsEachCanonicalSessionValueOnce_AndCarriesNoCatalogs" storage="d:\ia\ace — копия\tests\snowmeltingcalculator.tests\bin\debug\net8.0-windows\snowmeltingcalculator.tests.dll" id="3d9c14ce-b19a-f8d2-3b1f-616dce7292c4">
      <Execution id="3ab5707a-9908-47dd-a1e6-032aba1871c2" />
      <TestMethod codeBase="D:\IA\ace — копия\tests\SnowMeltingCalculator.Tests\bin\Debug\net8.0-windows\SnowMeltingCalculator.Tests.dll" adapterTypeName="executor://nunit3testexecutor/" className="SnowMeltingCalculator.Tests.Services.Project.ProjectSnapshotFactoryTests" name="Create_ReadsEachCanonicalSessionValueOnce_AndCarriesNoCatalogs" />
    </UnitTest>
    <UnitTest name="ModuleProperties_UseExactlyTheFourCanonicalSnapshotTypes" storage="d:\ia\ace — копия\tests\snowmeltingcalculator.tests\bin\debug\net8.0-windows\snowmeltingcalculator.tests.dll" id="41070d33-f9d3-73ee-5816-134df90c7486">
      <Execution id="b4b83358-b7d6-4d92-8750-fc22cc767ae0" />
      <TestMethod codeBase="D:\IA\ace — копия\tests\SnowMeltingCalculator.Tests\bin\Debug\net8.0-windows\SnowMeltingCalculator.Tests.dll" adapterTypeName="executor://nunit3testexecutor/" className="SnowMeltingCalculator.Tests.Services.Project.ProjectSnapshotContractTests" name="ModuleProperties_UseExactlyTheFourCanonicalSnapshotTypes" />
    </UnitTest>
    <UnitTest name="PublicPropertyTypes_DoNotReferenceViewModelsOrWpf" storage="d:\ia\ace — копия\tests\snowmeltingcalculator.tests\bin\debug\net8.0-windows\snowmeltingcalculator.tests.dll" id="5fc2f97e-457a-2a6b-e4a8-4497307ff2ff">
      <Execution id="2aee7866-6686-4ca8-8b6f-a929e6628127" />
      <TestMethod codeBase="D:\IA\ace — копия\tests\SnowMeltingCalculator.Tests\bin\Debug\net8.0-windows\SnowMeltingCalculator.Tests.dll" adapterTypeName="executor://nunit3testexecutor/" className="SnowMeltingCalculator.Tests.Services.Project.ProjectSnapshotContractTests" name="PublicPropertyTypes_DoNotReferenceViewModelsOrWpf" />
    </UnitTest>
    <UnitTest name="SaveProjectAsync_DoesNotModify_ModifiedDate" storage="d:\ia\ace — копия\tests\snowmeltingcalculator.tests\bin\debug\net8.0-windows\snowmeltingcalculator.tests.dll" id="c6c8ceb6-1244-965a-e979-d04b41e2075d">
      <Execution id="f8e932d3-d98c-49bc-928b-16bf7f0065c3" />
      <TestMethod codeBase="D:\IA\ace — копия\tests\SnowMeltingCalculator.Tests\bin\Debug\net8.0-windows\SnowMeltingCalculator.Tests.dll" adapterTypeName="executor://nunit3testexecutor/" className="SnowMeltingCalculator.Tests.Services.Project.ProjectFileServiceMutationTests" name="SaveProjectAsync_DoesNotModify_ModifiedDate" />
    </UnitTest>
    <UnitTest name="ProjectSnapshot_IsSealedWithoutWritableStateOrLifecycleMutators" storage="d:\ia\ace — копия\tests\snowmeltingcalculator.tests\bin\debug\net8.0-windows\snowmeltingcalculator.tests.dll" id="f19f63bc-e477-86af-9d8c-4904b2afc898">
      <Execution id="bc21b57b-3d7a-4eb6-9c00-06f539fdb4b5" />
      <TestMethod codeBase="D:\IA\ace — копия\tests\SnowMeltingCalculator.Tests\bin\Debug\net8.0-windows\SnowMeltingCalculator.Tests.dll" adapterTypeName="executor://nunit3testexecutor/" className="SnowMeltingCalculator.Tests.Services.Project.ProjectSnapshotContractTests" name="ProjectSnapshot_IsSealedWithoutWritableStateOrLifecycleMutators" />
    </UnitTest>
    <UnitTest name="Create_ToProjectData_HashPinStaysStable_AcrossCatalogEmbeddingRemoval" storage="d:\ia\ace — копия\tests\snowmeltingcalculator.tests\bin\debug\net8.0-windows\snowmeltingcalculator.tests.dll" id="97082c05-9866-a4cc-8742-0322156d0f4d">
      <Execution id="8656aed3-e706-4200-9fe0-4ef0ca9bff13" />
      <TestMethod codeBase="D:\IA\ace — копия\tests\SnowMeltingCalculator.Tests\bin\Debug\net8.0-windows\SnowMeltingCalculator.Tests.dll" adapterTypeName="executor://nunit3testexecutor/" className="SnowMeltingCalculator.Tests.Services.Project.ProjectSnapshotFactoryTests" name="Create_ToProjectData_HashPinStaysStable_AcrossCatalogEmbeddingRemoval" />
    </UnitTest>
    <UnitTest name="ProjectSnapshot_CarriesNoCustomCatalogMembers" storage="d:\ia\ace — копия\tests\snowmeltingcalculator.tests\bin\debug\net8.0-windows\snowmeltingcalculator.tests.dll" id="2c733f8b-12d0-d590-f36f-1b0d035bbf3e">
      <Execution id="e7c00a58-dbdc-4587-9866-072fec015100" />
      <TestMethod codeBase="D:\IA\ace — копия\tests\SnowMeltingCalculator.Tests\bin\Debug\net8.0-windows\SnowMeltingCalculator.Tests.dll" adapterTypeName="executor://nunit3testexecutor/" className="SnowMeltingCalculator.Tests.Services.Project.ProjectSnapshotContractTests" name="ProjectSnapshot_CarriesNoCustomCatalogMembers" />
    </UnitTest>
    <UnitTest name="Constructor_WhenProjectNumberIsNull_ThrowsArgumentNullException" storage="d:\ia\ace — копия\tests\snowmeltingcalculator.tests\bin\debug\net8.0-windows\snowmeltingcalculator.tests.dll" id="f8e5e3b7-eba4-997f-3082-7704a93ee90c">
      <Execution id="27cb7128-c624-46a4-8d57-9aa109b6b423" />
      <TestMethod codeBase="D:\IA\ace — копия\tests\SnowMeltingCalculator.Tests\bin\Debug\net8.0-windows\SnowMeltingCalculator.Tests.dll" adapterTypeName="executor://nunit3testexecutor/" className="SnowMeltingCalculator.Tests.Services.Project.ProjectSnapshotContractTests" name="Constructor_WhenProjectNumberIsNull_ThrowsArgumentNullException" />
    </UnitTest>
    <UnitTest name="SaveProjectAsync_CreatesBackup_BakExistsAfterSave" storage="d:\ia\ace — копия\tests\snowmeltingcalculator.tests\bin\debug\net8.0-windows\snowmeltingcalculator.tests.dll" id="a1d7f605-d220-eced-e4a5-3b8ba6eddaa7">
      <Execution id="22d834a3-f208-4afa-b4ef-716419607e06" />
      <TestMethod codeBase="D:\IA\ace — копия\tests\SnowMeltingCalculator.Tests\bin\Debug\net8.0-windows\SnowMeltingCalculator.Tests.dll" adapterTypeName="executor://nunit3testexecutor/" className="SnowMeltingCalculator.Tests.Services.Project.ProjectFileServiceAtomicityTests" name="SaveProjectAsync_CreatesBackup_BakExistsAfterSave" />
    </UnitTest>
    <UnitTest name="SaveToFileSourceSlice_RejectsSaveCurrentProject" storage="d:\ia\ace — копия\tests\snowmeltingcalculator.tests\bin\debug\net8.0-windows\snowmeltingcalculator.tests.dll" id="96333010-c421-cf78-6774-413dc7fa01e8">
      <Execution id="b3738731-3c34-4a55-a2cd-2947af7321d3" />
      <TestMethod codeBase="D:\IA\ace — копия\tests\SnowMeltingCalculator.Tests\bin\Debug\net8.0-windows\SnowMeltingCalculator.Tests.dll" adapterTypeName="executor://nunit3testexecutor/" className="SnowMeltingCalculator.Tests.Services.Project.ProjectSaveServiceTests" name="SaveToFileSourceSlice_RejectsSaveCurrentProject" />
    </UnitTest>
    <UnitTest name="SaveAsync_WhenFileServiceThrows_ExceptionPropagates" storage="d:\ia\ace — копия\tests\snowmeltingcalculator.tests\bin\debug\net8.0-windows\snowmeltingcalculator.tests.dll" id="48e23a5f-15b9-dd2f-b242-e972ab9a37a9">
      <Execution id="dcaa9e6e-a08b-48a4-86e3-270bd8b39f67" />
      <TestMethod codeBase="D:\IA\ace — копия\tests\SnowMeltingCalculator.Tests\bin\Debug\net8.0-windows\SnowMeltingCalculator.Tests.dll" adapterTypeName="executor://nunit3testexecutor/" className="SnowMeltingCalculator.Tests.Services.Project.ProjectSaveServiceTests" name="SaveAsync_WhenFileServiceThrows_ExceptionPropagates" />
    </UnitTest>
    <UnitTest name="SaveProjectResultAsync_OnSuccess_ReturnsSuccessWithNullValue" storage="d:\ia\ace — копия\tests\snowmeltingcalculator.tests\bin\debug\net8.0-windows\snowmeltingcalculator.tests.dll" id="783e597a-0b6f-6c91-9ab9-120cb2a65f74">
      <Execution id="43de837d-5d20-47c2-8aed-75243b5f6d91" />
      <TestMethod codeBase="D:\IA\ace — копия\tests\SnowMeltingCalculator.Tests\bin\Debug\net8.0-windows\SnowMeltingCalculator.Tests.dll" adapterTypeName="executor://nunit3testexecutor/" className="SnowMeltingCalculator.Tests.Services.Project.ProjectFileServiceResultTests" name="SaveProjectResultAsync_OnSuccess_ReturnsSuccessWithNullValue" />
    </UnitTest>
    <UnitTest name="LoadProjectResultAsync_OnCorruptJson_ReturnsFailureWithDeserializationError" storage="d:\ia\ace — копия\tests\snowmeltingcalculator.tests\bin\debug\net8.0-windows\snowmeltingcalculator.tests.dll" id="ad95aebd-5a6c-bf14-a10d-3b2b667d3ac3">
      <Execution id="d60b6336-7eff-4f48-ad67-fb5766cf8052" />
      <TestMethod codeBase="D:\IA\ace — копия\tests\SnowMeltingCalculator.Tests\bin\Debug\net8.0-windows\SnowMeltingCalculator.Tests.dll" adapterTypeName="executor://nunit3testexecutor/" className="SnowMeltingCalculator.Tests.Services.Project.ProjectFileServiceResultTests" name="LoadProjectResultAsync_OnCorruptJson_ReturnsFailureWithDeserializationError" />
    </UnitTest>
    <UnitTest name="Constructor_WhenProjectObjectIsNull_ThrowsArgumentNullException" storage="d:\ia\ace — копия\tests\snowmeltingcalculator.tests\bin\debug\net8.0-windows\snowmeltingcalculator.tests.dll" id="f5c0f645-bf53-67c5-e4bd-f6b72da18bf1">
      <Execution id="0469fd82-98f4-487a-a67a-ab54895d6a62" />
      <TestMethod codeBase="D:\IA\ace — копия\tests\SnowMeltingCalculator.Tests\bin\Debug\net8.0-windows\SnowMeltingCalculator.Tests.dll" adapterTypeName="executor://nunit3testexecutor/" className="SnowMeltingCalculator.Tests.Services.Project.ProjectSnapshotContractTests" name="Constructor_WhenProjectObjectIsNull_ThrowsArgumentNullException" />
    </UnitTest>
    <UnitTest name="ToProjectData_SerializedWireNamesAndEnumValuesMatchLiveOptions" storage="d:\ia\ace — копия\tests\snowmeltingcalculator.tests\bin\debug\net8.0-windows\snowmeltingcalculator.tests.dll" id="bc9764a0-6907-5e6b-070f-cf5f5445db03">
      <Execution id="5092624d-90f2-4dd3-a1b4-bc2a9214cd38" />
      <TestMethod codeBase="D:\IA\ace — копия\tests\SnowMeltingCalculator.Tests\bin\Debug\net8.0-windows\SnowMeltingCalculator.Tests.dll" adapterTypeName="executor://nunit3testexecutor/" className="SnowMeltingCalculator.Tests.Services.Project.ProjectPersistenceMapperTests" name="ToProjectData_SerializedWireNamesAndEnumValuesMatchLiveOptions" />
    </UnitTest>
    <UnitTest name="ToProjectData_FirstSaveUsesNowForCreatedAndModified" storage="d:\ia\ace — копия\tests\snowmeltingcalculator.tests\bin\debug\net8.0-windows\snowmeltingcalculator.tests.dll" id="78db7307-1fde-2cd1-845b-3bc4d2781498">
      <Execution id="77112e35-52d7-4f20-a241-8b448a1eace2" />
      <TestMethod codeBase="D:\IA\ace — копия\tests\SnowMeltingCalculator.Tests\bin\Debug\net8.0-windows\SnowMeltingCalculator.Tests.dll" adapterTypeName="executor://nunit3testexecutor/" className="SnowMeltingCalculator.Tests.Services.Project.ProjectPersistenceMapperTests" name="ToProjectData_FirstSaveUsesNowForCreatedAndModified" />
    </UnitTest>
    <UnitTest name="Constructor_WhenThermalSnapshotIsNull_ThrowsArgumentNullException" storage="d:\ia\ace — копия\tests\snowmeltingcalculator.tests\bin\debug\net8.0-windows\snowmeltingcalculator.tests.dll" id="b6a772bf-c99b-8545-b031-e3fcdbc136d8">
      <Execution id="6d7d2286-d546-4aab-b94b-3c0c715dd291" />
      <TestMethod codeBase="D:\IA\ace — копия\tests\SnowMeltingCalculator.Tests\bin\Debug\net8.0-windows\SnowMeltingCalculator.Tests.dll" adapterTypeName="executor://nunit3testexecutor/" className="SnowMeltingCalculator.Tests.Services.Project.ProjectSnapshotContractTests" name="Constructor_WhenThermalSnapshotIsNull_ThrowsArgumentNullException" />
    </UnitTest>
    <UnitTest name="SaveAsync_WhenFileServiceReturnsFailure_ReturnsOperationResultUnchanged" storage="d:\ia\ace — копия\tests\snowmeltingcalculator.tests\bin\debug\net8.0-windows\snowmeltingcalculator.tests.dll" id="189095cd-1474-7ea8-12a7-a0d7fe681a4d">
      <Execution id="92b90b48-659b-4bbd-901a-8d4d629a6252" />
      <TestMethod codeBase="D:\IA\ace — копия\tests\SnowMeltingCalculator.Tests\bin\Debug\net8.0-windows\SnowMeltingCalculator.Tests.dll" adapterTypeName="executor://nunit3testexecutor/" className="SnowMeltingCalculator.Tests.Services.Project.ProjectSaveServiceTests" name="SaveAsync_WhenFileServiceReturnsFailure_ReturnsOperationResultUnchanged" />
    </UnitTest>
    <UnitTest name="Constructor_WhenHydraulicsSnapshotIsNull_ThrowsArgumentNullException" storage="d:\ia\ace — копия\tests\snowmeltingcalculator.tests\bin\debug\net8.0-windows\snowmeltingcalculator.tests.dll" id="d1c3e3e1-ad6d-8648-3b5a-0ead7ee7c612">
      <Execution id="a258ef70-8aaf-4091-8a71-1df77207ef42" />
      <TestMethod codeBase="D:\IA\ace — копия\tests\SnowMeltingCalculator.Tests\bin\Debug\net8.0-windows\SnowMeltingCalculator.Tests.dll" adapterTypeName="executor://nunit3testexecutor/" className="SnowMeltingCalculator.Tests.Services.Project.ProjectSnapshotContractTests" name="Constructor_WhenHydraulicsSnapshotIsNull_ThrowsArgumentNullException" />
    </UnitTest>
    <UnitTest name="ToProjectData_NullInputsThrowArgumentNullException" storage="d:\ia\ace — копия\tests\snowmeltingcalculator.tests\bin\debug\net8.0-windows\snowmeltingcalculator.tests.dll" id="a00e729d-3465-bc38-16da-698e3d377c21">
      <Execution id="30b56fe9-6b30-4672-bef6-3ff809ae91fd" />
      <TestMethod codeBase="D:\IA\ace — копия\tests\SnowMeltingCalculator.Tests\bin\Debug\net8.0-windows\SnowMeltingCalculator.Tests.dll" adapterTypeName="executor://nunit3testexecutor/" className="SnowMeltingCalculator.Tests.Services.Project.ProjectPersistenceMapperTests" name="ToProjectData_NullInputsThrowArgumentNullException" />
    </UnitTest>
    <UnitTest name="ToProjectData_MapsLifecycleDatesAndAllFourModules" storage="d:\ia\ace — копия\tests\snowmeltingcalculator.tests\bin\debug\net8.0-windows\snowmeltingcalculator.tests.dll" id="ca4d7a78-89aa-a700-ff32-15b283377975">
      <Execution id="a27bb5f0-8890-4581-acfd-962c2fc3aa8e" />
      <TestMethod codeBase="D:\IA\ace — копия\tests\SnowMeltingCalculator.Tests\bin\Debug\net8.0-windows\SnowMeltingCalculator.Tests.dll" adapterTypeName="executor://nunit3testexecutor/" className="SnowMeltingCalculator.Tests.Services.Project.ProjectPersistenceMapperTests" name="ToProjectData_MapsLifecycleDatesAndAllFourModules" />
    </UnitTest>
    <UnitTest name="LoadProjectResultAsync_OnMissingFile_ReturnsFailureWithFileNotFound" storage="d:\ia\ace — копия\tests\snowmeltingcalculator.tests\bin\debug\net8.0-windows\snowmeltingcalculator.tests.dll" id="2b05453e-9f01-7f4d-2533-4327c72663ac">
      <Execution id="e5e2e171-a5cc-4822-8019-bf42c39ec424" />
      <TestMethod codeBase="D:\IA\ace — копия\tests\SnowMeltingCalculator.Tests\bin\Debug\net8.0-windows\SnowMeltingCalculator.Tests.dll" adapterTypeName="executor://nunit3testexecutor/" className="SnowMeltingCalculator.Tests.Services.Project.ProjectFileServiceResultTests" name="LoadProjectResultAsync_OnMissingFile_ReturnsFailureWithFileNotFound" />
    </UnitTest>
    <UnitTest name="Constructor_StoresIdentityModeAndCanonicalSnapshotsAsProvided" storage="d:\ia\ace — копия\tests\snowmeltingcalculator.tests\bin\debug\net8.0-windows\snowmeltingcalculator.tests.dll" id="6ce59866-c4e9-07a1-2003-c04de5fba8a5">
      <Execution id="1dafbc19-27b0-4213-ae2b-d1ae411abaa2" />
      <TestMethod codeBase="D:\IA\ace — копия\tests\SnowMeltingCalculator.Tests\bin\Debug\net8.0-windows\SnowMeltingCalculator.Tests.dll" adapterTypeName="executor://nunit3testexecutor/" className="SnowMeltingCalculator.Tests.Services.Project.ProjectSnapshotContractTests" name="Constructor_StoresIdentityModeAndCanonicalSnapshotsAsProvided" />
    </UnitTest>
    <UnitTest name="SaveAndLoadProjectResult_RoundTripsCollectorAndCircuitResults" storage="d:\ia\ace — копия\tests\snowmeltingcalculator.tests\bin\debug\net8.0-windows\snowmeltingcalculator.tests.dll" id="034cd34c-651f-8180-75a4-3d52bf3a4125">
      <Execution id="21ab053e-bdb7-4b00-8121-f6a7ae3f273d" />
      <TestMethod codeBase="D:\IA\ace — копия\tests\SnowMeltingCalculator.Tests\bin\Debug\net8.0-windows\SnowMeltingCalculator.Tests.dll" adapterTypeName="executor://nunit3testexecutor/" className="SnowMeltingCalculator.Tests.Services.Project.ProjectFileServiceResultTests" name="SaveAndLoadProjectResult_RoundTripsCollectorAndCircuitResults" />
    </UnitTest>
    <UnitTest name="Create_NullInputsThrowArgumentNullException" storage="d:\ia\ace — копия\tests\snowmeltingcalculator.tests\bin\debug\net8.0-windows\snowmeltingcalculator.tests.dll" id="99d35de9-d035-b6fb-c557-0c2b4471b5a7">
      <Execution id="5d60b012-7250-458e-9506-37fed4d2c4c1" />
      <TestMethod codeBase="D:\IA\ace — копия\tests\SnowMeltingCalculator.Tests\bin\Debug\net8.0-windows\SnowMeltingCalculator.Tests.dll" adapterTypeName="executor://nunit3testexecutor/" className="SnowMeltingCalculator.Tests.Services.Project.ProjectSnapshotFactoryTests" name="Create_NullInputsThrowArgumentNullException" />
    </UnitTest>
    <UnitTest name="SaveProjectResultAsync_OnIoFailure_ReturnsFailureWithMessage" storage="d:\ia\ace — копия\tests\snowmeltingcalculator.tests\bin\debug\net8.0-windows\snowmeltingcalculator.tests.dll" id="f3a14943-9aee-2e01-8f45-d8d084836b6b">
      <Execution id="84961271-b37b-4927-9ad5-23c72177c250" />
      <TestMethod codeBase="D:\IA\ace — копия\tests\SnowMeltingCalculator.Tests\bin\Debug\net8.0-windows\SnowMeltingCalculator.Tests.dll" adapterTypeName="executor://nunit3testexecutor/" className="SnowMeltingCalculator.Tests.Services.Project.ProjectFileServiceResultTests" name="SaveProjectResultAsync_OnIoFailure_ReturnsFailureWithMessage" />
    </UnitTest>
  </TestDefinitions>
  <TestEntries>
    <TestEntry testId="48e23a5f-15b9-dd2f-b242-e972ab9a37a9" executionId="dcaa9e6e-a08b-48a4-86e3-270bd8b39f67" testListId="8c84fa94-04c1-424b-9868-57a2d4851a1d" />
    <TestEntry testId="2028b32f-4b49-3551-0e23-3c2e0c410193" executionId="2b62bacb-187f-4c40-be22-61a4ab128a84" testListId="8c84fa94-04c1-424b-9868-57a2d4851a1d" />
    <TestEntry testId="b6a772bf-c99b-8545-b031-e3fcdbc136d8" executionId="6d7d2286-d546-4aab-b94b-3c0c715dd291" testListId="8c84fa94-04c1-424b-9868-57a2d4851a1d" />
    <TestEntry testId="2b05453e-9f01-7f4d-2533-4327c72663ac" executionId="e5e2e171-a5cc-4822-8019-bf42c39ec424" testListId="8c84fa94-04c1-424b-9868-57a2d4851a1d" />
    <TestEntry testId="97082c05-9866-a4cc-8742-0322156d0f4d" executionId="8656aed3-e706-4200-9fe0-4ef0ca9bff13" testListId="8c84fa94-04c1-424b-9868-57a2d4851a1d" />
    <TestEntry testId="41070d33-f9d3-73ee-5816-134df90c7486" executionId="b4b83358-b7d6-4d92-8750-fc22cc767ae0" testListId="8c84fa94-04c1-424b-9868-57a2d4851a1d" />
    <TestEntry testId="034cd34c-651f-8180-75a4-3d52bf3a4125" executionId="21ab053e-bdb7-4b00-8121-f6a7ae3f273d" testListId="8c84fa94-04c1-424b-9868-57a2d4851a1d" />
    <TestEntry testId="3d9c14ce-b19a-f8d2-3b1f-616dce7292c4" executionId="3ab5707a-9908-47dd-a1e6-032aba1871c2" testListId="8c84fa94-04c1-424b-9868-57a2d4851a1d" />
    <TestEntry testId="2c733f8b-12d0-d590-f36f-1b0d035bbf3e" executionId="e7c00a58-dbdc-4587-9866-072fec015100" testListId="8c84fa94-04c1-424b-9868-57a2d4851a1d" />
    <TestEntry testId="92cd1e7f-966d-8728-0428-e56baee9d3c1" executionId="3d9c4f87-84cf-40d4-ad52-164d784fb218" testListId="8c84fa94-04c1-424b-9868-57a2d4851a1d" />
    <TestEntry testId="503e8436-c5cb-bbeb-57b5-ce0f62b74129" executionId="cf2003f3-b1d2-48c1-a0fe-ca8ca66eb727" testListId="8c84fa94-04c1-424b-9868-57a2d4851a1d" />
    <TestEntry testId="f3a14943-9aee-2e01-8f45-d8d084836b6b" executionId="84961271-b37b-4927-9ad5-23c72177c250" testListId="8c84fa94-04c1-424b-9868-57a2d4851a1d" />
    <TestEntry testId="a1d7f605-d220-eced-e4a5-3b8ba6eddaa7" executionId="22d834a3-f208-4afa-b4ef-716419607e06" testListId="8c84fa94-04c1-424b-9868-57a2d4851a1d" />
    <TestEntry testId="c6c8ceb6-1244-965a-e979-d04b41e2075d" executionId="f8e932d3-d98c-49bc-928b-16bf7f0065c3" testListId="8c84fa94-04c1-424b-9868-57a2d4851a1d" />
    <TestEntry testId="bc9764a0-6907-5e6b-070f-cf5f5445db03" executionId="5092624d-90f2-4dd3-a1b4-bc2a9214cd38" testListId="8c84fa94-04c1-424b-9868-57a2d4851a1d" />
    <TestEntry testId="189095cd-1474-7ea8-12a7-a0d7fe681a4d" executionId="92b90b48-659b-4bbd-901a-8d4d629a6252" testListId="8c84fa94-04c1-424b-9868-57a2d4851a1d" />
    <TestEntry testId="96333010-c421-cf78-6774-413dc7fa01e8" executionId="b3738731-3c34-4a55-a2cd-2947af7321d3" testListId="8c84fa94-04c1-424b-9868-57a2d4851a1d" />
    <TestEntry testId="78db7307-1fde-2cd1-845b-3bc4d2781498" executionId="77112e35-52d7-4f20-a241-8b448a1eace2" testListId="8c84fa94-04c1-424b-9868-57a2d4851a1d" />
    <TestEntry testId="ca4d7a78-89aa-a700-ff32-15b283377975" executionId="a27bb5f0-8890-4581-acfd-962c2fc3aa8e" testListId="8c84fa94-04c1-424b-9868-57a2d4851a1d" />
    <TestEntry testId="88d17405-1c70-8b83-459e-18edac35ba42" executionId="d04e7e71-96ea-44fb-886c-805cd69232aa" testListId="8c84fa94-04c1-424b-9868-57a2d4851a1d" />
    <TestEntry testId="18d8f9d3-fd7f-59ac-688c-9e31e5755e59" executionId="466b4d83-95bc-4c4f-ace1-6486a9cbc161" testListId="8c84fa94-04c1-424b-9868-57a2d4851a1d" />
    <TestEntry testId="4b3249d0-93ed-a022-5d07-898b0291edc4" executionId="0b587c6d-6178-4884-912c-fd93e1a911da" testListId="8c84fa94-04c1-424b-9868-57a2d4851a1d" />
    <TestEntry testId="f19f63bc-e477-86af-9d8c-4904b2afc898" executionId="bc21b57b-3d7a-4eb6-9c00-06f539fdb4b5" testListId="8c84fa94-04c1-424b-9868-57a2d4851a1d" />
    <TestEntry testId="5fc2f97e-457a-2a6b-e4a8-4497307ff2ff" executionId="2aee7866-6686-4ca8-8b6f-a929e6628127" testListId="8c84fa94-04c1-424b-9868-57a2d4851a1d" />
    <TestEntry testId="783e597a-0b6f-6c91-9ab9-120cb2a65f74" executionId="43de837d-5d20-47c2-8aed-75243b5f6d91" testListId="8c84fa94-04c1-424b-9868-57a2d4851a1d" />
    <TestEntry testId="6ce59866-c4e9-07a1-2003-c04de5fba8a5" executionId="1dafbc19-27b0-4213-ae2b-d1ae411abaa2" testListId="8c84fa94-04c1-424b-9868-57a2d4851a1d" />
    <TestEntry testId="cde044d0-5222-03c3-4300-2878d47c12a4" executionId="c0186487-2833-4793-8cc8-7a841b861b23" testListId="8c84fa94-04c1-424b-9868-57a2d4851a1d" />
    <TestEntry testId="17d8174b-881b-acf6-bbbd-15aa97b401f8" executionId="34beb5bd-85b8-4430-89f0-84b5ef909d8a" testListId="8c84fa94-04c1-424b-9868-57a2d4851a1d" />
    <TestEntry testId="46a40d61-efc3-1931-0d41-b5a0c6239c21" executionId="f4bd759d-5dc1-43f6-839f-69381e0272f7" testListId="8c84fa94-04c1-424b-9868-57a2d4851a1d" />
    <TestEntry testId="a00e729d-3465-bc38-16da-698e3d377c21" executionId="30b56fe9-6b30-4672-bef6-3ff809ae91fd" testListId="8c84fa94-04c1-424b-9868-57a2d4851a1d" />
    <TestEntry testId="d1c3e3e1-ad6d-8648-3b5a-0ead7ee7c612" executionId="a258ef70-8aaf-4091-8a71-1df77207ef42" testListId="8c84fa94-04c1-424b-9868-57a2d4851a1d" />
    <TestEntry testId="dcac4810-d4c0-a033-2e4b-a67f573752e7" executionId="9309ec3a-e8fd-46f9-bb29-d0cf7f8a5dbd" testListId="8c84fa94-04c1-424b-9868-57a2d4851a1d" />
    <TestEntry testId="99d35de9-d035-b6fb-c557-0c2b4471b5a7" executionId="5d60b012-7250-458e-9506-37fed4d2c4c1" testListId="8c84fa94-04c1-424b-9868-57a2d4851a1d" />
    <TestEntry testId="ad95aebd-5a6c-bf14-a10d-3b2b667d3ac3" executionId="d60b6336-7eff-4f48-ad67-fb5766cf8052" testListId="8c84fa94-04c1-424b-9868-57a2d4851a1d" />
    <TestEntry testId="29d826ec-dcf0-8dd5-914e-0ec7e0db9f89" executionId="bf9e9715-ea79-451a-9250-f7cb14a390c7" testListId="8c84fa94-04c1-424b-9868-57a2d4851a1d" />
    <TestEntry testId="f5c0f645-bf53-67c5-e4bd-f6b72da18bf1" executionId="0469fd82-98f4-487a-a67a-ab54895d6a62" testListId="8c84fa94-04c1-424b-9868-57a2d4851a1d" />
    <TestEntry testId="f8e5e3b7-eba4-997f-3082-7704a93ee90c" executionId="27cb7128-c624-46a4-8d57-9aa109b6b423" testListId="8c84fa94-04c1-424b-9868-57a2d4851a1d" />
  </TestEntries>
  <TestLists>
    <TestList name="Список результатов" id="8c84fa94-04c1-424b-9868-57a2d4851a1d" />
    <TestList name="Все загруженные результаты" id="19431567-8539-422a-85d7-44ee4e166bda" />
  </TestLists>
  <ResultSummary outcome="Completed">
    <Counters total="37" executed="37" passed="37" failed="0" error="0" timeout="0" aborted="0" inconclusive="0" passedButRunAborted="0" notRunnable="0" notExecuted="0" disconnected="0" warning="0" completed="0" inProgress="0" pending="0" />
    <Output>
      <StdOut>NUnit Adapter 4.5.0.0: Test execution started&#xD;
Running selected tests in D:\IA\ace — копия\tests\SnowMeltingCalculator.Tests\bin\Debug\net8.0-windows\SnowMeltingCalculator.Tests.dll&#xD;
   NUnit3TestExecutor discovered 37 of 37 NUnit test cases using Current Discovery mode, Non-Explicit run&#xD;
NUnit Adapter 4.5.0.0: Test execution complete&#xD;
</StdOut>
    </Output>
  </ResultSummary>
</TestRun>